[0.017s] Invoking command in '/home/ioon/FRA502-LAB-6619/build/example_description': CMAKE_PREFIX_PATH=${CMAKE_PREFIX_PATH}:/home/ioon/ros2_ws/install/launch_testing_examples:/home/ioon/ros2_ws/install/joystick:/home/ioon/ros2_ws/install/examples_rclpy_pointcloud_publisher:/home/ioon/ros2_ws/install/examples_rclpy_minimal_subscriber:/home/ioon/ros2_ws/install/examples_rclpy_minimal_service:/home/ioon/ros2_ws/install/examples_rclpy_minimal_publisher:/home/ioon/ros2_ws/install/examples_rclpy_minimal_client:/home/ioon/ros2_ws/install/examples_rclpy_minimal_action_server:/home/ioon/ros2_ws/install/examples_rclpy_minimal_action_client:/home/ioon/ros2_ws/install/examples_rclpy_guard_conditions:/home/ioon/ros2_ws/install/examples_rclpy_executors:/opt/ros/humble /usr/bin/cmake /home/ioon/FRA502-LAB-6619/src/example_description -DCMAKE_INSTALL_PREFIX=/home/ioon/FRA502-LAB-6619/install/example_description
[0.136s] -- The C compiler identification is GNU 11.4.0
[0.227s] -- The CXX compiler identification is GNU 11.4.0
[0.236s] -- Detecting C compiler ABI info
[0.300s] -- Detecting C compiler ABI info - done
[0.305s] -- Check for working C compiler: /usr/bin/cc - skipped
[0.306s] -- Detecting C compile features
[0.306s] -- Detecting C compile features - done
[0.309s] -- Detecting CXX compiler ABI info
[0.378s] -- Detecting CXX compiler ABI info - done
[0.383s] -- Check for working CXX compiler: /usr/bin/c++ - skipped
[0.384s] -- Detecting CXX compile features
[0.384s] -- Detecting CXX compile features - done
[0.397s] -- Found ament_cmake: 1.3.12 (/opt/ros/humble/share/ament_cmake/cmake)
[0.558s] -- Found Python3: /usr/bin/python3 (found version "3.10.12") found components: Interpreter 
[0.716s] -- Found rclcpp: 16.0.14 (/opt/ros/humble/share/rclcpp/cmake)
[0.798s] -- Found rosidl_generator_c: 3.1.7 (/opt/ros/humble/share/rosidl_generator_c/cmake)
[0.811s] -- Found rosidl_adapter: 3.1.7 (/opt/ros/humble/share/rosidl_adapter/cmake)
[0.825s] -- Found rosidl_generator_cpp: 3.1.7 (/opt/ros/humble/share/rosidl_generator_cpp/cmake)
[0.847s] -- Using all available rosidl_typesupport_c: rosidl_typesupport_fastrtps_c;rosidl_typesupport_introspection_c
[0.876s] -- Using all available rosidl_typesupport_cpp: rosidl_typesupport_fastrtps_cpp;rosidl_typesupport_introspection_cpp
[0.965s] -- Found rmw_implementation_cmake: 6.1.2 (/opt/ros/humble/share/rmw_implementation_cmake/cmake)
[0.974s] -- Found rmw_fastrtps_cpp: 6.2.8 (/opt/ros/humble/share/rmw_fastrtps_cpp/cmake)
[1.106s] -- Found OpenSSL: /usr/lib/x86_64-linux-gnu/libcrypto.so (found version "3.0.2")  
[1.138s] -- Found FastRTPS: /opt/ros/humble/include  
[1.184s] -- Using RMW implementation 'rmw_fastrtps_cpp' as default
[1.209s] -- Looking for pthread.h
[1.284s] -- Looking for pthread.h - found
[1.284s] -- Performing Test CMAKE_HAVE_LIBC_PTHREAD
[1.352s] -- Performing Test CMAKE_HAVE_LIBC_PTHREAD - Success
[1.353s] -- Found Threads: TRUE  
[1.419s] -- Found rclpy: 3.3.17 (/opt/ros/humble/share/rclpy/cmake)
[1.557s] -- Configuring done
[1.565s] -- Generating done
[1.568s] -- Build files have been written to: /home/ioon/FRA502-LAB-6619/build/example_description
[1.579s] Invoked command in '/home/ioon/FRA502-LAB-6619/build/example_description' returned '0': CMAKE_PREFIX_PATH=${CMAKE_PREFIX_PATH}:/home/ioon/ros2_ws/install/launch_testing_examples:/home/ioon/ros2_ws/install/joystick:/home/ioon/ros2_ws/install/examples_rclpy_pointcloud_publisher:/home/ioon/ros2_ws/install/examples_rclpy_minimal_subscriber:/home/ioon/ros2_ws/install/examples_rclpy_minimal_service:/home/ioon/ros2_ws/install/examples_rclpy_minimal_publisher:/home/ioon/ros2_ws/install/examples_rclpy_minimal_client:/home/ioon/ros2_ws/install/examples_rclpy_minimal_action_server:/home/ioon/ros2_ws/install/examples_rclpy_minimal_action_client:/home/ioon/ros2_ws/install/examples_rclpy_guard_conditions:/home/ioon/ros2_ws/install/examples_rclpy_executors:/opt/ros/humble /usr/bin/cmake /home/ioon/FRA502-LAB-6619/src/example_description -DCMAKE_INSTALL_PREFIX=/home/ioon/FRA502-LAB-6619/install/example_description
[1.580s] Invoking command in '/home/ioon/FRA502-LAB-6619/build/example_description': CMAKE_PREFIX_PATH=${CMAKE_PREFIX_PATH}:/home/ioon/ros2_ws/install/launch_testing_examples:/home/ioon/ros2_ws/install/joystick:/home/ioon/ros2_ws/install/examples_rclpy_pointcloud_publisher:/home/ioon/ros2_ws/install/examples_rclpy_minimal_subscriber:/home/ioon/ros2_ws/install/examples_rclpy_minimal_service:/home/ioon/ros2_ws/install/examples_rclpy_minimal_publisher:/home/ioon/ros2_ws/install/examples_rclpy_minimal_client:/home/ioon/ros2_ws/install/examples_rclpy_minimal_action_server:/home/ioon/ros2_ws/install/examples_rclpy_minimal_action_client:/home/ioon/ros2_ws/install/examples_rclpy_guard_conditions:/home/ioon/ros2_ws/install/examples_rclpy_executors:/opt/ros/humble /usr/bin/cmake --build /home/ioon/FRA502-LAB-6619/build/example_description -- -j16 -l16
[1.626s] [ 50%] [32mBuilding CXX object CMakeFiles/cpp_node_test.dir/src/cpp_node.cpp.o[0m
[1.635s] [ 50%] Built target ament_cmake_python_copy_example_description
[1.860s] running egg_info
[1.861s] creating example_description.egg-info
[1.861s] writing example_description.egg-info/PKG-INFO
[1.861s] writing dependency_links to example_description.egg-info/dependency_links.txt
[1.861s] writing top-level names to example_description.egg-info/top_level.txt
[1.861s] writing manifest file 'example_description.egg-info/SOURCES.txt'
[1.863s] reading manifest file 'example_description.egg-info/SOURCES.txt'
[1.864s] writing manifest file 'example_description.egg-info/SOURCES.txt'
[1.867s] [100%] [32m[1mLinking CXX executable cpp_node_test[0m
[1.891s] [100%] Built target ament_cmake_python_build_example_description_egg
[1.966s] [100%] Built target cpp_node_test
[1.977s] Invoked command in '/home/ioon/FRA502-LAB-6619/build/example_description' returned '0': CMAKE_PREFIX_PATH=${CMAKE_PREFIX_PATH}:/home/ioon/ros2_ws/install/launch_testing_examples:/home/ioon/ros2_ws/install/joystick:/home/ioon/ros2_ws/install/examples_rclpy_pointcloud_publisher:/home/ioon/ros2_ws/install/examples_rclpy_minimal_subscriber:/home/ioon/ros2_ws/install/examples_rclpy_minimal_service:/home/ioon/ros2_ws/install/examples_rclpy_minimal_publisher:/home/ioon/ros2_ws/install/examples_rclpy_minimal_client:/home/ioon/ros2_ws/install/examples_rclpy_minimal_action_server:/home/ioon/ros2_ws/install/examples_rclpy_minimal_action_client:/home/ioon/ros2_ws/install/examples_rclpy_guard_conditions:/home/ioon/ros2_ws/install/examples_rclpy_executors:/opt/ros/humble /usr/bin/cmake --build /home/ioon/FRA502-LAB-6619/build/example_description -- -j16 -l16
[1.987s] Invoking command in '/home/ioon/FRA502-LAB-6619/build/example_description': CMAKE_PREFIX_PATH=${CMAKE_PREFIX_PATH}:/home/ioon/ros2_ws/install/launch_testing_examples:/home/ioon/ros2_ws/install/joystick:/home/ioon/ros2_ws/install/examples_rclpy_pointcloud_publisher:/home/ioon/ros2_ws/install/examples_rclpy_minimal_subscriber:/home/ioon/ros2_ws/install/examples_rclpy_minimal_service:/home/ioon/ros2_ws/install/examples_rclpy_minimal_publisher:/home/ioon/ros2_ws/install/examples_rclpy_minimal_client:/home/ioon/ros2_ws/install/examples_rclpy_minimal_action_server:/home/ioon/ros2_ws/install/examples_rclpy_minimal_action_client:/home/ioon/ros2_ws/install/examples_rclpy_guard_conditions:/home/ioon/ros2_ws/install/examples_rclpy_executors:/opt/ros/humble /usr/bin/cmake --install /home/ioon/FRA502-LAB-6619/build/example_description
[1.994s] -- Install configuration: ""
[1.994s] -- Installing: /home/ioon/FRA502-LAB-6619/install/example_description/share/example_description/environment/pythonpath.sh
[1.994s] -- Installing: /home/ioon/FRA502-LAB-6619/install/example_description/share/example_description/environment/pythonpath.dsv
[1.995s] -- Installing: /home/ioon/FRA502-LAB-6619/install/example_description/local/lib/python3.10/dist-packages/example_description-0.0.0-py3.10.egg-info
[1.995s] -- Installing: /home/ioon/FRA502-LAB-6619/install/example_description/local/lib/python3.10/dist-packages/example_description-0.0.0-py3.10.egg-info/PKG-INFO
[1.995s] -- Installing: /home/ioon/FRA502-LAB-6619/install/example_description/local/lib/python3.10/dist-packages/example_description-0.0.0-py3.10.egg-info/top_level.txt
[1.995s] -- Installing: /home/ioon/FRA502-LAB-6619/install/example_description/local/lib/python3.10/dist-packages/example_description-0.0.0-py3.10.egg-info/dependency_links.txt
[1.995s] -- Installing: /home/ioon/FRA502-LAB-6619/install/example_description/local/lib/python3.10/dist-packages/example_description-0.0.0-py3.10.egg-info/SOURCES.txt
[1.995s] -- Installing: /home/ioon/FRA502-LAB-6619/install/example_description/local/lib/python3.10/dist-packages/example_description
[1.995s] -- Installing: /home/ioon/FRA502-LAB-6619/install/example_description/local/lib/python3.10/dist-packages/example_description/__init__.py
[1.995s] -- Installing: /home/ioon/FRA502-LAB-6619/install/example_description/local/lib/python3.10/dist-packages/example_description/dummy_module.py
[2.031s] Listing '/home/ioon/FRA502-LAB-6619/install/example_description/local/lib/python3.10/dist-packages/example_description'...
[2.031s] Compiling '/home/ioon/FRA502-LAB-6619/install/example_description/local/lib/python3.10/dist-packages/example_description/__init__.py'...
[2.031s] Compiling '/home/ioon/FRA502-LAB-6619/install/example_description/local/lib/python3.10/dist-packages/example_description/dummy_module.py'...
[2.035s] -- Installing: /home/ioon/FRA502-LAB-6619/install/example_description/lib/example_description/dummy_script.py
[2.035s] -- Installing: /home/ioon/FRA502-LAB-6619/install/example_description/lib/example_description/cpp_node_test
[2.035s] -- Set runtime path of "/home/ioon/FRA502-LAB-6619/install/example_description/lib/example_description/cpp_node_test" to ""
[2.036s] -- Installing: /home/ioon/FRA502-LAB-6619/install/example_description/share/example_description/launch
[2.036s] -- Installing: /home/ioon/FRA502-LAB-6619/install/example_description/share/example_description/launch/simple_display.launch.py
[2.036s] -- Installing: /home/ioon/FRA502-LAB-6619/install/example_description/share/example_description/meshes
[2.036s] -- Installing: /home/ioon/FRA502-LAB-6619/install/example_description/share/example_description/meshes/link_0.stl
[2.037s] -- Installing: /home/ioon/FRA502-LAB-6619/install/example_description/share/example_description/meshes/link_3.stl
[2.037s] -- Installing: /home/ioon/FRA502-LAB-6619/install/example_description/share/example_description/meshes/link_2.stl
[2.038s] -- Installing: /home/ioon/FRA502-LAB-6619/install/example_description/share/example_description/meshes/link_1.stl
[2.038s] -- Installing: /home/ioon/FRA502-LAB-6619/install/example_description/share/example_description/meshes/end_effector.stl
[2.038s] -- Installing: /home/ioon/FRA502-LAB-6619/install/example_description/share/example_description/robot
[2.038s] -- Installing: /home/ioon/FRA502-LAB-6619/install/example_description/share/example_description/robot/visual
[2.039s] -- Installing: /home/ioon/FRA502-LAB-6619/install/example_description/share/example_description/robot/visual/my-robot.xacro
[2.039s] -- Installing: /home/ioon/FRA502-LAB-6619/install/example_description/share/example_description/robot/visual/01-myfirst.urdf
[2.039s] -- Installing: /home/ioon/FRA502-LAB-6619/install/example_description/share/example_description/config
[2.039s] -- Installing: /home/ioon/FRA502-LAB-6619/install/example_description/share/example_description/config/display.rviz
[2.040s] -- Installing: /home/ioon/FRA502-LAB-6619/install/example_description/share/ament_index/resource_index/package_run_dependencies/example_description
[2.040s] -- Installing: /home/ioon/FRA502-LAB-6619/install/example_description/share/ament_index/resource_index/parent_prefix_path/example_description
[2.040s] -- Installing: /home/ioon/FRA502-LAB-6619/install/example_description/share/example_description/environment/ament_prefix_path.sh
[2.040s] -- Installing: /home/ioon/FRA502-LAB-6619/install/example_description/share/example_description/environment/ament_prefix_path.dsv
[2.040s] -- Installing: /home/ioon/FRA502-LAB-6619/install/example_description/share/example_description/environment/path.sh
[2.041s] -- Installing: /home/ioon/FRA502-LAB-6619/install/example_description/share/example_description/environment/path.dsv
[2.041s] -- Installing: /home/ioon/FRA502-LAB-6619/install/example_description/share/example_description/local_setup.bash
[2.041s] -- Installing: /home/ioon/FRA502-LAB-6619/install/example_description/share/example_description/local_setup.sh
[2.041s] -- Installing: /home/ioon/FRA502-LAB-6619/install/example_description/share/example_description/local_setup.zsh
[2.041s] -- Installing: /home/ioon/FRA502-LAB-6619/install/example_description/share/example_description/local_setup.dsv
[2.041s] -- Installing: /home/ioon/FRA502-LAB-6619/install/example_description/share/example_description/package.dsv
[2.041s] -- Installing: /home/ioon/FRA502-LAB-6619/install/example_description/share/ament_index/resource_index/packages/example_description
[2.042s] -- Installing: /home/ioon/FRA502-LAB-6619/install/example_description/share/example_description/cmake/example_descriptionConfig.cmake
[2.042s] -- Installing: /home/ioon/FRA502-LAB-6619/install/example_description/share/example_description/cmake/example_descriptionConfig-version.cmake
[2.042s] -- Installing: /home/ioon/FRA502-LAB-6619/install/example_description/share/example_description/package.xml
[2.058s] Invoked command in '/home/ioon/FRA502-LAB-6619/build/example_description' returned '0': CMAKE_PREFIX_PATH=${CMAKE_PREFIX_PATH}:/home/ioon/ros2_ws/install/launch_testing_examples:/home/ioon/ros2_ws/install/joystick:/home/ioon/ros2_ws/install/examples_rclpy_pointcloud_publisher:/home/ioon/ros2_ws/install/examples_rclpy_minimal_subscriber:/home/ioon/ros2_ws/install/examples_rclpy_minimal_service:/home/ioon/ros2_ws/install/examples_rclpy_minimal_publisher:/home/ioon/ros2_ws/install/examples_rclpy_minimal_client:/home/ioon/ros2_ws/install/examples_rclpy_minimal_action_server:/home/ioon/ros2_ws/install/examples_rclpy_minimal_action_client:/home/ioon/ros2_ws/install/examples_rclpy_guard_conditions:/home/ioon/ros2_ws/install/examples_rclpy_executors:/opt/ros/humble /usr/bin/cmake --install /home/ioon/FRA502-LAB-6619/build/example_description
