[0.013s] Invoking command in '/home/ioon/FRA502-LAB-6619/build/turtlesim_plus': CMAKE_PREFIX_PATH=${CMAKE_PREFIX_PATH}:/home/ioon/ros2_ws/install/launch_testing_examples:/home/ioon/ros2_ws/install/joystick:/home/ioon/ros2_ws/install/examples_rclpy_pointcloud_publisher:/home/ioon/ros2_ws/install/examples_rclpy_minimal_subscriber:/home/ioon/ros2_ws/install/examples_rclpy_minimal_service:/home/ioon/ros2_ws/install/examples_rclpy_minimal_publisher:/home/ioon/ros2_ws/install/examples_rclpy_minimal_client:/home/ioon/ros2_ws/install/examples_rclpy_minimal_action_server:/home/ioon/ros2_ws/install/examples_rclpy_minimal_action_client:/home/ioon/ros2_ws/install/examples_rclpy_guard_conditions:/home/ioon/ros2_ws/install/examples_rclpy_executors:/opt/ros/humble /usr/bin/cmake /home/ioon/FRA502-LAB-6619/src/turtlesim_plus/turtlesim_plus -DCMAKE_INSTALL_PREFIX=/home/ioon/FRA502-LAB-6619/install/turtlesim_plus
[0.060s] -- The C compiler identification is GNU 11.4.0
[0.103s] -- The CXX compiler identification is GNU 11.4.0
[0.108s] -- Detecting C compiler ABI info
[0.168s] -- Detecting C compiler ABI info - done
[0.173s] -- Check for working C compiler: /usr/bin/cc - skipped
[0.173s] -- Detecting C compile features
[0.174s] -- Detecting C compile features - done
[0.175s] -- Detecting CXX compiler ABI info
[0.242s] -- Detecting CXX compiler ABI info - done
[0.247s] -- Check for working CXX compiler: /usr/bin/c++ - skipped
[0.247s] -- Detecting CXX compile features
[0.247s] -- Detecting CXX compile features - done
[0.252s] -- Found ament_cmake: 1.3.12 (/opt/ros/humble/share/ament_cmake/cmake)
[0.398s] -- Found Python3: /usr/bin/python3 (found version "3.10.12") found components: Interpreter 
[0.515s] -- Found rclcpp: 16.0.14 (/opt/ros/humble/share/rclcpp/cmake)
[0.575s] -- Found rosidl_generator_c: 3.1.7 (/opt/ros/humble/share/rosidl_generator_c/cmake)
[0.584s] -- Found rosidl_adapter: 3.1.7 (/opt/ros/humble/share/rosidl_adapter/cmake)
[0.595s] -- Found rosidl_generator_cpp: 3.1.7 (/opt/ros/humble/share/rosidl_generator_cpp/cmake)
[0.610s] -- Using all available rosidl_typesupport_c: rosidl_typesupport_fastrtps_c;rosidl_typesupport_introspection_c
[0.629s] -- Using all available rosidl_typesupport_cpp: rosidl_typesupport_fastrtps_cpp;rosidl_typesupport_introspection_cpp
[0.688s] -- Found rmw_implementation_cmake: 6.1.2 (/opt/ros/humble/share/rmw_implementation_cmake/cmake)
[0.693s] -- Found rmw_fastrtps_cpp: 6.2.8 (/opt/ros/humble/share/rmw_fastrtps_cpp/cmake)
[0.795s] -- Found OpenSSL: /usr/lib/x86_64-linux-gnu/libcrypto.so (found version "3.0.2")  
[0.823s] -- Found FastRTPS: /opt/ros/humble/include  
[0.868s] -- Using RMW implementation 'rmw_fastrtps_cpp' as default
[0.882s] -- Looking for pthread.h
[0.950s] -- Looking for pthread.h - found
[0.950s] -- Performing Test CMAKE_HAVE_LIBC_PTHREAD
[1.015s] -- Performing Test CMAKE_HAVE_LIBC_PTHREAD - Success
[1.015s] -- Found Threads: TRUE  
[1.065s] -- Found rclpy: 3.3.17 (/opt/ros/humble/share/rclpy/cmake)
[1.193s] -- Configuring done
[1.197s] -- Generating done
[1.199s] -- Build files have been written to: /home/ioon/FRA502-LAB-6619/build/turtlesim_plus
[1.209s] Invoked command in '/home/ioon/FRA502-LAB-6619/build/turtlesim_plus' returned '0': CMAKE_PREFIX_PATH=${CMAKE_PREFIX_PATH}:/home/ioon/ros2_ws/install/launch_testing_examples:/home/ioon/ros2_ws/install/joystick:/home/ioon/ros2_ws/install/examples_rclpy_pointcloud_publisher:/home/ioon/ros2_ws/install/examples_rclpy_minimal_subscriber:/home/ioon/ros2_ws/install/examples_rclpy_minimal_service:/home/ioon/ros2_ws/install/examples_rclpy_minimal_publisher:/home/ioon/ros2_ws/install/examples_rclpy_minimal_client:/home/ioon/ros2_ws/install/examples_rclpy_minimal_action_server:/home/ioon/ros2_ws/install/examples_rclpy_minimal_action_client:/home/ioon/ros2_ws/install/examples_rclpy_guard_conditions:/home/ioon/ros2_ws/install/examples_rclpy_executors:/opt/ros/humble /usr/bin/cmake /home/ioon/FRA502-LAB-6619/src/turtlesim_plus/turtlesim_plus -DCMAKE_INSTALL_PREFIX=/home/ioon/FRA502-LAB-6619/install/turtlesim_plus
[1.209s] Invoking command in '/home/ioon/FRA502-LAB-6619/build/turtlesim_plus': CMAKE_PREFIX_PATH=${CMAKE_PREFIX_PATH}:/home/ioon/ros2_ws/install/launch_testing_examples:/home/ioon/ros2_ws/install/joystick:/home/ioon/ros2_ws/install/examples_rclpy_pointcloud_publisher:/home/ioon/ros2_ws/install/examples_rclpy_minimal_subscriber:/home/ioon/ros2_ws/install/examples_rclpy_minimal_service:/home/ioon/ros2_ws/install/examples_rclpy_minimal_publisher:/home/ioon/ros2_ws/install/examples_rclpy_minimal_client:/home/ioon/ros2_ws/install/examples_rclpy_minimal_action_server:/home/ioon/ros2_ws/install/examples_rclpy_minimal_action_client:/home/ioon/ros2_ws/install/examples_rclpy_guard_conditions:/home/ioon/ros2_ws/install/examples_rclpy_executors:/opt/ros/humble /usr/bin/cmake --build /home/ioon/FRA502-LAB-6619/build/turtlesim_plus -- -j16 -l16
[1.265s] Built target ament_cmake_python_copy_turtlesim_plus
[1.462s] running egg_info
[1.462s] creating turtlesim_plus.egg-info
[1.462s] writing turtlesim_plus.egg-info/PKG-INFO
[1.463s] writing dependency_links to turtlesim_plus.egg-info/dependency_links.txt
[1.463s] writing top-level names to turtlesim_plus.egg-info/top_level.txt
[1.463s] writing manifest file 'turtlesim_plus.egg-info/SOURCES.txt'
[1.464s] reading manifest file 'turtlesim_plus.egg-info/SOURCES.txt'
[1.464s] writing manifest file 'turtlesim_plus.egg-info/SOURCES.txt'
[1.494s] Built target ament_cmake_python_build_turtlesim_plus_egg
[1.506s] Invoked command in '/home/ioon/FRA502-LAB-6619/build/turtlesim_plus' returned '0': CMAKE_PREFIX_PATH=${CMAKE_PREFIX_PATH}:/home/ioon/ros2_ws/install/launch_testing_examples:/home/ioon/ros2_ws/install/joystick:/home/ioon/ros2_ws/install/examples_rclpy_pointcloud_publisher:/home/ioon/ros2_ws/install/examples_rclpy_minimal_subscriber:/home/ioon/ros2_ws/install/examples_rclpy_minimal_service:/home/ioon/ros2_ws/install/examples_rclpy_minimal_publisher:/home/ioon/ros2_ws/install/examples_rclpy_minimal_client:/home/ioon/ros2_ws/install/examples_rclpy_minimal_action_server:/home/ioon/ros2_ws/install/examples_rclpy_minimal_action_client:/home/ioon/ros2_ws/install/examples_rclpy_guard_conditions:/home/ioon/ros2_ws/install/examples_rclpy_executors:/opt/ros/humble /usr/bin/cmake --build /home/ioon/FRA502-LAB-6619/build/turtlesim_plus -- -j16 -l16
[1.518s] Invoking command in '/home/ioon/FRA502-LAB-6619/build/turtlesim_plus': CMAKE_PREFIX_PATH=${CMAKE_PREFIX_PATH}:/home/ioon/ros2_ws/install/launch_testing_examples:/home/ioon/ros2_ws/install/joystick:/home/ioon/ros2_ws/install/examples_rclpy_pointcloud_publisher:/home/ioon/ros2_ws/install/examples_rclpy_minimal_subscriber:/home/ioon/ros2_ws/install/examples_rclpy_minimal_service:/home/ioon/ros2_ws/install/examples_rclpy_minimal_publisher:/home/ioon/ros2_ws/install/examples_rclpy_minimal_client:/home/ioon/ros2_ws/install/examples_rclpy_minimal_action_server:/home/ioon/ros2_ws/install/examples_rclpy_minimal_action_client:/home/ioon/ros2_ws/install/examples_rclpy_guard_conditions:/home/ioon/ros2_ws/install/examples_rclpy_executors:/opt/ros/humble /usr/bin/cmake --install /home/ioon/FRA502-LAB-6619/build/turtlesim_plus
[1.525s] -- Install configuration: ""
[1.526s] -- Installing: /home/ioon/FRA502-LAB-6619/install/turtlesim_plus/share/turtlesim_plus/environment/pythonpath.sh
[1.526s] -- Installing: /home/ioon/FRA502-LAB-6619/install/turtlesim_plus/share/turtlesim_plus/environment/pythonpath.dsv
[1.526s] -- Installing: /home/ioon/FRA502-LAB-6619/install/turtlesim_plus/local/lib/python3.10/dist-packages/turtlesim_plus-1.0.0-py3.10.egg-info
[1.526s] -- Installing: /home/ioon/FRA502-LAB-6619/install/turtlesim_plus/local/lib/python3.10/dist-packages/turtlesim_plus-1.0.0-py3.10.egg-info/PKG-INFO
[1.526s] -- Installing: /home/ioon/FRA502-LAB-6619/install/turtlesim_plus/local/lib/python3.10/dist-packages/turtlesim_plus-1.0.0-py3.10.egg-info/top_level.txt
[1.526s] -- Installing: /home/ioon/FRA502-LAB-6619/install/turtlesim_plus/local/lib/python3.10/dist-packages/turtlesim_plus-1.0.0-py3.10.egg-info/dependency_links.txt
[1.526s] -- Installing: /home/ioon/FRA502-LAB-6619/install/turtlesim_plus/local/lib/python3.10/dist-packages/turtlesim_plus-1.0.0-py3.10.egg-info/SOURCES.txt
[1.526s] -- Installing: /home/ioon/FRA502-LAB-6619/install/turtlesim_plus/local/lib/python3.10/dist-packages/turtlesim_plus
[1.527s] -- Installing: /home/ioon/FRA502-LAB-6619/install/turtlesim_plus/local/lib/python3.10/dist-packages/turtlesim_plus/ros2_plugins.py
[1.527s] -- Installing: /home/ioon/FRA502-LAB-6619/install/turtlesim_plus/local/lib/python3.10/dist-packages/turtlesim_plus/entity.py
[1.527s] -- Installing: /home/ioon/FRA502-LAB-6619/install/turtlesim_plus/local/lib/python3.10/dist-packages/turtlesim_plus/image
[1.527s] -- Installing: /home/ioon/FRA502-LAB-6619/install/turtlesim_plus/local/lib/python3.10/dist-packages/turtlesim_plus/image/map
[1.527s] -- Installing: /home/ioon/FRA502-LAB-6619/install/turtlesim_plus/local/lib/python3.10/dist-packages/turtlesim_plus/image/map/map.png
[1.527s] -- Installing: /home/ioon/FRA502-LAB-6619/install/turtlesim_plus/local/lib/python3.10/dist-packages/turtlesim_plus/image/object
[1.527s] -- Installing: /home/ioon/FRA502-LAB-6619/install/turtlesim_plus/local/lib/python3.10/dist-packages/turtlesim_plus/image/object/parcel.png
[1.527s] -- Installing: /home/ioon/FRA502-LAB-6619/install/turtlesim_plus/local/lib/python3.10/dist-packages/turtlesim_plus/image/object/pizza.png
[1.527s] -- Installing: /home/ioon/FRA502-LAB-6619/install/turtlesim_plus/local/lib/python3.10/dist-packages/turtlesim_plus/image/turtle
[1.527s] -- Installing: /home/ioon/FRA502-LAB-6619/install/turtlesim_plus/local/lib/python3.10/dist-packages/turtlesim_plus/image/turtle/galactic.png
[1.527s] -- Installing: /home/ioon/FRA502-LAB-6619/install/turtlesim_plus/local/lib/python3.10/dist-packages/turtlesim_plus/image/turtle/dashing.png
[1.527s] -- Installing: /home/ioon/FRA502-LAB-6619/install/turtlesim_plus/local/lib/python3.10/dist-packages/turtlesim_plus/image/turtle/ardent.png
[1.527s] -- Installing: /home/ioon/FRA502-LAB-6619/install/turtlesim_plus/local/lib/python3.10/dist-packages/turtlesim_plus/image/turtle/eloquent.png
[1.528s] -- Installing: /home/ioon/FRA502-LAB-6619/install/turtlesim_plus/local/lib/python3.10/dist-packages/turtlesim_plus/image/turtle/bouncy.png
[1.528s] -- Installing: /home/ioon/FRA502-LAB-6619/install/turtlesim_plus/local/lib/python3.10/dist-packages/turtlesim_plus/image/turtle/humble.png
[1.528s] -- Installing: /home/ioon/FRA502-LAB-6619/install/turtlesim_plus/local/lib/python3.10/dist-packages/turtlesim_plus/image/turtle/otto.png
[1.528s] -- Installing: /home/ioon/FRA502-LAB-6619/install/turtlesim_plus/local/lib/python3.10/dist-packages/turtlesim_plus/image/turtle/rolling.png
[1.528s] -- Installing: /home/ioon/FRA502-LAB-6619/install/turtlesim_plus/local/lib/python3.10/dist-packages/turtlesim_plus/image/turtle/crystal.png
[1.528s] -- Installing: /home/ioon/FRA502-LAB-6619/install/turtlesim_plus/local/lib/python3.10/dist-packages/turtlesim_plus/image/turtle/foxy.png
[1.528s] -- Installing: /home/ioon/FRA502-LAB-6619/install/turtlesim_plus/local/lib/python3.10/dist-packages/turtlesim_plus/__init__.py
[1.565s] Listing '/home/ioon/FRA502-LAB-6619/install/turtlesim_plus/local/lib/python3.10/dist-packages/turtlesim_plus'...
[1.565s] Compiling '/home/ioon/FRA502-LAB-6619/install/turtlesim_plus/local/lib/python3.10/dist-packages/turtlesim_plus/__init__.py'...
[1.565s] Compiling '/home/ioon/FRA502-LAB-6619/install/turtlesim_plus/local/lib/python3.10/dist-packages/turtlesim_plus/entity.py'...
[1.565s] Listing '/home/ioon/FRA502-LAB-6619/install/turtlesim_plus/local/lib/python3.10/dist-packages/turtlesim_plus/image'...
[1.565s] Listing '/home/ioon/FRA502-LAB-6619/install/turtlesim_plus/local/lib/python3.10/dist-packages/turtlesim_plus/image/map'...
[1.565s] Listing '/home/ioon/FRA502-LAB-6619/install/turtlesim_plus/local/lib/python3.10/dist-packages/turtlesim_plus/image/object'...
[1.566s] Listing '/home/ioon/FRA502-LAB-6619/install/turtlesim_plus/local/lib/python3.10/dist-packages/turtlesim_plus/image/turtle'...
[1.566s] Compiling '/home/ioon/FRA502-LAB-6619/install/turtlesim_plus/local/lib/python3.10/dist-packages/turtlesim_plus/ros2_plugins.py'...
[1.569s] -- Installing: /home/ioon/FRA502-LAB-6619/install/turtlesim_plus/lib/turtlesim_plus/turtlesim_plus_node.py
[1.569s] -- Installing: /home/ioon/FRA502-LAB-6619/install/turtlesim_plus/lib/turtlesim_plus/pizza_on_click.py
[1.569s] -- Up-to-date: /home/ioon/FRA502-LAB-6619/install/turtlesim_plus/share/turtlesim_plus
[1.569s] -- Installing: /home/ioon/FRA502-LAB-6619/install/turtlesim_plus/share/ament_index/resource_index/package_run_dependencies/turtlesim_plus
[1.569s] -- Installing: /home/ioon/FRA502-LAB-6619/install/turtlesim_plus/share/ament_index/resource_index/parent_prefix_path/turtlesim_plus
[1.570s] -- Installing: /home/ioon/FRA502-LAB-6619/install/turtlesim_plus/share/turtlesim_plus/environment/ament_prefix_path.sh
[1.570s] -- Installing: /home/ioon/FRA502-LAB-6619/install/turtlesim_plus/share/turtlesim_plus/environment/ament_prefix_path.dsv
[1.570s] -- Installing: /home/ioon/FRA502-LAB-6619/install/turtlesim_plus/share/turtlesim_plus/environment/path.sh
[1.570s] -- Installing: /home/ioon/FRA502-LAB-6619/install/turtlesim_plus/share/turtlesim_plus/environment/path.dsv
[1.570s] -- Installing: /home/ioon/FRA502-LAB-6619/install/turtlesim_plus/share/turtlesim_plus/local_setup.bash
[1.570s] -- Installing: /home/ioon/FRA502-LAB-6619/install/turtlesim_plus/share/turtlesim_plus/local_setup.sh
[1.570s] -- Installing: /home/ioon/FRA502-LAB-6619/install/turtlesim_plus/share/turtlesim_plus/local_setup.zsh
[1.570s] -- Installing: /home/ioon/FRA502-LAB-6619/install/turtlesim_plus/share/turtlesim_plus/local_setup.dsv
[1.570s] -- Installing: /home/ioon/FRA502-LAB-6619/install/turtlesim_plus/share/turtlesim_plus/package.dsv
[1.571s] -- Installing: /home/ioon/FRA502-LAB-6619/install/turtlesim_plus/share/ament_index/resource_index/packages/turtlesim_plus
[1.571s] -- Installing: /home/ioon/FRA502-LAB-6619/install/turtlesim_plus/share/turtlesim_plus/cmake/turtlesim_plusConfig.cmake
[1.571s] -- Installing: /home/ioon/FRA502-LAB-6619/install/turtlesim_plus/share/turtlesim_plus/cmake/turtlesim_plusConfig-version.cmake
[1.571s] -- Installing: /home/ioon/FRA502-LAB-6619/install/turtlesim_plus/share/turtlesim_plus/package.xml
[1.573s] Invoked command in '/home/ioon/FRA502-LAB-6619/build/turtlesim_plus' returned '0': CMAKE_PREFIX_PATH=${CMAKE_PREFIX_PATH}:/home/ioon/ros2_ws/install/launch_testing_examples:/home/ioon/ros2_ws/install/joystick:/home/ioon/ros2_ws/install/examples_rclpy_pointcloud_publisher:/home/ioon/ros2_ws/install/examples_rclpy_minimal_subscriber:/home/ioon/ros2_ws/install/examples_rclpy_minimal_service:/home/ioon/ros2_ws/install/examples_rclpy_minimal_publisher:/home/ioon/ros2_ws/install/examples_rclpy_minimal_client:/home/ioon/ros2_ws/install/examples_rclpy_minimal_action_server:/home/ioon/ros2_ws/install/examples_rclpy_minimal_action_client:/home/ioon/ros2_ws/install/examples_rclpy_guard_conditions:/home/ioon/ros2_ws/install/examples_rclpy_executors:/opt/ros/humble /usr/bin/cmake --install /home/ioon/FRA502-LAB-6619/build/turtlesim_plus
