[100%] Built target cpp_node_test
[100%] Built target ament_cmake_python_copy_LAB4
running egg_info
writing LAB4.egg-info/PKG-INFO
writing dependency_links to LAB4.egg-info/dependency_links.txt
writing top-level names to LAB4.egg-info/top_level.txt
reading manifest file 'LAB4.egg-info/SOURCES.txt'
writing manifest file 'LAB4.egg-info/SOURCES.txt'
[100%] Built target ament_cmake_python_build_LAB4_egg
-- Install configuration: ""
-- Up-to-date: /home/ioon/FRA502-LAB-6619/install/LAB4/share/LAB4/environment/pythonpath.sh
-- Up-to-date: /home/ioon/FRA502-LAB-6619/install/LAB4/share/LAB4/environment/pythonpath.dsv
-- Up-to-date: /home/ioon/FRA502-LAB-6619/install/LAB4/local/lib/python3.10/dist-packages/LAB4-0.0.0-py3.10.egg-info
-- Installing: /home/ioon/FRA502-LAB-6619/install/LAB4/local/lib/python3.10/dist-packages/LAB4-0.0.0-py3.10.egg-info/PKG-INFO
-- Installing: /home/ioon/FRA502-LAB-6619/install/LAB4/local/lib/python3.10/dist-packages/LAB4-0.0.0-py3.10.egg-info/top_level.txt
-- Installing: /home/ioon/FRA502-LAB-6619/install/LAB4/local/lib/python3.10/dist-packages/LAB4-0.0.0-py3.10.egg-info/dependency_links.txt
-- Installing: /home/ioon/FRA502-LAB-6619/install/LAB4/local/lib/python3.10/dist-packages/LAB4-0.0.0-py3.10.egg-info/SOURCES.txt
-- Up-to-date: /home/ioon/FRA502-LAB-6619/install/LAB4/local/lib/python3.10/dist-packages/LAB4
-- Up-to-date: /home/ioon/FRA502-LAB-6619/install/LAB4/local/lib/python3.10/dist-packages/LAB4/__init__.py
-- Up-to-date: /home/ioon/FRA502-LAB-6619/install/LAB4/local/lib/python3.10/dist-packages/LAB4/dummy_module.py
-- Up-to-date: /home/ioon/FRA502-LAB-6619/install/LAB4/local/lib/python3.10/dist-packages/LAB4/workspace_analysis.py
Listing '/home/ioon/FRA502-LAB-6619/install/LAB4/local/lib/python3.10/dist-packages/LAB4'...
-- Up-to-date: /home/ioon/FRA502-LAB-6619/install/LAB4/lib/LAB4/dummy_script.py
-- Up-to-date: /home/ioon/FRA502-LAB-6619/install/LAB4/lib/LAB4/end_effector_publisher.py
-- Up-to-date: /home/ioon/FRA502-LAB-6619/install/LAB4/lib/LAB4/random_pose.py
-- Up-to-date: /home/ioon/FRA502-LAB-6619/install/LAB4/lib/LAB4/controller.py
-- Up-to-date: /home/ioon/FRA502-LAB-6619/install/LAB4/lib/LAB4/teleop_jog_keyboard.py
-- Up-to-date: /home/ioon/FRA502-LAB-6619/install/LAB4/lib/LAB4/cpp_node_test
-- Up-to-date: /home/ioon/FRA502-LAB-6619/install/LAB4/share/LAB4/launch
-- Up-to-date: /home/ioon/FRA502-LAB-6619/install/LAB4/share/LAB4/launch/simple_display.launch.py
-- Up-to-date: /home/ioon/FRA502-LAB-6619/install/LAB4/share/ament_index/resource_index/package_run_dependencies/LAB4
-- Up-to-date: /home/ioon/FRA502-LAB-6619/install/LAB4/share/ament_index/resource_index/parent_prefix_path/LAB4
-- Up-to-date: /home/ioon/FRA502-LAB-6619/install/LAB4/share/LAB4/environment/ament_prefix_path.sh
-- Up-to-date: /home/ioon/FRA502-LAB-6619/install/LAB4/share/LAB4/environment/ament_prefix_path.dsv
-- Up-to-date: /home/ioon/FRA502-LAB-6619/install/LAB4/share/LAB4/environment/path.sh
-- Up-to-date: /home/ioon/FRA502-LAB-6619/install/LAB4/share/LAB4/environment/path.dsv
-- Up-to-date: /home/ioon/FRA502-LAB-6619/install/LAB4/share/LAB4/local_setup.bash
-- Up-to-date: /home/ioon/FRA502-LAB-6619/install/LAB4/share/LAB4/local_setup.sh
-- Up-to-date: /home/ioon/FRA502-LAB-6619/install/LAB4/share/LAB4/local_setup.zsh
-- Up-to-date: /home/ioon/FRA502-LAB-6619/install/LAB4/share/LAB4/local_setup.dsv
-- Installing: /home/ioon/FRA502-LAB-6619/install/LAB4/share/LAB4/package.dsv
-- Up-to-date: /home/ioon/FRA502-LAB-6619/install/LAB4/share/ament_index/resource_index/packages/LAB4
-- Up-to-date: /home/ioon/FRA502-LAB-6619/install/LAB4/share/LAB4/cmake/LAB4Config.cmake
-- Up-to-date: /home/ioon/FRA502-LAB-6619/install/LAB4/share/LAB4/cmake/LAB4Config-version.cmake
-- Up-to-date: /home/ioon/FRA502-LAB-6619/install/LAB4/share/LAB4/package.xml
