-- Found ament_cmake: 1.3.12 (/opt/ros/humble/share/ament_cmake/cmake)
-- Found rclcpp: 16.0.14 (/opt/ros/humble/share/rclcpp/cmake)
-- Found rosidl_generator_c: 3.1.7 (/opt/ros/humble/share/rosidl_generator_c/cmake)
-- Found rosidl_adapter: 3.1.7 (/opt/ros/humble/share/rosidl_adapter/cmake)
-- Found rosidl_generator_cpp: 3.1.7 (/opt/ros/humble/share/rosidl_generator_cpp/cmake)
-- Using all available rosidl_typesupport_c: rosidl_typesupport_fastrtps_c;rosidl_typesupport_introspection_c
-- Using all available rosidl_typesupport_cpp: rosidl_typesupport_fastrtps_cpp;rosidl_typesupport_introspection_cpp
-- Found rmw_implementation_cmake: 6.1.2 (/opt/ros/humble/share/rmw_implementation_cmake/cmake)
-- Found rmw_fastrtps_cpp: 6.2.8 (/opt/ros/humble/share/rmw_fastrtps_cpp/cmake)
-- Using RMW implementation 'rmw_fastrtps_cpp' as default
-- Found rclpy: 3.3.17 (/opt/ros/humble/share/rclpy/cmake)
-- Configuring done
-- Generating done
-- Build files have been written to: /home/ioon/FRA502-LAB-6619/build/lab2
[35m[1mConsolidate compiler generated dependencies of target cpp_node_test[0m
[100%] Built target cpp_node_test
[100%] Built target ament_cmake_python_copy_lab2
running egg_info
writing lab2.egg-info/PKG-INFO
writing dependency_links to lab2.egg-info/dependency_links.txt
writing top-level names to lab2.egg-info/top_level.txt
reading manifest file 'lab2.egg-info/SOURCES.txt'
writing manifest file 'lab2.egg-info/SOURCES.txt'
[100%] Built target ament_cmake_python_build_lab2_egg
-- Install configuration: ""
-- Up-to-date: /home/ioon/FRA502-LAB-6619/install/lab2/share/lab2/environment/pythonpath.sh
-- Installing: /home/ioon/FRA502-LAB-6619/install/lab2/share/lab2/environment/pythonpath.dsv
-- Up-to-date: /home/ioon/FRA502-LAB-6619/install/lab2/local/lib/python3.10/dist-packages/lab2-0.0.0-py3.10.egg-info
-- Installing: /home/ioon/FRA502-LAB-6619/install/lab2/local/lib/python3.10/dist-packages/lab2-0.0.0-py3.10.egg-info/PKG-INFO
-- Installing: /home/ioon/FRA502-LAB-6619/install/lab2/local/lib/python3.10/dist-packages/lab2-0.0.0-py3.10.egg-info/top_level.txt
-- Installing: /home/ioon/FRA502-LAB-6619/install/lab2/local/lib/python3.10/dist-packages/lab2-0.0.0-py3.10.egg-info/dependency_links.txt
-- Installing: /home/ioon/FRA502-LAB-6619/install/lab2/local/lib/python3.10/dist-packages/lab2-0.0.0-py3.10.egg-info/SOURCES.txt
-- Up-to-date: /home/ioon/FRA502-LAB-6619/install/lab2/local/lib/python3.10/dist-packages/lab2
-- Up-to-date: /home/ioon/FRA502-LAB-6619/install/lab2/local/lib/python3.10/dist-packages/lab2/__init__.py
-- Up-to-date: /home/ioon/FRA502-LAB-6619/install/lab2/local/lib/python3.10/dist-packages/lab2/dummy_module.py
Listing '/home/ioon/FRA502-LAB-6619/install/lab2/local/lib/python3.10/dist-packages/lab2'...
-- Up-to-date: /home/ioon/FRA502-LAB-6619/install/lab2/lib/lab2/eater.py
-- Up-to-date: /home/ioon/FRA502-LAB-6619/install/lab2/lib/lab2/killer.py
-- Up-to-date: /home/ioon/FRA502-LAB-6619/install/lab2/lib/lab2/turtlesim_pose.py
-- Up-to-date: /home/ioon/FRA502-LAB-6619/install/lab2/lib/lab2/cpp_node_test
-- Installing: /home/ioon/FRA502-LAB-6619/install/lab2/share/lab2/launch
-- Installing: /home/ioon/FRA502-LAB-6619/install/lab2/share/lab2/launch/lab2.launch.py
-- Up-to-date: /home/ioon/FRA502-LAB-6619/install/lab2/share/ament_index/resource_index/package_run_dependencies/lab2
-- Installing: /home/ioon/FRA502-LAB-6619/install/lab2/share/ament_index/resource_index/parent_prefix_path/lab2
-- Up-to-date: /home/ioon/FRA502-LAB-6619/install/lab2/share/lab2/environment/ament_prefix_path.sh
-- Installing: /home/ioon/FRA502-LAB-6619/install/lab2/share/lab2/environment/ament_prefix_path.dsv
-- Up-to-date: /home/ioon/FRA502-LAB-6619/install/lab2/share/lab2/environment/path.sh
-- Installing: /home/ioon/FRA502-LAB-6619/install/lab2/share/lab2/environment/path.dsv
-- Up-to-date: /home/ioon/FRA502-LAB-6619/install/lab2/share/lab2/local_setup.bash
-- Up-to-date: /home/ioon/FRA502-LAB-6619/install/lab2/share/lab2/local_setup.sh
-- Up-to-date: /home/ioon/FRA502-LAB-6619/install/lab2/share/lab2/local_setup.zsh
-- Installing: /home/ioon/FRA502-LAB-6619/install/lab2/share/lab2/local_setup.dsv
-- Installing: /home/ioon/FRA502-LAB-6619/install/lab2/share/lab2/package.dsv
-- Up-to-date: /home/ioon/FRA502-LAB-6619/install/lab2/share/ament_index/resource_index/packages/lab2
-- Up-to-date: /home/ioon/FRA502-LAB-6619/install/lab2/share/lab2/cmake/lab2Config.cmake
-- Up-to-date: /home/ioon/FRA502-LAB-6619/install/lab2/share/lab2/cmake/lab2Config-version.cmake
-- Up-to-date: /home/ioon/FRA502-LAB-6619/install/lab2/share/lab2/package.xml
