[0.018s] Invoking command in '/home/ioon/FRA502-LAB-6619/build/lab2': CMAKE_PREFIX_PATH=${CMAKE_PREFIX_PATH}:/home/ioon/ros2_ws/install/launch_testing_examples:/home/ioon/ros2_ws/install/joystick:/home/ioon/ros2_ws/install/examples_rclpy_pointcloud_publisher:/home/ioon/ros2_ws/install/examples_rclpy_minimal_subscriber:/home/ioon/ros2_ws/install/examples_rclpy_minimal_service:/home/ioon/ros2_ws/install/examples_rclpy_minimal_publisher:/home/ioon/ros2_ws/install/examples_rclpy_minimal_client:/home/ioon/ros2_ws/install/examples_rclpy_minimal_action_server:/home/ioon/ros2_ws/install/examples_rclpy_minimal_action_client:/home/ioon/ros2_ws/install/examples_rclpy_guard_conditions:/home/ioon/ros2_ws/install/examples_rclpy_executors:/opt/ros/humble /usr/bin/cmake --build /home/ioon/FRA502-LAB-6619/build/lab2 -- -j16 -l16
[0.040s] -- Found ament_cmake: 1.3.12 (/opt/ros/humble/share/ament_cmake/cmake)
[0.154s] -- Found rclcpp: 16.0.14 (/opt/ros/humble/share/rclcpp/cmake)
[0.176s] -- Found rosidl_generator_c: 3.1.7 (/opt/ros/humble/share/rosidl_generator_c/cmake)
[0.178s] -- Found rosidl_adapter: 3.1.7 (/opt/ros/humble/share/rosidl_adapter/cmake)
[0.182s] -- Found rosidl_generator_cpp: 3.1.7 (/opt/ros/humble/share/rosidl_generator_cpp/cmake)
[0.190s] -- Using all available rosidl_typesupport_c: rosidl_typesupport_fastrtps_c;rosidl_typesupport_introspection_c
[0.199s] -- Using all available rosidl_typesupport_cpp: rosidl_typesupport_fastrtps_cpp;rosidl_typesupport_introspection_cpp
[0.221s] -- Found rmw_implementation_cmake: 6.1.2 (/opt/ros/humble/share/rmw_implementation_cmake/cmake)
[0.222s] -- Found rmw_fastrtps_cpp: 6.2.8 (/opt/ros/humble/share/rmw_fastrtps_cpp/cmake)
[0.326s] -- Using RMW implementation 'rmw_fastrtps_cpp' as default
[0.360s] -- Found rclpy: 3.3.17 (/opt/ros/humble/share/rclpy/cmake)
[0.464s] -- Configuring done
[0.471s] -- Generating done
[0.474s] -- Build files have been written to: /home/ioon/FRA502-LAB-6619/build/lab2
[0.498s] [35m[1mConsolidate compiler generated dependencies of target cpp_node_test[0m
[0.510s] [100%] Built target cpp_node_test
[0.515s] [100%] Built target ament_cmake_python_copy_lab2
[0.701s] running egg_info
[0.702s] writing lab2.egg-info/PKG-INFO
[0.702s] writing dependency_links to lab2.egg-info/dependency_links.txt
[0.702s] writing top-level names to lab2.egg-info/top_level.txt
[0.703s] reading manifest file 'lab2.egg-info/SOURCES.txt'
[0.703s] writing manifest file 'lab2.egg-info/SOURCES.txt'
[0.726s] [100%] Built target ament_cmake_python_build_lab2_egg
[0.739s] Invoked command in '/home/ioon/FRA502-LAB-6619/build/lab2' returned '0': CMAKE_PREFIX_PATH=${CMAKE_PREFIX_PATH}:/home/ioon/ros2_ws/install/launch_testing_examples:/home/ioon/ros2_ws/install/joystick:/home/ioon/ros2_ws/install/examples_rclpy_pointcloud_publisher:/home/ioon/ros2_ws/install/examples_rclpy_minimal_subscriber:/home/ioon/ros2_ws/install/examples_rclpy_minimal_service:/home/ioon/ros2_ws/install/examples_rclpy_minimal_publisher:/home/ioon/ros2_ws/install/examples_rclpy_minimal_client:/home/ioon/ros2_ws/install/examples_rclpy_minimal_action_server:/home/ioon/ros2_ws/install/examples_rclpy_minimal_action_client:/home/ioon/ros2_ws/install/examples_rclpy_guard_conditions:/home/ioon/ros2_ws/install/examples_rclpy_executors:/opt/ros/humble /usr/bin/cmake --build /home/ioon/FRA502-LAB-6619/build/lab2 -- -j16 -l16
[0.740s] Invoking command in '/home/ioon/FRA502-LAB-6619/build/lab2': CMAKE_PREFIX_PATH=${CMAKE_PREFIX_PATH}:/home/ioon/ros2_ws/install/launch_testing_examples:/home/ioon/ros2_ws/install/joystick:/home/ioon/ros2_ws/install/examples_rclpy_pointcloud_publisher:/home/ioon/ros2_ws/install/examples_rclpy_minimal_subscriber:/home/ioon/ros2_ws/install/examples_rclpy_minimal_service:/home/ioon/ros2_ws/install/examples_rclpy_minimal_publisher:/home/ioon/ros2_ws/install/examples_rclpy_minimal_client:/home/ioon/ros2_ws/install/examples_rclpy_minimal_action_server:/home/ioon/ros2_ws/install/examples_rclpy_minimal_action_client:/home/ioon/ros2_ws/install/examples_rclpy_guard_conditions:/home/ioon/ros2_ws/install/examples_rclpy_executors:/opt/ros/humble /usr/bin/cmake --install /home/ioon/FRA502-LAB-6619/build/lab2
[0.747s] -- Install configuration: ""
[0.747s] -- Up-to-date: /home/ioon/FRA502-LAB-6619/install/lab2/share/lab2/environment/pythonpath.sh
[0.747s] -- Installing: /home/ioon/FRA502-LAB-6619/install/lab2/share/lab2/environment/pythonpath.dsv
[0.747s] -- Up-to-date: /home/ioon/FRA502-LAB-6619/install/lab2/local/lib/python3.10/dist-packages/lab2-0.0.0-py3.10.egg-info
[0.747s] -- Installing: /home/ioon/FRA502-LAB-6619/install/lab2/local/lib/python3.10/dist-packages/lab2-0.0.0-py3.10.egg-info/PKG-INFO
[0.747s] -- Installing: /home/ioon/FRA502-LAB-6619/install/lab2/local/lib/python3.10/dist-packages/lab2-0.0.0-py3.10.egg-info/top_level.txt
[0.747s] -- Installing: /home/ioon/FRA502-LAB-6619/install/lab2/local/lib/python3.10/dist-packages/lab2-0.0.0-py3.10.egg-info/dependency_links.txt
[0.748s] -- Installing: /home/ioon/FRA502-LAB-6619/install/lab2/local/lib/python3.10/dist-packages/lab2-0.0.0-py3.10.egg-info/SOURCES.txt
[0.748s] -- Up-to-date: /home/ioon/FRA502-LAB-6619/install/lab2/local/lib/python3.10/dist-packages/lab2
[0.748s] -- Up-to-date: /home/ioon/FRA502-LAB-6619/install/lab2/local/lib/python3.10/dist-packages/lab2/__init__.py
[0.748s] -- Up-to-date: /home/ioon/FRA502-LAB-6619/install/lab2/local/lib/python3.10/dist-packages/lab2/dummy_module.py
[0.776s] Listing '/home/ioon/FRA502-LAB-6619/install/lab2/local/lib/python3.10/dist-packages/lab2'...
[0.779s] -- Up-to-date: /home/ioon/FRA502-LAB-6619/install/lab2/lib/lab2/eater.py
[0.779s] -- Up-to-date: /home/ioon/FRA502-LAB-6619/install/lab2/lib/lab2/killer.py
[0.779s] -- Up-to-date: /home/ioon/FRA502-LAB-6619/install/lab2/lib/lab2/turtlesim_pose.py
[0.779s] -- Up-to-date: /home/ioon/FRA502-LAB-6619/install/lab2/lib/lab2/cpp_node_test
[0.779s] -- Installing: /home/ioon/FRA502-LAB-6619/install/lab2/share/lab2/launch
[0.779s] -- Installing: /home/ioon/FRA502-LAB-6619/install/lab2/share/lab2/launch/lab2.launch.py
[0.779s] -- Up-to-date: /home/ioon/FRA502-LAB-6619/install/lab2/share/ament_index/resource_index/package_run_dependencies/lab2
[0.780s] -- Installing: /home/ioon/FRA502-LAB-6619/install/lab2/share/ament_index/resource_index/parent_prefix_path/lab2
[0.780s] -- Up-to-date: /home/ioon/FRA502-LAB-6619/install/lab2/share/lab2/environment/ament_prefix_path.sh
[0.780s] -- Installing: /home/ioon/FRA502-LAB-6619/install/lab2/share/lab2/environment/ament_prefix_path.dsv
[0.780s] -- Up-to-date: /home/ioon/FRA502-LAB-6619/install/lab2/share/lab2/environment/path.sh
[0.780s] -- Installing: /home/ioon/FRA502-LAB-6619/install/lab2/share/lab2/environment/path.dsv
[0.780s] -- Up-to-date: /home/ioon/FRA502-LAB-6619/install/lab2/share/lab2/local_setup.bash
[0.780s] -- Up-to-date: /home/ioon/FRA502-LAB-6619/install/lab2/share/lab2/local_setup.sh
[0.780s] -- Up-to-date: /home/ioon/FRA502-LAB-6619/install/lab2/share/lab2/local_setup.zsh
[0.780s] -- Installing: /home/ioon/FRA502-LAB-6619/install/lab2/share/lab2/local_setup.dsv
[0.780s] -- Installing: /home/ioon/FRA502-LAB-6619/install/lab2/share/lab2/package.dsv
[0.780s] -- Up-to-date: /home/ioon/FRA502-LAB-6619/install/lab2/share/ament_index/resource_index/packages/lab2
[0.780s] -- Up-to-date: /home/ioon/FRA502-LAB-6619/install/lab2/share/lab2/cmake/lab2Config.cmake
[0.780s] -- Up-to-date: /home/ioon/FRA502-LAB-6619/install/lab2/share/lab2/cmake/lab2Config-version.cmake
[0.780s] -- Up-to-date: /home/ioon/FRA502-LAB-6619/install/lab2/share/lab2/package.xml
[0.782s] Invoked command in '/home/ioon/FRA502-LAB-6619/build/lab2' returned '0': CMAKE_PREFIX_PATH=${CMAKE_PREFIX_PATH}:/home/ioon/ros2_ws/install/launch_testing_examples:/home/ioon/ros2_ws/install/joystick:/home/ioon/ros2_ws/install/examples_rclpy_pointcloud_publisher:/home/ioon/ros2_ws/install/examples_rclpy_minimal_subscriber:/home/ioon/ros2_ws/install/examples_rclpy_minimal_service:/home/ioon/ros2_ws/install/examples_rclpy_minimal_publisher:/home/ioon/ros2_ws/install/examples_rclpy_minimal_client:/home/ioon/ros2_ws/install/examples_rclpy_minimal_action_server:/home/ioon/ros2_ws/install/examples_rclpy_minimal_action_client:/home/ioon/ros2_ws/install/examples_rclpy_guard_conditions:/home/ioon/ros2_ws/install/examples_rclpy_executors:/opt/ros/humble /usr/bin/cmake --install /home/ioon/FRA502-LAB-6619/build/lab2
