[0.014s] Invoking command in '/home/ioon/FRA502-LAB-6619/build/robot_interfaces': CMAKE_PREFIX_PATH=${CMAKE_PREFIX_PATH}:/home/ioon/ros2_ws/install/launch_testing_examples:/home/ioon/ros2_ws/install/joystick:/home/ioon/ros2_ws/install/examples_rclpy_pointcloud_publisher:/home/ioon/ros2_ws/install/examples_rclpy_minimal_subscriber:/home/ioon/ros2_ws/install/examples_rclpy_minimal_service:/home/ioon/ros2_ws/install/examples_rclpy_minimal_publisher:/home/ioon/ros2_ws/install/examples_rclpy_minimal_client:/home/ioon/ros2_ws/install/examples_rclpy_minimal_action_server:/home/ioon/ros2_ws/install/examples_rclpy_minimal_action_client:/home/ioon/ros2_ws/install/examples_rclpy_guard_conditions:/home/ioon/ros2_ws/install/examples_rclpy_executors:/opt/ros/humble /usr/bin/cmake --build /home/ioon/FRA502-LAB-6619/build/robot_interfaces -- -j16 -l16
[0.053s] [35m[1mConsolidate compiler generated dependencies of target robot_interfaces__rosidl_generator_c[0m
[0.062s] [  2%] Built target robot_interfaces__cpp
[0.064s] [ 12%] Built target robot_interfaces__rosidl_generator_c
[0.073s] [35m[1mConsolidate compiler generated dependencies of target robot_interfaces__rosidl_typesupport_cpp[0m
[0.073s] [35m[1mConsolidate compiler generated dependencies of target robot_interfaces__rosidl_typesupport_fastrtps_cpp[0m
[0.073s] [ 12%] Built target ament_cmake_python_copy_robot_interfaces
[0.074s] [35m[1mConsolidate compiler generated dependencies of target robot_interfaces__rosidl_typesupport_fastrtps_c[0m
[0.074s] [35m[1mConsolidate compiler generated dependencies of target robot_interfaces__rosidl_typesupport_introspection_cpp[0m
[0.077s] [35m[1mConsolidate compiler generated dependencies of target robot_interfaces__rosidl_typesupport_c[0m
[0.077s] [35m[1mConsolidate compiler generated dependencies of target robot_interfaces__rosidl_typesupport_introspection_c[0m
[0.087s] [ 23%] Built target robot_interfaces__rosidl_typesupport_cpp
[0.089s] [ 51%] Built target robot_interfaces__rosidl_typesupport_fastrtps_cpp
[0.090s] [ 76%] Built target robot_interfaces__rosidl_typesupport_c
[0.090s] [ 76%] Built target robot_interfaces__rosidl_typesupport_fastrtps_c
[0.090s] [ 76%] Built target robot_interfaces__rosidl_typesupport_introspection_c
[0.090s] [ 76%] Built target robot_interfaces__rosidl_typesupport_introspection_cpp
[0.114s] [ 76%] Built target robot_interfaces
[0.137s] [ 78%] Built target robot_interfaces__py
[0.149s] [35m[1mConsolidate compiler generated dependencies of target robot_interfaces__rosidl_generator_py[0m
[0.166s] [ 87%] Built target robot_interfaces__rosidl_generator_py
[0.178s] [35m[1mConsolidate compiler generated dependencies of target robot_interfaces__rosidl_typesupport_fastrtps_c__pyext[0m
[0.178s] [35m[1mConsolidate compiler generated dependencies of target robot_interfaces__rosidl_typesupport_c__pyext[0m
[0.178s] [35m[1mConsolidate compiler generated dependencies of target robot_interfaces__rosidl_typesupport_introspection_c__pyext[0m
[0.191s] [ 97%] Built target robot_interfaces__rosidl_typesupport_introspection_c__pyext
[0.191s] [ 97%] Built target robot_interfaces__rosidl_typesupport_fastrtps_c__pyext
[0.191s] [100%] Built target robot_interfaces__rosidl_typesupport_c__pyext
[0.308s] running egg_info
[0.309s] writing robot_interfaces.egg-info/PKG-INFO
[0.309s] writing dependency_links to robot_interfaces.egg-info/dependency_links.txt
[0.309s] writing top-level names to robot_interfaces.egg-info/top_level.txt
[0.311s] reading manifest file 'robot_interfaces.egg-info/SOURCES.txt'
[0.311s] writing manifest file 'robot_interfaces.egg-info/SOURCES.txt'
[0.335s] [100%] Built target ament_cmake_python_build_robot_interfaces_egg
[0.350s] Invoked command in '/home/ioon/FRA502-LAB-6619/build/robot_interfaces' returned '0': CMAKE_PREFIX_PATH=${CMAKE_PREFIX_PATH}:/home/ioon/ros2_ws/install/launch_testing_examples:/home/ioon/ros2_ws/install/joystick:/home/ioon/ros2_ws/install/examples_rclpy_pointcloud_publisher:/home/ioon/ros2_ws/install/examples_rclpy_minimal_subscriber:/home/ioon/ros2_ws/install/examples_rclpy_minimal_service:/home/ioon/ros2_ws/install/examples_rclpy_minimal_publisher:/home/ioon/ros2_ws/install/examples_rclpy_minimal_client:/home/ioon/ros2_ws/install/examples_rclpy_minimal_action_server:/home/ioon/ros2_ws/install/examples_rclpy_minimal_action_client:/home/ioon/ros2_ws/install/examples_rclpy_guard_conditions:/home/ioon/ros2_ws/install/examples_rclpy_executors:/opt/ros/humble /usr/bin/cmake --build /home/ioon/FRA502-LAB-6619/build/robot_interfaces -- -j16 -l16
[0.350s] Invoking command in '/home/ioon/FRA502-LAB-6619/build/robot_interfaces': CMAKE_PREFIX_PATH=${CMAKE_PREFIX_PATH}:/home/ioon/ros2_ws/install/launch_testing_examples:/home/ioon/ros2_ws/install/joystick:/home/ioon/ros2_ws/install/examples_rclpy_pointcloud_publisher:/home/ioon/ros2_ws/install/examples_rclpy_minimal_subscriber:/home/ioon/ros2_ws/install/examples_rclpy_minimal_service:/home/ioon/ros2_ws/install/examples_rclpy_minimal_publisher:/home/ioon/ros2_ws/install/examples_rclpy_minimal_client:/home/ioon/ros2_ws/install/examples_rclpy_minimal_action_server:/home/ioon/ros2_ws/install/examples_rclpy_minimal_action_client:/home/ioon/ros2_ws/install/examples_rclpy_guard_conditions:/home/ioon/ros2_ws/install/examples_rclpy_executors:/opt/ros/humble /usr/bin/cmake --install /home/ioon/FRA502-LAB-6619/build/robot_interfaces
[0.357s] -- Install configuration: ""
[0.357s] -- Up-to-date: /home/ioon/FRA502-LAB-6619/install/robot_interfaces/share/ament_index/resource_index/rosidl_interfaces/robot_interfaces
[0.358s] -- Up-to-date: /home/ioon/FRA502-LAB-6619/install/robot_interfaces/include/robot_interfaces/robot_interfaces
[0.358s] -- Up-to-date: /home/ioon/FRA502-LAB-6619/install/robot_interfaces/include/robot_interfaces/robot_interfaces/srv
[0.358s] -- Up-to-date: /home/ioon/FRA502-LAB-6619/install/robot_interfaces/include/robot_interfaces/robot_interfaces/srv/detail
[0.358s] -- Up-to-date: /home/ioon/FRA502-LAB-6619/install/robot_interfaces/include/robot_interfaces/robot_interfaces/srv/detail/random_end_effector__struct.h
[0.358s] -- Up-to-date: /home/ioon/FRA502-LAB-6619/install/robot_interfaces/include/robot_interfaces/robot_interfaces/srv/detail/mode_select__struct.h
[0.358s] -- Up-to-date: /home/ioon/FRA502-LAB-6619/install/robot_interfaces/include/robot_interfaces/robot_interfaces/srv/detail/random_end_effector__type_support.h
[0.358s] -- Up-to-date: /home/ioon/FRA502-LAB-6619/install/robot_interfaces/include/robot_interfaces/robot_interfaces/srv/detail/inverse_kinematic__functions.h
[0.358s] -- Up-to-date: /home/ioon/FRA502-LAB-6619/install/robot_interfaces/include/robot_interfaces/robot_interfaces/srv/detail/mode_select__functions.c
[0.358s] -- Up-to-date: /home/ioon/FRA502-LAB-6619/install/robot_interfaces/include/robot_interfaces/robot_interfaces/srv/detail/inverse_kinematic__functions.c
[0.358s] -- Up-to-date: /home/ioon/FRA502-LAB-6619/install/robot_interfaces/include/robot_interfaces/robot_interfaces/srv/detail/inverse_kinematic__struct.h
[0.358s] -- Up-to-date: /home/ioon/FRA502-LAB-6619/install/robot_interfaces/include/robot_interfaces/robot_interfaces/srv/detail/inverse_kinematic__type_support.h
[0.358s] -- Up-to-date: /home/ioon/FRA502-LAB-6619/install/robot_interfaces/include/robot_interfaces/robot_interfaces/srv/detail/random_end_effector__functions.c
[0.358s] -- Up-to-date: /home/ioon/FRA502-LAB-6619/install/robot_interfaces/include/robot_interfaces/robot_interfaces/srv/detail/random_end_effector__functions.h
[0.358s] -- Up-to-date: /home/ioon/FRA502-LAB-6619/install/robot_interfaces/include/robot_interfaces/robot_interfaces/srv/detail/mode_select__type_support.h
[0.358s] -- Up-to-date: /home/ioon/FRA502-LAB-6619/install/robot_interfaces/include/robot_interfaces/robot_interfaces/srv/detail/mode_select__functions.h
[0.358s] -- Up-to-date: /home/ioon/FRA502-LAB-6619/install/robot_interfaces/include/robot_interfaces/robot_interfaces/srv/mode_select.h
[0.359s] -- Up-to-date: /home/ioon/FRA502-LAB-6619/install/robot_interfaces/include/robot_interfaces/robot_interfaces/srv/inverse_kinematic.h
[0.359s] -- Up-to-date: /home/ioon/FRA502-LAB-6619/install/robot_interfaces/include/robot_interfaces/robot_interfaces/srv/random_end_effector.h
[0.359s] -- Up-to-date: /home/ioon/FRA502-LAB-6619/install/robot_interfaces/include/robot_interfaces/robot_interfaces/msg
[0.359s] -- Up-to-date: /home/ioon/FRA502-LAB-6619/install/robot_interfaces/include/robot_interfaces/robot_interfaces/msg/rosidl_generator_c__visibility_control.h
[0.359s] -- Up-to-date: /home/ioon/FRA502-LAB-6619/install/robot_interfaces/share/robot_interfaces/environment/library_path.sh
[0.359s] -- Up-to-date: /home/ioon/FRA502-LAB-6619/install/robot_interfaces/share/robot_interfaces/environment/library_path.dsv
[0.359s] -- Up-to-date: /home/ioon/FRA502-LAB-6619/install/robot_interfaces/lib/librobot_interfaces__rosidl_generator_c.so
[0.359s] -- Up-to-date: /home/ioon/FRA502-LAB-6619/install/robot_interfaces/include/robot_interfaces/robot_interfaces
[0.359s] -- Up-to-date: /home/ioon/FRA502-LAB-6619/install/robot_interfaces/include/robot_interfaces/robot_interfaces/srv
[0.359s] -- Up-to-date: /home/ioon/FRA502-LAB-6619/install/robot_interfaces/include/robot_interfaces/robot_interfaces/srv/detail
[0.359s] -- Up-to-date: /home/ioon/FRA502-LAB-6619/install/robot_interfaces/include/robot_interfaces/robot_interfaces/srv/detail/mode_select__rosidl_typesupport_fastrtps_c.h
[0.359s] -- Up-to-date: /home/ioon/FRA502-LAB-6619/install/robot_interfaces/include/robot_interfaces/robot_interfaces/srv/detail/inverse_kinematic__rosidl_typesupport_fastrtps_c.h
[0.359s] -- Up-to-date: /home/ioon/FRA502-LAB-6619/install/robot_interfaces/include/robot_interfaces/robot_interfaces/srv/detail/random_end_effector__rosidl_typesupport_fastrtps_c.h
[0.359s] -- Up-to-date: /home/ioon/FRA502-LAB-6619/install/robot_interfaces/include/robot_interfaces/robot_interfaces/msg
[0.359s] -- Up-to-date: /home/ioon/FRA502-LAB-6619/install/robot_interfaces/include/robot_interfaces/robot_interfaces/msg/rosidl_typesupport_fastrtps_c__visibility_control.h
[0.359s] -- Up-to-date: /home/ioon/FRA502-LAB-6619/install/robot_interfaces/lib/librobot_interfaces__rosidl_typesupport_fastrtps_c.so
[0.359s] -- Up-to-date: /home/ioon/FRA502-LAB-6619/install/robot_interfaces/include/robot_interfaces/robot_interfaces
[0.359s] -- Up-to-date: /home/ioon/FRA502-LAB-6619/install/robot_interfaces/include/robot_interfaces/robot_interfaces/srv
[0.359s] -- Up-to-date: /home/ioon/FRA502-LAB-6619/install/robot_interfaces/include/robot_interfaces/robot_interfaces/srv/detail
[0.359s] -- Up-to-date: /home/ioon/FRA502-LAB-6619/install/robot_interfaces/include/robot_interfaces/robot_interfaces/srv/detail/mode_select__traits.hpp
[0.359s] -- Up-to-date: /home/ioon/FRA502-LAB-6619/install/robot_interfaces/include/robot_interfaces/robot_interfaces/srv/detail/inverse_kinematic__builder.hpp
[0.360s] -- Up-to-date: /home/ioon/FRA502-LAB-6619/install/robot_interfaces/include/robot_interfaces/robot_interfaces/srv/detail/random_end_effector__builder.hpp
[0.360s] -- Up-to-date: /home/ioon/FRA502-LAB-6619/install/robot_interfaces/include/robot_interfaces/robot_interfaces/srv/detail/mode_select__struct.hpp
[0.360s] -- Up-to-date: /home/ioon/FRA502-LAB-6619/install/robot_interfaces/include/robot_interfaces/robot_interfaces/srv/detail/inverse_kinematic__type_support.hpp
[0.360s] -- Up-to-date: /home/ioon/FRA502-LAB-6619/install/robot_interfaces/include/robot_interfaces/robot_interfaces/srv/detail/random_end_effector__type_support.hpp
[0.360s] -- Up-to-date: /home/ioon/FRA502-LAB-6619/install/robot_interfaces/include/robot_interfaces/robot_interfaces/srv/detail/random_end_effector__struct.hpp
[0.360s] -- Up-to-date: /home/ioon/FRA502-LAB-6619/install/robot_interfaces/include/robot_interfaces/robot_interfaces/srv/detail/random_end_effector__traits.hpp
[0.360s] -- Up-to-date: /home/ioon/FRA502-LAB-6619/install/robot_interfaces/include/robot_interfaces/robot_interfaces/srv/detail/mode_select__type_support.hpp
[0.360s] -- Up-to-date: /home/ioon/FRA502-LAB-6619/install/robot_interfaces/include/robot_interfaces/robot_interfaces/srv/detail/inverse_kinematic__struct.hpp
[0.360s] -- Up-to-date: /home/ioon/FRA502-LAB-6619/install/robot_interfaces/include/robot_interfaces/robot_interfaces/srv/detail/mode_select__builder.hpp
[0.360s] -- Up-to-date: /home/ioon/FRA502-LAB-6619/install/robot_interfaces/include/robot_interfaces/robot_interfaces/srv/detail/inverse_kinematic__traits.hpp
[0.360s] -- Up-to-date: /home/ioon/FRA502-LAB-6619/install/robot_interfaces/include/robot_interfaces/robot_interfaces/srv/random_end_effector.hpp
[0.360s] -- Up-to-date: /home/ioon/FRA502-LAB-6619/install/robot_interfaces/include/robot_interfaces/robot_interfaces/srv/inverse_kinematic.hpp
[0.360s] -- Up-to-date: /home/ioon/FRA502-LAB-6619/install/robot_interfaces/include/robot_interfaces/robot_interfaces/srv/mode_select.hpp
[0.360s] -- Up-to-date: /home/ioon/FRA502-LAB-6619/install/robot_interfaces/include/robot_interfaces/robot_interfaces/msg
[0.360s] -- Up-to-date: /home/ioon/FRA502-LAB-6619/install/robot_interfaces/include/robot_interfaces/robot_interfaces/msg/rosidl_generator_cpp__visibility_control.hpp
[0.360s] -- Up-to-date: /home/ioon/FRA502-LAB-6619/install/robot_interfaces/include/robot_interfaces/robot_interfaces
[0.360s] -- Up-to-date: /home/ioon/FRA502-LAB-6619/install/robot_interfaces/include/robot_interfaces/robot_interfaces/srv
[0.360s] -- Up-to-date: /home/ioon/FRA502-LAB-6619/install/robot_interfaces/include/robot_interfaces/robot_interfaces/srv/detail
[0.360s] -- Up-to-date: /home/ioon/FRA502-LAB-6619/install/robot_interfaces/include/robot_interfaces/robot_interfaces/srv/detail/dds_fastrtps
[0.360s] -- Up-to-date: /home/ioon/FRA502-LAB-6619/install/robot_interfaces/include/robot_interfaces/robot_interfaces/srv/detail/random_end_effector__rosidl_typesupport_fastrtps_cpp.hpp
[0.360s] -- Up-to-date: /home/ioon/FRA502-LAB-6619/install/robot_interfaces/include/robot_interfaces/robot_interfaces/srv/detail/mode_select__rosidl_typesupport_fastrtps_cpp.hpp
[0.360s] -- Up-to-date: /home/ioon/FRA502-LAB-6619/install/robot_interfaces/include/robot_interfaces/robot_interfaces/srv/detail/inverse_kinematic__rosidl_typesupport_fastrtps_cpp.hpp
[0.360s] -- Up-to-date: /home/ioon/FRA502-LAB-6619/install/robot_interfaces/include/robot_interfaces/robot_interfaces/msg
[0.361s] -- Up-to-date: /home/ioon/FRA502-LAB-6619/install/robot_interfaces/include/robot_interfaces/robot_interfaces/msg/rosidl_typesupport_fastrtps_cpp__visibility_control.h
[0.361s] -- Up-to-date: /home/ioon/FRA502-LAB-6619/install/robot_interfaces/lib/librobot_interfaces__rosidl_typesupport_fastrtps_cpp.so
[0.361s] -- Up-to-date: /home/ioon/FRA502-LAB-6619/install/robot_interfaces/include/robot_interfaces/robot_interfaces
[0.361s] -- Up-to-date: /home/ioon/FRA502-LAB-6619/install/robot_interfaces/include/robot_interfaces/robot_interfaces/srv
[0.361s] -- Up-to-date: /home/ioon/FRA502-LAB-6619/install/robot_interfaces/include/robot_interfaces/robot_interfaces/srv/detail
[0.361s] -- Up-to-date: /home/ioon/FRA502-LAB-6619/install/robot_interfaces/include/robot_interfaces/robot_interfaces/srv/detail/mode_select__rosidl_typesupport_introspection_c.h
[0.361s] -- Up-to-date: /home/ioon/FRA502-LAB-6619/install/robot_interfaces/include/robot_interfaces/robot_interfaces/srv/detail/mode_select__type_support.c
[0.361s] -- Up-to-date: /home/ioon/FRA502-LAB-6619/install/robot_interfaces/include/robot_interfaces/robot_interfaces/srv/detail/inverse_kinematic__rosidl_typesupport_introspection_c.h
[0.361s] -- Up-to-date: /home/ioon/FRA502-LAB-6619/install/robot_interfaces/include/robot_interfaces/robot_interfaces/srv/detail/random_end_effector__type_support.c
[0.361s] -- Up-to-date: /home/ioon/FRA502-LAB-6619/install/robot_interfaces/include/robot_interfaces/robot_interfaces/srv/detail/inverse_kinematic__type_support.c
[0.361s] -- Up-to-date: /home/ioon/FRA502-LAB-6619/install/robot_interfaces/include/robot_interfaces/robot_interfaces/srv/detail/random_end_effector__rosidl_typesupport_introspection_c.h
[0.361s] -- Up-to-date: /home/ioon/FRA502-LAB-6619/install/robot_interfaces/include/robot_interfaces/robot_interfaces/msg
[0.361s] -- Up-to-date: /home/ioon/FRA502-LAB-6619/install/robot_interfaces/include/robot_interfaces/robot_interfaces/msg/rosidl_typesupport_introspection_c__visibility_control.h
[0.361s] -- Up-to-date: /home/ioon/FRA502-LAB-6619/install/robot_interfaces/lib/librobot_interfaces__rosidl_typesupport_introspection_c.so
[0.362s] -- Up-to-date: /home/ioon/FRA502-LAB-6619/install/robot_interfaces/lib/librobot_interfaces__rosidl_typesupport_c.so
[0.362s] -- Up-to-date: /home/ioon/FRA502-LAB-6619/install/robot_interfaces/include/robot_interfaces/robot_interfaces
[0.362s] -- Up-to-date: /home/ioon/FRA502-LAB-6619/install/robot_interfaces/include/robot_interfaces/robot_interfaces/srv
[0.362s] -- Up-to-date: /home/ioon/FRA502-LAB-6619/install/robot_interfaces/include/robot_interfaces/robot_interfaces/srv/detail
[0.362s] -- Up-to-date: /home/ioon/FRA502-LAB-6619/install/robot_interfaces/include/robot_interfaces/robot_interfaces/srv/detail/mode_select__type_support.cpp
[0.362s] -- Up-to-date: /home/ioon/FRA502-LAB-6619/install/robot_interfaces/include/robot_interfaces/robot_interfaces/srv/detail/mode_select__rosidl_typesupport_introspection_cpp.hpp
[0.362s] -- Up-to-date: /home/ioon/FRA502-LAB-6619/install/robot_interfaces/include/robot_interfaces/robot_interfaces/srv/detail/random_end_effector__type_support.cpp
[0.362s] -- Up-to-date: /home/ioon/FRA502-LAB-6619/install/robot_interfaces/include/robot_interfaces/robot_interfaces/srv/detail/inverse_kinematic__rosidl_typesupport_introspection_cpp.hpp
[0.362s] -- Up-to-date: /home/ioon/FRA502-LAB-6619/install/robot_interfaces/include/robot_interfaces/robot_interfaces/srv/detail/random_end_effector__rosidl_typesupport_introspection_cpp.hpp
[0.362s] -- Up-to-date: /home/ioon/FRA502-LAB-6619/install/robot_interfaces/include/robot_interfaces/robot_interfaces/srv/detail/inverse_kinematic__type_support.cpp
[0.362s] -- Up-to-date: /home/ioon/FRA502-LAB-6619/install/robot_interfaces/lib/librobot_interfaces__rosidl_typesupport_introspection_cpp.so
[0.362s] -- Up-to-date: /home/ioon/FRA502-LAB-6619/install/robot_interfaces/lib/librobot_interfaces__rosidl_typesupport_cpp.so
[0.362s] -- Up-to-date: /home/ioon/FRA502-LAB-6619/install/robot_interfaces/share/robot_interfaces/environment/pythonpath.sh
[0.362s] -- Up-to-date: /home/ioon/FRA502-LAB-6619/install/robot_interfaces/share/robot_interfaces/environment/pythonpath.dsv
[0.362s] -- Up-to-date: /home/ioon/FRA502-LAB-6619/install/robot_interfaces/local/lib/python3.10/dist-packages/robot_interfaces-0.0.0-py3.10.egg-info
[0.362s] -- Installing: /home/ioon/FRA502-LAB-6619/install/robot_interfaces/local/lib/python3.10/dist-packages/robot_interfaces-0.0.0-py3.10.egg-info/PKG-INFO
[0.362s] -- Installing: /home/ioon/FRA502-LAB-6619/install/robot_interfaces/local/lib/python3.10/dist-packages/robot_interfaces-0.0.0-py3.10.egg-info/top_level.txt
[0.362s] -- Installing: /home/ioon/FRA502-LAB-6619/install/robot_interfaces/local/lib/python3.10/dist-packages/robot_interfaces-0.0.0-py3.10.egg-info/dependency_links.txt
[0.362s] -- Installing: /home/ioon/FRA502-LAB-6619/install/robot_interfaces/local/lib/python3.10/dist-packages/robot_interfaces-0.0.0-py3.10.egg-info/SOURCES.txt
[0.362s] -- Up-to-date: /home/ioon/FRA502-LAB-6619/install/robot_interfaces/local/lib/python3.10/dist-packages/robot_interfaces
[0.362s] -- Up-to-date: /home/ioon/FRA502-LAB-6619/install/robot_interfaces/local/lib/python3.10/dist-packages/robot_interfaces/robot_interfaces_s__rosidl_typesupport_fastrtps_c.cpython-310-x86_64-linux-gnu.so
[0.362s] -- Up-to-date: /home/ioon/FRA502-LAB-6619/install/robot_interfaces/local/lib/python3.10/dist-packages/robot_interfaces/robot_interfaces_s__rosidl_typesupport_introspection_c.cpython-310-x86_64-linux-gnu.so
[0.362s] -- Up-to-date: /home/ioon/FRA502-LAB-6619/install/robot_interfaces/local/lib/python3.10/dist-packages/robot_interfaces/srv
[0.362s] -- Up-to-date: /home/ioon/FRA502-LAB-6619/install/robot_interfaces/local/lib/python3.10/dist-packages/robot_interfaces/srv/_mode_select_s.c
[0.363s] -- Up-to-date: /home/ioon/FRA502-LAB-6619/install/robot_interfaces/local/lib/python3.10/dist-packages/robot_interfaces/srv/_random_end_effector_s.c
[0.363s] -- Up-to-date: /home/ioon/FRA502-LAB-6619/install/robot_interfaces/local/lib/python3.10/dist-packages/robot_interfaces/srv/_inverse_kinematic.py
[0.363s] -- Up-to-date: /home/ioon/FRA502-LAB-6619/install/robot_interfaces/local/lib/python3.10/dist-packages/robot_interfaces/srv/_random_end_effector.py
[0.363s] -- Up-to-date: /home/ioon/FRA502-LAB-6619/install/robot_interfaces/local/lib/python3.10/dist-packages/robot_interfaces/srv/_mode_select.py
[0.363s] -- Up-to-date: /home/ioon/FRA502-LAB-6619/install/robot_interfaces/local/lib/python3.10/dist-packages/robot_interfaces/srv/__init__.py
[0.363s] -- Up-to-date: /home/ioon/FRA502-LAB-6619/install/robot_interfaces/local/lib/python3.10/dist-packages/robot_interfaces/srv/_inverse_kinematic_s.c
[0.363s] -- Up-to-date: /home/ioon/FRA502-LAB-6619/install/robot_interfaces/local/lib/python3.10/dist-packages/robot_interfaces/librobot_interfaces__rosidl_generator_py.so
[0.363s] -- Up-to-date: /home/ioon/FRA502-LAB-6619/install/robot_interfaces/local/lib/python3.10/dist-packages/robot_interfaces/_robot_interfaces_s.ep.rosidl_typesupport_c.c
[0.363s] -- Up-to-date: /home/ioon/FRA502-LAB-6619/install/robot_interfaces/local/lib/python3.10/dist-packages/robot_interfaces/__init__.py
[0.363s] -- Up-to-date: /home/ioon/FRA502-LAB-6619/install/robot_interfaces/local/lib/python3.10/dist-packages/robot_interfaces/robot_interfaces_s__rosidl_typesupport_c.cpython-310-x86_64-linux-gnu.so
[0.363s] -- Up-to-date: /home/ioon/FRA502-LAB-6619/install/robot_interfaces/local/lib/python3.10/dist-packages/robot_interfaces/_robot_interfaces_s.ep.rosidl_typesupport_fastrtps_c.c
[0.363s] -- Up-to-date: /home/ioon/FRA502-LAB-6619/install/robot_interfaces/local/lib/python3.10/dist-packages/robot_interfaces/_robot_interfaces_s.ep.rosidl_typesupport_introspection_c.c
[0.396s] Listing '/home/ioon/FRA502-LAB-6619/install/robot_interfaces/local/lib/python3.10/dist-packages/robot_interfaces'...
[0.396s] Listing '/home/ioon/FRA502-LAB-6619/install/robot_interfaces/local/lib/python3.10/dist-packages/robot_interfaces/srv'...
[0.400s] -- Up-to-date: /home/ioon/FRA502-LAB-6619/install/robot_interfaces/local/lib/python3.10/dist-packages/robot_interfaces/robot_interfaces_s__rosidl_typesupport_fastrtps_c.cpython-310-x86_64-linux-gnu.so
[0.400s] -- Up-to-date: /home/ioon/FRA502-LAB-6619/install/robot_interfaces/local/lib/python3.10/dist-packages/robot_interfaces/robot_interfaces_s__rosidl_typesupport_introspection_c.cpython-310-x86_64-linux-gnu.so
[0.401s] -- Up-to-date: /home/ioon/FRA502-LAB-6619/install/robot_interfaces/local/lib/python3.10/dist-packages/robot_interfaces/robot_interfaces_s__rosidl_typesupport_c.cpython-310-x86_64-linux-gnu.so
[0.401s] -- Up-to-date: /home/ioon/FRA502-LAB-6619/install/robot_interfaces/lib/librobot_interfaces__rosidl_generator_py.so
[0.403s] -- Up-to-date: /home/ioon/FRA502-LAB-6619/install/robot_interfaces/share/robot_interfaces/srv/RandomEndEffector.idl
[0.403s] -- Up-to-date: /home/ioon/FRA502-LAB-6619/install/robot_interfaces/share/robot_interfaces/srv/ModeSelect.idl
[0.403s] -- Up-to-date: /home/ioon/FRA502-LAB-6619/install/robot_interfaces/share/robot_interfaces/srv/InverseKinematic.idl
[0.403s] -- Up-to-date: /home/ioon/FRA502-LAB-6619/install/robot_interfaces/share/robot_interfaces/srv/RandomEndEffector.srv
[0.403s] -- Up-to-date: /home/ioon/FRA502-LAB-6619/install/robot_interfaces/share/robot_interfaces/srv/RandomEndEffector_Request.msg
[0.403s] -- Up-to-date: /home/ioon/FRA502-LAB-6619/install/robot_interfaces/share/robot_interfaces/srv/RandomEndEffector_Response.msg
[0.403s] -- Up-to-date: /home/ioon/FRA502-LAB-6619/install/robot_interfaces/share/robot_interfaces/srv/ModeSelect.srv
[0.403s] -- Up-to-date: /home/ioon/FRA502-LAB-6619/install/robot_interfaces/share/robot_interfaces/srv/ModeSelect_Request.msg
[0.403s] -- Up-to-date: /home/ioon/FRA502-LAB-6619/install/robot_interfaces/share/robot_interfaces/srv/ModeSelect_Response.msg
[0.403s] -- Up-to-date: /home/ioon/FRA502-LAB-6619/install/robot_interfaces/share/robot_interfaces/srv/InverseKinematic.srv
[0.403s] -- Up-to-date: /home/ioon/FRA502-LAB-6619/install/robot_interfaces/share/robot_interfaces/srv/InverseKinematic_Request.msg
[0.404s] -- Up-to-date: /home/ioon/FRA502-LAB-6619/install/robot_interfaces/share/robot_interfaces/srv/InverseKinematic_Response.msg
[0.404s] -- Up-to-date: /home/ioon/FRA502-LAB-6619/install/robot_interfaces/share/ament_index/resource_index/package_run_dependencies/robot_interfaces
[0.404s] -- Up-to-date: /home/ioon/FRA502-LAB-6619/install/robot_interfaces/share/ament_index/resource_index/parent_prefix_path/robot_interfaces
[0.404s] -- Up-to-date: /home/ioon/FRA502-LAB-6619/install/robot_interfaces/share/robot_interfaces/environment/ament_prefix_path.sh
[0.404s] -- Up-to-date: /home/ioon/FRA502-LAB-6619/install/robot_interfaces/share/robot_interfaces/environment/ament_prefix_path.dsv
[0.404s] -- Up-to-date: /home/ioon/FRA502-LAB-6619/install/robot_interfaces/share/robot_interfaces/environment/path.sh
[0.404s] -- Up-to-date: /home/ioon/FRA502-LAB-6619/install/robot_interfaces/share/robot_interfaces/environment/path.dsv
[0.404s] -- Up-to-date: /home/ioon/FRA502-LAB-6619/install/robot_interfaces/share/robot_interfaces/local_setup.bash
[0.404s] -- Up-to-date: /home/ioon/FRA502-LAB-6619/install/robot_interfaces/share/robot_interfaces/local_setup.sh
[0.404s] -- Up-to-date: /home/ioon/FRA502-LAB-6619/install/robot_interfaces/share/robot_interfaces/local_setup.zsh
[0.404s] -- Up-to-date: /home/ioon/FRA502-LAB-6619/install/robot_interfaces/share/robot_interfaces/local_setup.dsv
[0.404s] -- Installing: /home/ioon/FRA502-LAB-6619/install/robot_interfaces/share/robot_interfaces/package.dsv
[0.404s] -- Up-to-date: /home/ioon/FRA502-LAB-6619/install/robot_interfaces/share/ament_index/resource_index/packages/robot_interfaces
[0.404s] -- Up-to-date: /home/ioon/FRA502-LAB-6619/install/robot_interfaces/share/robot_interfaces/cmake/export_robot_interfaces__rosidl_generator_cExport.cmake
[0.404s] -- Up-to-date: /home/ioon/FRA502-LAB-6619/install/robot_interfaces/share/robot_interfaces/cmake/export_robot_interfaces__rosidl_generator_cExport-noconfig.cmake
[0.405s] -- Up-to-date: /home/ioon/FRA502-LAB-6619/install/robot_interfaces/share/robot_interfaces/cmake/export_robot_interfaces__rosidl_typesupport_fastrtps_cExport.cmake
[0.405s] -- Up-to-date: /home/ioon/FRA502-LAB-6619/install/robot_interfaces/share/robot_interfaces/cmake/export_robot_interfaces__rosidl_typesupport_fastrtps_cExport-noconfig.cmake
[0.405s] -- Up-to-date: /home/ioon/FRA502-LAB-6619/install/robot_interfaces/share/robot_interfaces/cmake/export_robot_interfaces__rosidl_generator_cppExport.cmake
[0.405s] -- Up-to-date: /home/ioon/FRA502-LAB-6619/install/robot_interfaces/share/robot_interfaces/cmake/export_robot_interfaces__rosidl_typesupport_fastrtps_cppExport.cmake
[0.405s] -- Up-to-date: /home/ioon/FRA502-LAB-6619/install/robot_interfaces/share/robot_interfaces/cmake/export_robot_interfaces__rosidl_typesupport_fastrtps_cppExport-noconfig.cmake
[0.405s] -- Up-to-date: /home/ioon/FRA502-LAB-6619/install/robot_interfaces/share/robot_interfaces/cmake/robot_interfaces__rosidl_typesupport_introspection_cExport.cmake
[0.405s] -- Up-to-date: /home/ioon/FRA502-LAB-6619/install/robot_interfaces/share/robot_interfaces/cmake/robot_interfaces__rosidl_typesupport_introspection_cExport-noconfig.cmake
[0.405s] -- Up-to-date: /home/ioon/FRA502-LAB-6619/install/robot_interfaces/share/robot_interfaces/cmake/robot_interfaces__rosidl_typesupport_cExport.cmake
[0.405s] -- Up-to-date: /home/ioon/FRA502-LAB-6619/install/robot_interfaces/share/robot_interfaces/cmake/robot_interfaces__rosidl_typesupport_cExport-noconfig.cmake
[0.405s] -- Up-to-date: /home/ioon/FRA502-LAB-6619/install/robot_interfaces/share/robot_interfaces/cmake/robot_interfaces__rosidl_typesupport_introspection_cppExport.cmake
[0.405s] -- Up-to-date: /home/ioon/FRA502-LAB-6619/install/robot_interfaces/share/robot_interfaces/cmake/robot_interfaces__rosidl_typesupport_introspection_cppExport-noconfig.cmake
[0.405s] -- Up-to-date: /home/ioon/FRA502-LAB-6619/install/robot_interfaces/share/robot_interfaces/cmake/robot_interfaces__rosidl_typesupport_cppExport.cmake
[0.405s] -- Up-to-date: /home/ioon/FRA502-LAB-6619/install/robot_interfaces/share/robot_interfaces/cmake/robot_interfaces__rosidl_typesupport_cppExport-noconfig.cmake
[0.405s] -- Up-to-date: /home/ioon/FRA502-LAB-6619/install/robot_interfaces/share/robot_interfaces/cmake/export_robot_interfaces__rosidl_generator_pyExport.cmake
[0.405s] -- Up-to-date: /home/ioon/FRA502-LAB-6619/install/robot_interfaces/share/robot_interfaces/cmake/export_robot_interfaces__rosidl_generator_pyExport-noconfig.cmake
[0.405s] -- Up-to-date: /home/ioon/FRA502-LAB-6619/install/robot_interfaces/share/robot_interfaces/cmake/rosidl_cmake-extras.cmake
[0.405s] -- Up-to-date: /home/ioon/FRA502-LAB-6619/install/robot_interfaces/share/robot_interfaces/cmake/ament_cmake_export_dependencies-extras.cmake
[0.405s] -- Up-to-date: /home/ioon/FRA502-LAB-6619/install/robot_interfaces/share/robot_interfaces/cmake/ament_cmake_export_include_directories-extras.cmake
[0.405s] -- Up-to-date: /home/ioon/FRA502-LAB-6619/install/robot_interfaces/share/robot_interfaces/cmake/ament_cmake_export_libraries-extras.cmake
[0.405s] -- Up-to-date: /home/ioon/FRA502-LAB-6619/install/robot_interfaces/share/robot_interfaces/cmake/ament_cmake_export_targets-extras.cmake
[0.405s] -- Up-to-date: /home/ioon/FRA502-LAB-6619/install/robot_interfaces/share/robot_interfaces/cmake/rosidl_cmake_export_typesupport_targets-extras.cmake
[0.406s] -- Up-to-date: /home/ioon/FRA502-LAB-6619/install/robot_interfaces/share/robot_interfaces/cmake/rosidl_cmake_export_typesupport_libraries-extras.cmake
[0.406s] -- Up-to-date: /home/ioon/FRA502-LAB-6619/install/robot_interfaces/share/robot_interfaces/cmake/robot_interfacesConfig.cmake
[0.406s] -- Up-to-date: /home/ioon/FRA502-LAB-6619/install/robot_interfaces/share/robot_interfaces/cmake/robot_interfacesConfig-version.cmake
[0.406s] -- Up-to-date: /home/ioon/FRA502-LAB-6619/install/robot_interfaces/share/robot_interfaces/package.xml
[0.415s] Invoked command in '/home/ioon/FRA502-LAB-6619/build/robot_interfaces' returned '0': CMAKE_PREFIX_PATH=${CMAKE_PREFIX_PATH}:/home/ioon/ros2_ws/install/launch_testing_examples:/home/ioon/ros2_ws/install/joystick:/home/ioon/ros2_ws/install/examples_rclpy_pointcloud_publisher:/home/ioon/ros2_ws/install/examples_rclpy_minimal_subscriber:/home/ioon/ros2_ws/install/examples_rclpy_minimal_service:/home/ioon/ros2_ws/install/examples_rclpy_minimal_publisher:/home/ioon/ros2_ws/install/examples_rclpy_minimal_client:/home/ioon/ros2_ws/install/examples_rclpy_minimal_action_server:/home/ioon/ros2_ws/install/examples_rclpy_minimal_action_client:/home/ioon/ros2_ws/install/examples_rclpy_guard_conditions:/home/ioon/ros2_ws/install/examples_rclpy_executors:/opt/ros/humble /usr/bin/cmake --install /home/ioon/FRA502-LAB-6619/build/robot_interfaces
