[0.136s] DEBUG:colcon:Command line arguments: ['/usr/bin/colcon', 'build']
[0.136s] DEBUG:colcon:Parsed command line arguments: Namespace(log_base=None, log_level=None, verb_name='build', build_base='build', install_base='install', merge_install=False, symlink_install=False, test_result_base=None, continue_on_error=False, executor='parallel', parallel_workers=16, event_handlers=None, ignore_user_meta=False, metas=['./colcon.meta'], base_paths=['.'], packages_ignore=None, packages_ignore_regex=None, paths=None, packages_up_to=None, packages_up_to_regex=None, packages_above=None, packages_above_and_dependencies=None, packages_above_depth=None, packages_select_by_dep=None, packages_skip_by_dep=None, packages_skip_up_to=None, packages_select_build_failed=False, packages_skip_build_finished=False, packages_select_test_failures=False, packages_skip_test_passed=False, packages_select=None, packages_skip=None, packages_select_regex=None, packages_skip_regex=None, packages_start=None, packages_end=None, allow_overriding=[], cmake_args=None, cmake_target=None, cmake_target_skip_unavailable=False, cmake_clean_cache=False, cmake_clean_first=False, cmake_force_configure=False, ament_cmake_args=None, catkin_cmake_args=None, catkin_skip_building_tests=False, mixin_files=None, mixin=None, verb_parser=<colcon_mixin.mixin.mixin_argument.MixinArgumentDecorator object at 0x73926bd2c610>, verb_extension=<colcon_core.verb.build.BuildVerb object at 0x73926bcf7e50>, main=<bound method BuildVerb.main of <colcon_core.verb.build.BuildVerb object at 0x73926bcf7e50>>, mixin_verb=('build',))
[0.370s] Level 1:colcon.colcon_core.package_discovery:discover_packages(colcon_meta) check parameters
[0.370s] Level 1:colcon.colcon_core.package_discovery:discover_packages(recursive) check parameters
[0.370s] Level 1:colcon.colcon_core.package_discovery:discover_packages(ignore) check parameters
[0.370s] Level 1:colcon.colcon_core.package_discovery:discover_packages(path) check parameters
[0.370s] Level 1:colcon.colcon_core.package_discovery:discover_packages(colcon_meta) discover
[0.370s] Level 1:colcon.colcon_core.package_discovery:discover_packages(recursive) discover
[0.370s] INFO:colcon.colcon_core.package_discovery:Crawling recursively for packages in '/home/ioon/FRA502-LAB-6619'
[0.370s] Level 1:colcon.colcon_core.package_identification:_identify(.) by extensions ['ignore', 'ignore_ament_install']
[0.370s] Level 1:colcon.colcon_core.package_identification:_identify(.) by extension 'ignore'
[0.370s] Level 1:colcon.colcon_core.package_identification:_identify(.) by extension 'ignore_ament_install'
[0.370s] Level 1:colcon.colcon_core.package_identification:_identify(.) by extensions ['colcon_pkg']
[0.370s] Level 1:colcon.colcon_core.package_identification:_identify(.) by extension 'colcon_pkg'
[0.370s] Level 1:colcon.colcon_core.package_identification:_identify(.) by extensions ['colcon_meta']
[0.370s] Level 1:colcon.colcon_core.package_identification:_identify(.) by extension 'colcon_meta'
[0.370s] Level 1:colcon.colcon_core.package_identification:_identify(.) by extensions ['ros']
[0.370s] Level 1:colcon.colcon_core.package_identification:_identify(.) by extension 'ros'
[0.384s] Level 1:colcon.colcon_core.package_identification:_identify(.) by extensions ['cmake', 'python']
[0.384s] Level 1:colcon.colcon_core.package_identification:_identify(.) by extension 'cmake'
[0.384s] Level 1:colcon.colcon_core.package_identification:_identify(.) by extension 'python'
[0.384s] Level 1:colcon.colcon_core.package_identification:_identify(.) by extensions ['python_setup_py']
[0.384s] Level 1:colcon.colcon_core.package_identification:_identify(.) by extension 'python_setup_py'
[0.384s] Level 1:colcon.colcon_core.package_identification:_identify(build) by extensions ['ignore', 'ignore_ament_install']
[0.384s] Level 1:colcon.colcon_core.package_identification:_identify(build) by extension 'ignore'
[0.384s] Level 1:colcon.colcon_core.package_identification:_identify(build) ignored
[0.384s] Level 1:colcon.colcon_core.package_identification:_identify(install) by extensions ['ignore', 'ignore_ament_install']
[0.384s] Level 1:colcon.colcon_core.package_identification:_identify(install) by extension 'ignore'
[0.384s] Level 1:colcon.colcon_core.package_identification:_identify(install) ignored
[0.384s] Level 1:colcon.colcon_core.package_identification:_identify(log) by extensions ['ignore', 'ignore_ament_install']
[0.385s] Level 1:colcon.colcon_core.package_identification:_identify(log) by extension 'ignore'
[0.385s] Level 1:colcon.colcon_core.package_identification:_identify(log) ignored
[0.385s] Level 1:colcon.colcon_core.package_identification:_identify(src) by extensions ['ignore', 'ignore_ament_install']
[0.385s] Level 1:colcon.colcon_core.package_identification:_identify(src) by extension 'ignore'
[0.385s] Level 1:colcon.colcon_core.package_identification:_identify(src) by extension 'ignore_ament_install'
[0.385s] Level 1:colcon.colcon_core.package_identification:_identify(src) by extensions ['colcon_pkg']
[0.385s] Level 1:colcon.colcon_core.package_identification:_identify(src) by extension 'colcon_pkg'
[0.385s] Level 1:colcon.colcon_core.package_identification:_identify(src) by extensions ['colcon_meta']
[0.385s] Level 1:colcon.colcon_core.package_identification:_identify(src) by extension 'colcon_meta'
[0.385s] Level 1:colcon.colcon_core.package_identification:_identify(src) by extensions ['ros']
[0.385s] Level 1:colcon.colcon_core.package_identification:_identify(src) by extension 'ros'
[0.385s] Level 1:colcon.colcon_core.package_identification:_identify(src) by extensions ['cmake', 'python']
[0.385s] Level 1:colcon.colcon_core.package_identification:_identify(src) by extension 'cmake'
[0.385s] Level 1:colcon.colcon_core.package_identification:_identify(src) by extension 'python'
[0.385s] Level 1:colcon.colcon_core.package_identification:_identify(src) by extensions ['python_setup_py']
[0.385s] Level 1:colcon.colcon_core.package_identification:_identify(src) by extension 'python_setup_py'
[0.385s] Level 1:colcon.colcon_core.package_identification:_identify(src/LAB4) by extensions ['ignore', 'ignore_ament_install']
[0.385s] Level 1:colcon.colcon_core.package_identification:_identify(src/LAB4) by extension 'ignore'
[0.385s] Level 1:colcon.colcon_core.package_identification:_identify(src/LAB4) by extension 'ignore_ament_install'
[0.385s] Level 1:colcon.colcon_core.package_identification:_identify(src/LAB4) by extensions ['colcon_pkg']
[0.385s] Level 1:colcon.colcon_core.package_identification:_identify(src/LAB4) by extension 'colcon_pkg'
[0.385s] Level 1:colcon.colcon_core.package_identification:_identify(src/LAB4) by extensions ['colcon_meta']
[0.385s] Level 1:colcon.colcon_core.package_identification:_identify(src/LAB4) by extension 'colcon_meta'
[0.385s] Level 1:colcon.colcon_core.package_identification:_identify(src/LAB4) by extensions ['ros']
[0.385s] Level 1:colcon.colcon_core.package_identification:_identify(src/LAB4) by extension 'ros'
[0.388s] DEBUG:colcon.colcon_core.package_identification:Package 'src/LAB4' with type 'ros.ament_cmake' and name 'LAB4'
[0.388s] Level 1:colcon.colcon_core.package_identification:_identify(src/example_description) by extensions ['ignore', 'ignore_ament_install']
[0.388s] Level 1:colcon.colcon_core.package_identification:_identify(src/example_description) by extension 'ignore'
[0.388s] Level 1:colcon.colcon_core.package_identification:_identify(src/example_description) by extension 'ignore_ament_install'
[0.388s] Level 1:colcon.colcon_core.package_identification:_identify(src/example_description) by extensions ['colcon_pkg']
[0.388s] Level 1:colcon.colcon_core.package_identification:_identify(src/example_description) by extension 'colcon_pkg'
[0.388s] Level 1:colcon.colcon_core.package_identification:_identify(src/example_description) by extensions ['colcon_meta']
[0.388s] Level 1:colcon.colcon_core.package_identification:_identify(src/example_description) by extension 'colcon_meta'
[0.388s] Level 1:colcon.colcon_core.package_identification:_identify(src/example_description) by extensions ['ros']
[0.388s] Level 1:colcon.colcon_core.package_identification:_identify(src/example_description) by extension 'ros'
[0.389s] DEBUG:colcon.colcon_core.package_identification:Package 'src/example_description' with type 'ros.ament_cmake' and name 'example_description'
[0.389s] Level 1:colcon.colcon_core.package_identification:_identify(src/robot_interfaces) by extensions ['ignore', 'ignore_ament_install']
[0.389s] Level 1:colcon.colcon_core.package_identification:_identify(src/robot_interfaces) by extension 'ignore'
[0.389s] Level 1:colcon.colcon_core.package_identification:_identify(src/robot_interfaces) by extension 'ignore_ament_install'
[0.389s] Level 1:colcon.colcon_core.package_identification:_identify(src/robot_interfaces) by extensions ['colcon_pkg']
[0.389s] Level 1:colcon.colcon_core.package_identification:_identify(src/robot_interfaces) by extension 'colcon_pkg'
[0.389s] Level 1:colcon.colcon_core.package_identification:_identify(src/robot_interfaces) by extensions ['colcon_meta']
[0.389s] Level 1:colcon.colcon_core.package_identification:_identify(src/robot_interfaces) by extension 'colcon_meta'
[0.389s] Level 1:colcon.colcon_core.package_identification:_identify(src/robot_interfaces) by extensions ['ros']
[0.389s] Level 1:colcon.colcon_core.package_identification:_identify(src/robot_interfaces) by extension 'ros'
[0.390s] DEBUG:colcon.colcon_core.package_identification:Package 'src/robot_interfaces' with type 'ros.ament_cmake' and name 'robot_interfaces'
[0.390s] Level 1:colcon.colcon_core.package_discovery:discover_packages(recursive) using defaults
[0.390s] Level 1:colcon.colcon_core.package_discovery:discover_packages(ignore) discover
[0.390s] Level 1:colcon.colcon_core.package_discovery:discover_packages(ignore) using defaults
[0.390s] Level 1:colcon.colcon_core.package_discovery:discover_packages(path) discover
[0.390s] Level 1:colcon.colcon_core.package_discovery:discover_packages(path) using defaults
[0.409s] Level 1:colcon.colcon_core.package_discovery:discover_packages(prefix_path) check parameters
[0.409s] Level 1:colcon.colcon_core.package_discovery:discover_packages(prefix_path) discover
[0.414s] DEBUG:colcon.colcon_installed_package_information.package_discovery:Found 15 installed packages in /home/ioon/carver_ws/install
[0.415s] DEBUG:colcon.colcon_installed_package_information.package_discovery:Found 31 installed packages in /home/ioon/ros2_ws/install
[0.415s] DEBUG:colcon.colcon_installed_package_information.package_discovery:Found 1 installed packages in /home/ioon/Livox-MID360/ws_livox/install
[0.417s] DEBUG:colcon.colcon_installed_package_information.package_discovery:Found 469 installed packages in /opt/ros/humble
[0.419s] Level 1:colcon.colcon_core.package_discovery:discover_packages(prefix_path) using defaults
[0.478s] Level 5:colcon.colcon_core.verb:set package 'LAB4' build argument 'cmake_args' from command line to 'None'
[0.478s] Level 5:colcon.colcon_core.verb:set package 'LAB4' build argument 'cmake_target' from command line to 'None'
[0.478s] Level 5:colcon.colcon_core.verb:set package 'LAB4' build argument 'cmake_target_skip_unavailable' from command line to 'False'
[0.478s] Level 5:colcon.colcon_core.verb:set package 'LAB4' build argument 'cmake_clean_cache' from command line to 'False'
[0.478s] Level 5:colcon.colcon_core.verb:set package 'LAB4' build argument 'cmake_clean_first' from command line to 'False'
[0.478s] Level 5:colcon.colcon_core.verb:set package 'LAB4' build argument 'cmake_force_configure' from command line to 'False'
[0.478s] Level 5:colcon.colcon_core.verb:set package 'LAB4' build argument 'ament_cmake_args' from command line to 'None'
[0.478s] Level 5:colcon.colcon_core.verb:set package 'LAB4' build argument 'catkin_cmake_args' from command line to 'None'
[0.478s] Level 5:colcon.colcon_core.verb:set package 'LAB4' build argument 'catkin_skip_building_tests' from command line to 'False'
[0.478s] DEBUG:colcon.colcon_core.verb:Building package 'LAB4' with the following arguments: {'ament_cmake_args': None, 'build_base': '/home/ioon/FRA502-LAB-6619/build/LAB4', 'catkin_cmake_args': None, 'catkin_skip_building_tests': False, 'cmake_args': None, 'cmake_clean_cache': False, 'cmake_clean_first': False, 'cmake_force_configure': False, 'cmake_target': None, 'cmake_target_skip_unavailable': False, 'install_base': '/home/ioon/FRA502-LAB-6619/install/LAB4', 'merge_install': False, 'path': '/home/ioon/FRA502-LAB-6619/src/LAB4', 'symlink_install': False, 'test_result_base': None}
[0.479s] Level 5:colcon.colcon_core.verb:set package 'example_description' build argument 'cmake_args' from command line to 'None'
[0.479s] Level 5:colcon.colcon_core.verb:set package 'example_description' build argument 'cmake_target' from command line to 'None'
[0.479s] Level 5:colcon.colcon_core.verb:set package 'example_description' build argument 'cmake_target_skip_unavailable' from command line to 'False'
[0.479s] Level 5:colcon.colcon_core.verb:set package 'example_description' build argument 'cmake_clean_cache' from command line to 'False'
[0.479s] Level 5:colcon.colcon_core.verb:set package 'example_description' build argument 'cmake_clean_first' from command line to 'False'
[0.479s] Level 5:colcon.colcon_core.verb:set package 'example_description' build argument 'cmake_force_configure' from command line to 'False'
[0.479s] Level 5:colcon.colcon_core.verb:set package 'example_description' build argument 'ament_cmake_args' from command line to 'None'
[0.479s] Level 5:colcon.colcon_core.verb:set package 'example_description' build argument 'catkin_cmake_args' from command line to 'None'
[0.479s] Level 5:colcon.colcon_core.verb:set package 'example_description' build argument 'catkin_skip_building_tests' from command line to 'False'
[0.479s] DEBUG:colcon.colcon_core.verb:Building package 'example_description' with the following arguments: {'ament_cmake_args': None, 'build_base': '/home/ioon/FRA502-LAB-6619/build/example_description', 'catkin_cmake_args': None, 'catkin_skip_building_tests': False, 'cmake_args': None, 'cmake_clean_cache': False, 'cmake_clean_first': False, 'cmake_force_configure': False, 'cmake_target': None, 'cmake_target_skip_unavailable': False, 'install_base': '/home/ioon/FRA502-LAB-6619/install/example_description', 'merge_install': False, 'path': '/home/ioon/FRA502-LAB-6619/src/example_description', 'symlink_install': False, 'test_result_base': None}
[0.479s] Level 5:colcon.colcon_core.verb:set package 'robot_interfaces' build argument 'cmake_args' from command line to 'None'
[0.480s] Level 5:colcon.colcon_core.verb:set package 'robot_interfaces' build argument 'cmake_target' from command line to 'None'
[0.480s] Level 5:colcon.colcon_core.verb:set package 'robot_interfaces' build argument 'cmake_target_skip_unavailable' from command line to 'False'
[0.480s] Level 5:colcon.colcon_core.verb:set package 'robot_interfaces' build argument 'cmake_clean_cache' from command line to 'False'
[0.480s] Level 5:colcon.colcon_core.verb:set package 'robot_interfaces' build argument 'cmake_clean_first' from command line to 'False'
[0.480s] Level 5:colcon.colcon_core.verb:set package 'robot_interfaces' build argument 'cmake_force_configure' from command line to 'False'
[0.480s] Level 5:colcon.colcon_core.verb:set package 'robot_interfaces' build argument 'ament_cmake_args' from command line to 'None'
[0.480s] Level 5:colcon.colcon_core.verb:set package 'robot_interfaces' build argument 'catkin_cmake_args' from command line to 'None'
[0.480s] Level 5:colcon.colcon_core.verb:set package 'robot_interfaces' build argument 'catkin_skip_building_tests' from command line to 'False'
[0.480s] DEBUG:colcon.colcon_core.verb:Building package 'robot_interfaces' with the following arguments: {'ament_cmake_args': None, 'build_base': '/home/ioon/FRA502-LAB-6619/build/robot_interfaces', 'catkin_cmake_args': None, 'catkin_skip_building_tests': False, 'cmake_args': None, 'cmake_clean_cache': False, 'cmake_clean_first': False, 'cmake_force_configure': False, 'cmake_target': None, 'cmake_target_skip_unavailable': False, 'install_base': '/home/ioon/FRA502-LAB-6619/install/robot_interfaces', 'merge_install': False, 'path': '/home/ioon/FRA502-LAB-6619/src/robot_interfaces', 'symlink_install': False, 'test_result_base': None}
[0.480s] INFO:colcon.colcon_core.executor:Executing jobs using 'parallel' executor
[0.481s] DEBUG:colcon.colcon_parallel_executor.executor.parallel:run_until_complete
[0.481s] INFO:colcon.colcon_ros.task.ament_cmake.build:Building ROS package in '/home/ioon/FRA502-LAB-6619/src/LAB4' with build type 'ament_cmake'
[0.481s] INFO:colcon.colcon_cmake.task.cmake.build:Building CMake package in '/home/ioon/FRA502-LAB-6619/src/LAB4'
[0.484s] INFO:colcon.colcon_core.plugin_system:Skipping extension 'colcon_core.shell.bat': Not used on non-Windows systems
[0.484s] INFO:colcon.colcon_core.shell:Skip shell extension 'powershell' for command environment: Not usable outside of PowerShell
[0.484s] DEBUG:colcon.colcon_core.shell:Skip shell extension 'dsv' for command environment
[0.490s] INFO:colcon.colcon_ros.task.ament_cmake.build:Building ROS package in '/home/ioon/FRA502-LAB-6619/src/example_description' with build type 'ament_cmake'
[0.490s] INFO:colcon.colcon_cmake.task.cmake.build:Building CMake package in '/home/ioon/FRA502-LAB-6619/src/example_description'
[0.490s] INFO:colcon.colcon_core.shell:Skip shell extension 'powershell' for command environment: Not usable outside of PowerShell
[0.490s] DEBUG:colcon.colcon_core.shell:Skip shell extension 'dsv' for command environment
[0.496s] INFO:colcon.colcon_ros.task.ament_cmake.build:Building ROS package in '/home/ioon/FRA502-LAB-6619/src/robot_interfaces' with build type 'ament_cmake'
[0.496s] INFO:colcon.colcon_cmake.task.cmake.build:Building CMake package in '/home/ioon/FRA502-LAB-6619/src/robot_interfaces'
[0.496s] INFO:colcon.colcon_core.shell:Skip shell extension 'powershell' for command environment: Not usable outside of PowerShell
[0.496s] DEBUG:colcon.colcon_core.shell:Skip shell extension 'dsv' for command environment
[0.503s] DEBUG:colcon.colcon_core.event_handler.log_command:Invoking command in '/home/ioon/FRA502-LAB-6619/build/LAB4': CMAKE_PREFIX_PATH=${CMAKE_PREFIX_PATH}:/home/ioon/ros2_ws/install/launch_testing_examples:/home/ioon/ros2_ws/install/joystick:/home/ioon/ros2_ws/install/examples_rclpy_pointcloud_publisher:/home/ioon/ros2_ws/install/examples_rclpy_minimal_subscriber:/home/ioon/ros2_ws/install/examples_rclpy_minimal_service:/home/ioon/ros2_ws/install/examples_rclpy_minimal_publisher:/home/ioon/ros2_ws/install/examples_rclpy_minimal_client:/home/ioon/ros2_ws/install/examples_rclpy_minimal_action_server:/home/ioon/ros2_ws/install/examples_rclpy_minimal_action_client:/home/ioon/ros2_ws/install/examples_rclpy_guard_conditions:/home/ioon/ros2_ws/install/examples_rclpy_executors:/opt/ros/humble /usr/bin/cmake /home/ioon/FRA502-LAB-6619/src/LAB4 -DCMAKE_INSTALL_PREFIX=/home/ioon/FRA502-LAB-6619/install/LAB4
[0.507s] DEBUG:colcon.colcon_core.event_handler.log_command:Invoking command in '/home/ioon/FRA502-LAB-6619/build/example_description': CMAKE_PREFIX_PATH=${CMAKE_PREFIX_PATH}:/home/ioon/ros2_ws/install/launch_testing_examples:/home/ioon/ros2_ws/install/joystick:/home/ioon/ros2_ws/install/examples_rclpy_pointcloud_publisher:/home/ioon/ros2_ws/install/examples_rclpy_minimal_subscriber:/home/ioon/ros2_ws/install/examples_rclpy_minimal_service:/home/ioon/ros2_ws/install/examples_rclpy_minimal_publisher:/home/ioon/ros2_ws/install/examples_rclpy_minimal_client:/home/ioon/ros2_ws/install/examples_rclpy_minimal_action_server:/home/ioon/ros2_ws/install/examples_rclpy_minimal_action_client:/home/ioon/ros2_ws/install/examples_rclpy_guard_conditions:/home/ioon/ros2_ws/install/examples_rclpy_executors:/opt/ros/humble /usr/bin/cmake /home/ioon/FRA502-LAB-6619/src/example_description -DCMAKE_INSTALL_PREFIX=/home/ioon/FRA502-LAB-6619/install/example_description
[0.509s] DEBUG:colcon.colcon_core.event_handler.log_command:Invoking command in '/home/ioon/FRA502-LAB-6619/build/robot_interfaces': CMAKE_PREFIX_PATH=${CMAKE_PREFIX_PATH}:/home/ioon/ros2_ws/install/launch_testing_examples:/home/ioon/ros2_ws/install/joystick:/home/ioon/ros2_ws/install/examples_rclpy_pointcloud_publisher:/home/ioon/ros2_ws/install/examples_rclpy_minimal_subscriber:/home/ioon/ros2_ws/install/examples_rclpy_minimal_service:/home/ioon/ros2_ws/install/examples_rclpy_minimal_publisher:/home/ioon/ros2_ws/install/examples_rclpy_minimal_client:/home/ioon/ros2_ws/install/examples_rclpy_minimal_action_server:/home/ioon/ros2_ws/install/examples_rclpy_minimal_action_client:/home/ioon/ros2_ws/install/examples_rclpy_guard_conditions:/home/ioon/ros2_ws/install/examples_rclpy_executors:/opt/ros/humble /usr/bin/cmake /home/ioon/FRA502-LAB-6619/src/robot_interfaces -DCMAKE_INSTALL_PREFIX=/home/ioon/FRA502-LAB-6619/install/robot_interfaces
[2.067s] DEBUG:colcon.colcon_core.event_handler.log_command:Invoked command in '/home/ioon/FRA502-LAB-6619/build/LAB4' returned '0': CMAKE_PREFIX_PATH=${CMAKE_PREFIX_PATH}:/home/ioon/ros2_ws/install/launch_testing_examples:/home/ioon/ros2_ws/install/joystick:/home/ioon/ros2_ws/install/examples_rclpy_pointcloud_publisher:/home/ioon/ros2_ws/install/examples_rclpy_minimal_subscriber:/home/ioon/ros2_ws/install/examples_rclpy_minimal_service:/home/ioon/ros2_ws/install/examples_rclpy_minimal_publisher:/home/ioon/ros2_ws/install/examples_rclpy_minimal_client:/home/ioon/ros2_ws/install/examples_rclpy_minimal_action_server:/home/ioon/ros2_ws/install/examples_rclpy_minimal_action_client:/home/ioon/ros2_ws/install/examples_rclpy_guard_conditions:/home/ioon/ros2_ws/install/examples_rclpy_executors:/opt/ros/humble /usr/bin/cmake /home/ioon/FRA502-LAB-6619/src/LAB4 -DCMAKE_INSTALL_PREFIX=/home/ioon/FRA502-LAB-6619/install/LAB4
[2.068s] DEBUG:colcon.colcon_core.event_handler.log_command:Invoking command in '/home/ioon/FRA502-LAB-6619/build/LAB4': CMAKE_PREFIX_PATH=${CMAKE_PREFIX_PATH}:/home/ioon/ros2_ws/install/launch_testing_examples:/home/ioon/ros2_ws/install/joystick:/home/ioon/ros2_ws/install/examples_rclpy_pointcloud_publisher:/home/ioon/ros2_ws/install/examples_rclpy_minimal_subscriber:/home/ioon/ros2_ws/install/examples_rclpy_minimal_service:/home/ioon/ros2_ws/install/examples_rclpy_minimal_publisher:/home/ioon/ros2_ws/install/examples_rclpy_minimal_client:/home/ioon/ros2_ws/install/examples_rclpy_minimal_action_server:/home/ioon/ros2_ws/install/examples_rclpy_minimal_action_client:/home/ioon/ros2_ws/install/examples_rclpy_guard_conditions:/home/ioon/ros2_ws/install/examples_rclpy_executors:/opt/ros/humble /usr/bin/cmake --build /home/ioon/FRA502-LAB-6619/build/LAB4 -- -j16 -l16
[2.070s] DEBUG:colcon.colcon_core.event_handler.log_command:Invoked command in '/home/ioon/FRA502-LAB-6619/build/example_description' returned '0': CMAKE_PREFIX_PATH=${CMAKE_PREFIX_PATH}:/home/ioon/ros2_ws/install/launch_testing_examples:/home/ioon/ros2_ws/install/joystick:/home/ioon/ros2_ws/install/examples_rclpy_pointcloud_publisher:/home/ioon/ros2_ws/install/examples_rclpy_minimal_subscriber:/home/ioon/ros2_ws/install/examples_rclpy_minimal_service:/home/ioon/ros2_ws/install/examples_rclpy_minimal_publisher:/home/ioon/ros2_ws/install/examples_rclpy_minimal_client:/home/ioon/ros2_ws/install/examples_rclpy_minimal_action_server:/home/ioon/ros2_ws/install/examples_rclpy_minimal_action_client:/home/ioon/ros2_ws/install/examples_rclpy_guard_conditions:/home/ioon/ros2_ws/install/examples_rclpy_executors:/opt/ros/humble /usr/bin/cmake /home/ioon/FRA502-LAB-6619/src/example_description -DCMAKE_INSTALL_PREFIX=/home/ioon/FRA502-LAB-6619/install/example_description
[2.071s] DEBUG:colcon.colcon_core.event_handler.log_command:Invoking command in '/home/ioon/FRA502-LAB-6619/build/example_description': CMAKE_PREFIX_PATH=${CMAKE_PREFIX_PATH}:/home/ioon/ros2_ws/install/launch_testing_examples:/home/ioon/ros2_ws/install/joystick:/home/ioon/ros2_ws/install/examples_rclpy_pointcloud_publisher:/home/ioon/ros2_ws/install/examples_rclpy_minimal_subscriber:/home/ioon/ros2_ws/install/examples_rclpy_minimal_service:/home/ioon/ros2_ws/install/examples_rclpy_minimal_publisher:/home/ioon/ros2_ws/install/examples_rclpy_minimal_client:/home/ioon/ros2_ws/install/examples_rclpy_minimal_action_server:/home/ioon/ros2_ws/install/examples_rclpy_minimal_action_client:/home/ioon/ros2_ws/install/examples_rclpy_guard_conditions:/home/ioon/ros2_ws/install/examples_rclpy_executors:/opt/ros/humble /usr/bin/cmake --build /home/ioon/FRA502-LAB-6619/build/example_description -- -j16 -l16
[2.467s] DEBUG:colcon.colcon_core.event_handler.log_command:Invoked command in '/home/ioon/FRA502-LAB-6619/build/example_description' returned '0': CMAKE_PREFIX_PATH=${CMAKE_PREFIX_PATH}:/home/ioon/ros2_ws/install/launch_testing_examples:/home/ioon/ros2_ws/install/joystick:/home/ioon/ros2_ws/install/examples_rclpy_pointcloud_publisher:/home/ioon/ros2_ws/install/examples_rclpy_minimal_subscriber:/home/ioon/ros2_ws/install/examples_rclpy_minimal_service:/home/ioon/ros2_ws/install/examples_rclpy_minimal_publisher:/home/ioon/ros2_ws/install/examples_rclpy_minimal_client:/home/ioon/ros2_ws/install/examples_rclpy_minimal_action_server:/home/ioon/ros2_ws/install/examples_rclpy_minimal_action_client:/home/ioon/ros2_ws/install/examples_rclpy_guard_conditions:/home/ioon/ros2_ws/install/examples_rclpy_executors:/opt/ros/humble /usr/bin/cmake --build /home/ioon/FRA502-LAB-6619/build/example_description -- -j16 -l16
[2.477s] DEBUG:colcon.colcon_core.event_handler.log_command:Invoking command in '/home/ioon/FRA502-LAB-6619/build/example_description': CMAKE_PREFIX_PATH=${CMAKE_PREFIX_PATH}:/home/ioon/ros2_ws/install/launch_testing_examples:/home/ioon/ros2_ws/install/joystick:/home/ioon/ros2_ws/install/examples_rclpy_pointcloud_publisher:/home/ioon/ros2_ws/install/examples_rclpy_minimal_subscriber:/home/ioon/ros2_ws/install/examples_rclpy_minimal_service:/home/ioon/ros2_ws/install/examples_rclpy_minimal_publisher:/home/ioon/ros2_ws/install/examples_rclpy_minimal_client:/home/ioon/ros2_ws/install/examples_rclpy_minimal_action_server:/home/ioon/ros2_ws/install/examples_rclpy_minimal_action_client:/home/ioon/ros2_ws/install/examples_rclpy_guard_conditions:/home/ioon/ros2_ws/install/examples_rclpy_executors:/opt/ros/humble /usr/bin/cmake --install /home/ioon/FRA502-LAB-6619/build/example_description
[2.478s] DEBUG:colcon.colcon_core.event_handler.log_command:Invoked command in '/home/ioon/FRA502-LAB-6619/build/LAB4' returned '0': CMAKE_PREFIX_PATH=${CMAKE_PREFIX_PATH}:/home/ioon/ros2_ws/install/launch_testing_examples:/home/ioon/ros2_ws/install/joystick:/home/ioon/ros2_ws/install/examples_rclpy_pointcloud_publisher:/home/ioon/ros2_ws/install/examples_rclpy_minimal_subscriber:/home/ioon/ros2_ws/install/examples_rclpy_minimal_service:/home/ioon/ros2_ws/install/examples_rclpy_minimal_publisher:/home/ioon/ros2_ws/install/examples_rclpy_minimal_client:/home/ioon/ros2_ws/install/examples_rclpy_minimal_action_server:/home/ioon/ros2_ws/install/examples_rclpy_minimal_action_client:/home/ioon/ros2_ws/install/examples_rclpy_guard_conditions:/home/ioon/ros2_ws/install/examples_rclpy_executors:/opt/ros/humble /usr/bin/cmake --build /home/ioon/FRA502-LAB-6619/build/LAB4 -- -j16 -l16
[2.479s] DEBUG:colcon.colcon_core.event_handler.log_command:Invoking command in '/home/ioon/FRA502-LAB-6619/build/LAB4': CMAKE_PREFIX_PATH=${CMAKE_PREFIX_PATH}:/home/ioon/ros2_ws/install/launch_testing_examples:/home/ioon/ros2_ws/install/joystick:/home/ioon/ros2_ws/install/examples_rclpy_pointcloud_publisher:/home/ioon/ros2_ws/install/examples_rclpy_minimal_subscriber:/home/ioon/ros2_ws/install/examples_rclpy_minimal_service:/home/ioon/ros2_ws/install/examples_rclpy_minimal_publisher:/home/ioon/ros2_ws/install/examples_rclpy_minimal_client:/home/ioon/ros2_ws/install/examples_rclpy_minimal_action_server:/home/ioon/ros2_ws/install/examples_rclpy_minimal_action_client:/home/ioon/ros2_ws/install/examples_rclpy_guard_conditions:/home/ioon/ros2_ws/install/examples_rclpy_executors:/opt/ros/humble /usr/bin/cmake --install /home/ioon/FRA502-LAB-6619/build/LAB4
[2.512s] DEBUG:colcon.colcon_core.event_handler.log_command:Invoked command in '/home/ioon/FRA502-LAB-6619/build/robot_interfaces' returned '0': CMAKE_PREFIX_PATH=${CMAKE_PREFIX_PATH}:/home/ioon/ros2_ws/install/launch_testing_examples:/home/ioon/ros2_ws/install/joystick:/home/ioon/ros2_ws/install/examples_rclpy_pointcloud_publisher:/home/ioon/ros2_ws/install/examples_rclpy_minimal_subscriber:/home/ioon/ros2_ws/install/examples_rclpy_minimal_service:/home/ioon/ros2_ws/install/examples_rclpy_minimal_publisher:/home/ioon/ros2_ws/install/examples_rclpy_minimal_client:/home/ioon/ros2_ws/install/examples_rclpy_minimal_action_server:/home/ioon/ros2_ws/install/examples_rclpy_minimal_action_client:/home/ioon/ros2_ws/install/examples_rclpy_guard_conditions:/home/ioon/ros2_ws/install/examples_rclpy_executors:/opt/ros/humble /usr/bin/cmake /home/ioon/FRA502-LAB-6619/src/robot_interfaces -DCMAKE_INSTALL_PREFIX=/home/ioon/FRA502-LAB-6619/install/robot_interfaces
[2.513s] DEBUG:colcon.colcon_core.event_handler.log_command:Invoking command in '/home/ioon/FRA502-LAB-6619/build/robot_interfaces': CMAKE_PREFIX_PATH=${CMAKE_PREFIX_PATH}:/home/ioon/ros2_ws/install/launch_testing_examples:/home/ioon/ros2_ws/install/joystick:/home/ioon/ros2_ws/install/examples_rclpy_pointcloud_publisher:/home/ioon/ros2_ws/install/examples_rclpy_minimal_subscriber:/home/ioon/ros2_ws/install/examples_rclpy_minimal_service:/home/ioon/ros2_ws/install/examples_rclpy_minimal_publisher:/home/ioon/ros2_ws/install/examples_rclpy_minimal_client:/home/ioon/ros2_ws/install/examples_rclpy_minimal_action_server:/home/ioon/ros2_ws/install/examples_rclpy_minimal_action_client:/home/ioon/ros2_ws/install/examples_rclpy_guard_conditions:/home/ioon/ros2_ws/install/examples_rclpy_executors:/opt/ros/humble /usr/bin/cmake --build /home/ioon/FRA502-LAB-6619/build/robot_interfaces -- -j16 -l16
[2.532s] Level 1:colcon.colcon_core.environment:create_environment_scripts_only(LAB4)
[2.532s] DEBUG:colcon.colcon_core.event_handler.log_command:Invoked command in '/home/ioon/FRA502-LAB-6619/build/LAB4' returned '0': CMAKE_PREFIX_PATH=${CMAKE_PREFIX_PATH}:/home/ioon/ros2_ws/install/launch_testing_examples:/home/ioon/ros2_ws/install/joystick:/home/ioon/ros2_ws/install/examples_rclpy_pointcloud_publisher:/home/ioon/ros2_ws/install/examples_rclpy_minimal_subscriber:/home/ioon/ros2_ws/install/examples_rclpy_minimal_service:/home/ioon/ros2_ws/install/examples_rclpy_minimal_publisher:/home/ioon/ros2_ws/install/examples_rclpy_minimal_client:/home/ioon/ros2_ws/install/examples_rclpy_minimal_action_server:/home/ioon/ros2_ws/install/examples_rclpy_minimal_action_client:/home/ioon/ros2_ws/install/examples_rclpy_guard_conditions:/home/ioon/ros2_ws/install/examples_rclpy_executors:/opt/ros/humble /usr/bin/cmake --install /home/ioon/FRA502-LAB-6619/build/LAB4
[2.536s] Level 1:colcon.colcon_core.environment:checking '/home/ioon/FRA502-LAB-6619/install/LAB4' for CMake module files
[2.536s] Level 1:colcon.colcon_core.environment:checking '/home/ioon/FRA502-LAB-6619/install/LAB4' for CMake config files
[2.536s] Level 1:colcon.colcon_core.shell:create_environment_hook('LAB4', 'cmake_prefix_path')
[2.537s] INFO:colcon.colcon_core.shell:Creating environment hook '/home/ioon/FRA502-LAB-6619/install/LAB4/share/LAB4/hook/cmake_prefix_path.ps1'
[2.537s] INFO:colcon.colcon_core.shell:Creating environment descriptor '/home/ioon/FRA502-LAB-6619/install/LAB4/share/LAB4/hook/cmake_prefix_path.dsv'
[2.538s] INFO:colcon.colcon_core.shell:Creating environment hook '/home/ioon/FRA502-LAB-6619/install/LAB4/share/LAB4/hook/cmake_prefix_path.sh'
[2.539s] Level 1:colcon.colcon_core.environment:checking '/home/ioon/FRA502-LAB-6619/install/LAB4/lib'
[2.539s] Level 1:colcon.colcon_core.environment:checking '/home/ioon/FRA502-LAB-6619/install/LAB4/bin'
[2.539s] Level 1:colcon.colcon_core.environment:checking '/home/ioon/FRA502-LAB-6619/install/LAB4/lib/pkgconfig/LAB4.pc'
[2.539s] Level 1:colcon.colcon_core.environment:checking '/home/ioon/FRA502-LAB-6619/install/LAB4/lib/python3.10/site-packages'
[2.539s] Level 1:colcon.colcon_core.environment:checking '/home/ioon/FRA502-LAB-6619/install/LAB4/bin'
[2.540s] INFO:colcon.colcon_core.shell:Creating package script '/home/ioon/FRA502-LAB-6619/install/LAB4/share/LAB4/package.ps1'
[2.540s] INFO:colcon.colcon_core.shell:Creating package descriptor '/home/ioon/FRA502-LAB-6619/install/LAB4/share/LAB4/package.dsv'
[2.541s] INFO:colcon.colcon_core.shell:Creating package script '/home/ioon/FRA502-LAB-6619/install/LAB4/share/LAB4/package.sh'
[2.542s] INFO:colcon.colcon_core.shell:Creating package script '/home/ioon/FRA502-LAB-6619/install/LAB4/share/LAB4/package.bash'
[2.542s] INFO:colcon.colcon_core.shell:Creating package script '/home/ioon/FRA502-LAB-6619/install/LAB4/share/LAB4/package.zsh'
[2.543s] Level 1:colcon.colcon_core.environment:create_file_with_runtime_dependencies(/home/ioon/FRA502-LAB-6619/install/LAB4/share/colcon-core/packages/LAB4)
[2.543s] Level 1:colcon.colcon_core.environment:create_environment_scripts_only(LAB4)
[2.544s] Level 1:colcon.colcon_core.environment:checking '/home/ioon/FRA502-LAB-6619/install/LAB4' for CMake module files
[2.544s] Level 1:colcon.colcon_core.environment:checking '/home/ioon/FRA502-LAB-6619/install/LAB4' for CMake config files
[2.544s] Level 1:colcon.colcon_core.shell:create_environment_hook('LAB4', 'cmake_prefix_path')
[2.544s] INFO:colcon.colcon_core.shell:Creating environment hook '/home/ioon/FRA502-LAB-6619/install/LAB4/share/LAB4/hook/cmake_prefix_path.ps1'
[2.544s] INFO:colcon.colcon_core.shell:Creating environment descriptor '/home/ioon/FRA502-LAB-6619/install/LAB4/share/LAB4/hook/cmake_prefix_path.dsv'
[2.545s] INFO:colcon.colcon_core.shell:Creating environment hook '/home/ioon/FRA502-LAB-6619/install/LAB4/share/LAB4/hook/cmake_prefix_path.sh'
[2.545s] Level 1:colcon.colcon_core.environment:checking '/home/ioon/FRA502-LAB-6619/install/LAB4/lib'
[2.545s] Level 1:colcon.colcon_core.environment:checking '/home/ioon/FRA502-LAB-6619/install/LAB4/bin'
[2.545s] Level 1:colcon.colcon_core.environment:checking '/home/ioon/FRA502-LAB-6619/install/LAB4/lib/pkgconfig/LAB4.pc'
[2.545s] Level 1:colcon.colcon_core.environment:checking '/home/ioon/FRA502-LAB-6619/install/LAB4/lib/python3.10/site-packages'
[2.545s] Level 1:colcon.colcon_core.environment:checking '/home/ioon/FRA502-LAB-6619/install/LAB4/bin'
[2.545s] INFO:colcon.colcon_core.shell:Creating package script '/home/ioon/FRA502-LAB-6619/install/LAB4/share/LAB4/package.ps1'
[2.546s] INFO:colcon.colcon_core.shell:Creating package descriptor '/home/ioon/FRA502-LAB-6619/install/LAB4/share/LAB4/package.dsv'
[2.546s] INFO:colcon.colcon_core.shell:Creating package script '/home/ioon/FRA502-LAB-6619/install/LAB4/share/LAB4/package.sh'
[2.546s] INFO:colcon.colcon_core.shell:Creating package script '/home/ioon/FRA502-LAB-6619/install/LAB4/share/LAB4/package.bash'
[2.547s] INFO:colcon.colcon_core.shell:Creating package script '/home/ioon/FRA502-LAB-6619/install/LAB4/share/LAB4/package.zsh'
[2.547s] Level 1:colcon.colcon_core.environment:create_file_with_runtime_dependencies(/home/ioon/FRA502-LAB-6619/install/LAB4/share/colcon-core/packages/LAB4)
[2.548s] Level 1:colcon.colcon_core.environment:create_environment_scripts_only(example_description)
[2.548s] Level 1:colcon.colcon_core.environment:checking '/home/ioon/FRA502-LAB-6619/install/example_description' for CMake module files
[2.548s] DEBUG:colcon.colcon_core.event_handler.log_command:Invoked command in '/home/ioon/FRA502-LAB-6619/build/example_description' returned '0': CMAKE_PREFIX_PATH=${CMAKE_PREFIX_PATH}:/home/ioon/ros2_ws/install/launch_testing_examples:/home/ioon/ros2_ws/install/joystick:/home/ioon/ros2_ws/install/examples_rclpy_pointcloud_publisher:/home/ioon/ros2_ws/install/examples_rclpy_minimal_subscriber:/home/ioon/ros2_ws/install/examples_rclpy_minimal_service:/home/ioon/ros2_ws/install/examples_rclpy_minimal_publisher:/home/ioon/ros2_ws/install/examples_rclpy_minimal_client:/home/ioon/ros2_ws/install/examples_rclpy_minimal_action_server:/home/ioon/ros2_ws/install/examples_rclpy_minimal_action_client:/home/ioon/ros2_ws/install/examples_rclpy_guard_conditions:/home/ioon/ros2_ws/install/examples_rclpy_executors:/opt/ros/humble /usr/bin/cmake --install /home/ioon/FRA502-LAB-6619/build/example_description
[2.549s] Level 1:colcon.colcon_core.environment:checking '/home/ioon/FRA502-LAB-6619/install/example_description' for CMake config files
[2.549s] Level 1:colcon.colcon_core.shell:create_environment_hook('example_description', 'cmake_prefix_path')
[2.549s] INFO:colcon.colcon_core.shell:Creating environment hook '/home/ioon/FRA502-LAB-6619/install/example_description/share/example_description/hook/cmake_prefix_path.ps1'
[2.549s] INFO:colcon.colcon_core.shell:Creating environment descriptor '/home/ioon/FRA502-LAB-6619/install/example_description/share/example_description/hook/cmake_prefix_path.dsv'
[2.549s] INFO:colcon.colcon_core.shell:Creating environment hook '/home/ioon/FRA502-LAB-6619/install/example_description/share/example_description/hook/cmake_prefix_path.sh'
[2.550s] Level 1:colcon.colcon_core.environment:checking '/home/ioon/FRA502-LAB-6619/install/example_description/lib'
[2.550s] Level 1:colcon.colcon_core.environment:checking '/home/ioon/FRA502-LAB-6619/install/example_description/bin'
[2.550s] Level 1:colcon.colcon_core.environment:checking '/home/ioon/FRA502-LAB-6619/install/example_description/lib/pkgconfig/example_description.pc'
[2.550s] Level 1:colcon.colcon_core.environment:checking '/home/ioon/FRA502-LAB-6619/install/example_description/lib/python3.10/site-packages'
[2.550s] Level 1:colcon.colcon_core.environment:checking '/home/ioon/FRA502-LAB-6619/install/example_description/bin'
[2.550s] INFO:colcon.colcon_core.shell:Creating package script '/home/ioon/FRA502-LAB-6619/install/example_description/share/example_description/package.ps1'
[2.551s] INFO:colcon.colcon_core.shell:Creating package descriptor '/home/ioon/FRA502-LAB-6619/install/example_description/share/example_description/package.dsv'
[2.551s] INFO:colcon.colcon_core.shell:Creating package script '/home/ioon/FRA502-LAB-6619/install/example_description/share/example_description/package.sh'
[2.551s] INFO:colcon.colcon_core.shell:Creating package script '/home/ioon/FRA502-LAB-6619/install/example_description/share/example_description/package.bash'
[2.551s] INFO:colcon.colcon_core.shell:Creating package script '/home/ioon/FRA502-LAB-6619/install/example_description/share/example_description/package.zsh'
[2.551s] Level 1:colcon.colcon_core.environment:create_file_with_runtime_dependencies(/home/ioon/FRA502-LAB-6619/install/example_description/share/colcon-core/packages/example_description)
[2.552s] Level 1:colcon.colcon_core.environment:create_environment_scripts_only(example_description)
[2.552s] Level 1:colcon.colcon_core.environment:checking '/home/ioon/FRA502-LAB-6619/install/example_description' for CMake module files
[2.552s] Level 1:colcon.colcon_core.environment:checking '/home/ioon/FRA502-LAB-6619/install/example_description' for CMake config files
[2.553s] Level 1:colcon.colcon_core.shell:create_environment_hook('example_description', 'cmake_prefix_path')
[2.553s] INFO:colcon.colcon_core.shell:Creating environment hook '/home/ioon/FRA502-LAB-6619/install/example_description/share/example_description/hook/cmake_prefix_path.ps1'
[2.553s] INFO:colcon.colcon_core.shell:Creating environment descriptor '/home/ioon/FRA502-LAB-6619/install/example_description/share/example_description/hook/cmake_prefix_path.dsv'
[2.553s] INFO:colcon.colcon_core.shell:Creating environment hook '/home/ioon/FRA502-LAB-6619/install/example_description/share/example_description/hook/cmake_prefix_path.sh'
[2.554s] Level 1:colcon.colcon_core.environment:checking '/home/ioon/FRA502-LAB-6619/install/example_description/lib'
[2.554s] Level 1:colcon.colcon_core.environment:checking '/home/ioon/FRA502-LAB-6619/install/example_description/bin'
[2.554s] Level 1:colcon.colcon_core.environment:checking '/home/ioon/FRA502-LAB-6619/install/example_description/lib/pkgconfig/example_description.pc'
[2.554s] Level 1:colcon.colcon_core.environment:checking '/home/ioon/FRA502-LAB-6619/install/example_description/lib/python3.10/site-packages'
[2.554s] Level 1:colcon.colcon_core.environment:checking '/home/ioon/FRA502-LAB-6619/install/example_description/bin'
[2.554s] INFO:colcon.colcon_core.shell:Creating package script '/home/ioon/FRA502-LAB-6619/install/example_description/share/example_description/package.ps1'
[2.555s] INFO:colcon.colcon_core.shell:Creating package descriptor '/home/ioon/FRA502-LAB-6619/install/example_description/share/example_description/package.dsv'
[2.555s] INFO:colcon.colcon_core.shell:Creating package script '/home/ioon/FRA502-LAB-6619/install/example_description/share/example_description/package.sh'
[2.555s] INFO:colcon.colcon_core.shell:Creating package script '/home/ioon/FRA502-LAB-6619/install/example_description/share/example_description/package.bash'
[2.556s] INFO:colcon.colcon_core.shell:Creating package script '/home/ioon/FRA502-LAB-6619/install/example_description/share/example_description/package.zsh'
[2.556s] Level 1:colcon.colcon_core.environment:create_file_with_runtime_dependencies(/home/ioon/FRA502-LAB-6619/install/example_description/share/colcon-core/packages/example_description)
[4.660s] DEBUG:colcon.colcon_core.event_handler.log_command:Invoked command in '/home/ioon/FRA502-LAB-6619/build/robot_interfaces' returned '0': CMAKE_PREFIX_PATH=${CMAKE_PREFIX_PATH}:/home/ioon/ros2_ws/install/launch_testing_examples:/home/ioon/ros2_ws/install/joystick:/home/ioon/ros2_ws/install/examples_rclpy_pointcloud_publisher:/home/ioon/ros2_ws/install/examples_rclpy_minimal_subscriber:/home/ioon/ros2_ws/install/examples_rclpy_minimal_service:/home/ioon/ros2_ws/install/examples_rclpy_minimal_publisher:/home/ioon/ros2_ws/install/examples_rclpy_minimal_client:/home/ioon/ros2_ws/install/examples_rclpy_minimal_action_server:/home/ioon/ros2_ws/install/examples_rclpy_minimal_action_client:/home/ioon/ros2_ws/install/examples_rclpy_guard_conditions:/home/ioon/ros2_ws/install/examples_rclpy_executors:/opt/ros/humble /usr/bin/cmake --build /home/ioon/FRA502-LAB-6619/build/robot_interfaces -- -j16 -l16
[4.661s] DEBUG:colcon.colcon_core.event_handler.log_command:Invoking command in '/home/ioon/FRA502-LAB-6619/build/robot_interfaces': CMAKE_PREFIX_PATH=${CMAKE_PREFIX_PATH}:/home/ioon/ros2_ws/install/launch_testing_examples:/home/ioon/ros2_ws/install/joystick:/home/ioon/ros2_ws/install/examples_rclpy_pointcloud_publisher:/home/ioon/ros2_ws/install/examples_rclpy_minimal_subscriber:/home/ioon/ros2_ws/install/examples_rclpy_minimal_service:/home/ioon/ros2_ws/install/examples_rclpy_minimal_publisher:/home/ioon/ros2_ws/install/examples_rclpy_minimal_client:/home/ioon/ros2_ws/install/examples_rclpy_minimal_action_server:/home/ioon/ros2_ws/install/examples_rclpy_minimal_action_client:/home/ioon/ros2_ws/install/examples_rclpy_guard_conditions:/home/ioon/ros2_ws/install/examples_rclpy_executors:/opt/ros/humble /usr/bin/cmake --install /home/ioon/FRA502-LAB-6619/build/robot_interfaces
[4.732s] Level 1:colcon.colcon_core.environment:create_environment_scripts_only(robot_interfaces)
[4.732s] Level 1:colcon.colcon_core.environment:checking '/home/ioon/FRA502-LAB-6619/install/robot_interfaces' for CMake module files
[4.732s] DEBUG:colcon.colcon_core.event_handler.log_command:Invoked command in '/home/ioon/FRA502-LAB-6619/build/robot_interfaces' returned '0': CMAKE_PREFIX_PATH=${CMAKE_PREFIX_PATH}:/home/ioon/ros2_ws/install/launch_testing_examples:/home/ioon/ros2_ws/install/joystick:/home/ioon/ros2_ws/install/examples_rclpy_pointcloud_publisher:/home/ioon/ros2_ws/install/examples_rclpy_minimal_subscriber:/home/ioon/ros2_ws/install/examples_rclpy_minimal_service:/home/ioon/ros2_ws/install/examples_rclpy_minimal_publisher:/home/ioon/ros2_ws/install/examples_rclpy_minimal_client:/home/ioon/ros2_ws/install/examples_rclpy_minimal_action_server:/home/ioon/ros2_ws/install/examples_rclpy_minimal_action_client:/home/ioon/ros2_ws/install/examples_rclpy_guard_conditions:/home/ioon/ros2_ws/install/examples_rclpy_executors:/opt/ros/humble /usr/bin/cmake --install /home/ioon/FRA502-LAB-6619/build/robot_interfaces
[4.733s] Level 1:colcon.colcon_core.environment:checking '/home/ioon/FRA502-LAB-6619/install/robot_interfaces' for CMake config files
[4.733s] Level 1:colcon.colcon_core.shell:create_environment_hook('robot_interfaces', 'cmake_prefix_path')
[4.733s] INFO:colcon.colcon_core.shell:Creating environment hook '/home/ioon/FRA502-LAB-6619/install/robot_interfaces/share/robot_interfaces/hook/cmake_prefix_path.ps1'
[4.733s] INFO:colcon.colcon_core.shell:Creating environment descriptor '/home/ioon/FRA502-LAB-6619/install/robot_interfaces/share/robot_interfaces/hook/cmake_prefix_path.dsv'
[4.734s] INFO:colcon.colcon_core.shell:Creating environment hook '/home/ioon/FRA502-LAB-6619/install/robot_interfaces/share/robot_interfaces/hook/cmake_prefix_path.sh'
[4.734s] Level 1:colcon.colcon_core.environment:checking '/home/ioon/FRA502-LAB-6619/install/robot_interfaces/lib'
[4.734s] Level 1:colcon.colcon_core.shell:create_environment_hook('robot_interfaces', 'ld_library_path_lib')
[4.734s] INFO:colcon.colcon_core.shell:Creating environment hook '/home/ioon/FRA502-LAB-6619/install/robot_interfaces/share/robot_interfaces/hook/ld_library_path_lib.ps1'
[4.734s] INFO:colcon.colcon_core.shell:Creating environment descriptor '/home/ioon/FRA502-LAB-6619/install/robot_interfaces/share/robot_interfaces/hook/ld_library_path_lib.dsv'
[4.735s] INFO:colcon.colcon_core.shell:Creating environment hook '/home/ioon/FRA502-LAB-6619/install/robot_interfaces/share/robot_interfaces/hook/ld_library_path_lib.sh'
[4.735s] Level 1:colcon.colcon_core.environment:checking '/home/ioon/FRA502-LAB-6619/install/robot_interfaces/bin'
[4.735s] Level 1:colcon.colcon_core.environment:checking '/home/ioon/FRA502-LAB-6619/install/robot_interfaces/lib/pkgconfig/robot_interfaces.pc'
[4.735s] Level 1:colcon.colcon_core.environment:checking '/home/ioon/FRA502-LAB-6619/install/robot_interfaces/lib/python3.10/site-packages'
[4.735s] Level 1:colcon.colcon_core.environment:checking '/home/ioon/FRA502-LAB-6619/install/robot_interfaces/bin'
[4.735s] INFO:colcon.colcon_core.shell:Creating package script '/home/ioon/FRA502-LAB-6619/install/robot_interfaces/share/robot_interfaces/package.ps1'
[4.736s] INFO:colcon.colcon_core.shell:Creating package descriptor '/home/ioon/FRA502-LAB-6619/install/robot_interfaces/share/robot_interfaces/package.dsv'
[4.736s] INFO:colcon.colcon_core.shell:Creating package script '/home/ioon/FRA502-LAB-6619/install/robot_interfaces/share/robot_interfaces/package.sh'
[4.736s] INFO:colcon.colcon_core.shell:Creating package script '/home/ioon/FRA502-LAB-6619/install/robot_interfaces/share/robot_interfaces/package.bash'
[4.736s] INFO:colcon.colcon_core.shell:Creating package script '/home/ioon/FRA502-LAB-6619/install/robot_interfaces/share/robot_interfaces/package.zsh'
[4.736s] Level 1:colcon.colcon_core.environment:create_file_with_runtime_dependencies(/home/ioon/FRA502-LAB-6619/install/robot_interfaces/share/colcon-core/packages/robot_interfaces)
[4.737s] Level 1:colcon.colcon_core.environment:create_environment_scripts_only(robot_interfaces)
[4.737s] Level 1:colcon.colcon_core.environment:checking '/home/ioon/FRA502-LAB-6619/install/robot_interfaces' for CMake module files
[4.737s] Level 1:colcon.colcon_core.environment:checking '/home/ioon/FRA502-LAB-6619/install/robot_interfaces' for CMake config files
[4.738s] Level 1:colcon.colcon_core.shell:create_environment_hook('robot_interfaces', 'cmake_prefix_path')
[4.738s] INFO:colcon.colcon_core.shell:Creating environment hook '/home/ioon/FRA502-LAB-6619/install/robot_interfaces/share/robot_interfaces/hook/cmake_prefix_path.ps1'
[4.738s] INFO:colcon.colcon_core.shell:Creating environment descriptor '/home/ioon/FRA502-LAB-6619/install/robot_interfaces/share/robot_interfaces/hook/cmake_prefix_path.dsv'
[4.738s] INFO:colcon.colcon_core.shell:Creating environment hook '/home/ioon/FRA502-LAB-6619/install/robot_interfaces/share/robot_interfaces/hook/cmake_prefix_path.sh'
[4.739s] Level 1:colcon.colcon_core.environment:checking '/home/ioon/FRA502-LAB-6619/install/robot_interfaces/lib'
[4.739s] Level 1:colcon.colcon_core.shell:create_environment_hook('robot_interfaces', 'ld_library_path_lib')
[4.739s] INFO:colcon.colcon_core.shell:Creating environment hook '/home/ioon/FRA502-LAB-6619/install/robot_interfaces/share/robot_interfaces/hook/ld_library_path_lib.ps1'
[4.739s] INFO:colcon.colcon_core.shell:Creating environment descriptor '/home/ioon/FRA502-LAB-6619/install/robot_interfaces/share/robot_interfaces/hook/ld_library_path_lib.dsv'
[4.739s] INFO:colcon.colcon_core.shell:Creating environment hook '/home/ioon/FRA502-LAB-6619/install/robot_interfaces/share/robot_interfaces/hook/ld_library_path_lib.sh'
[4.739s] Level 1:colcon.colcon_core.environment:checking '/home/ioon/FRA502-LAB-6619/install/robot_interfaces/bin'
[4.740s] Level 1:colcon.colcon_core.environment:checking '/home/ioon/FRA502-LAB-6619/install/robot_interfaces/lib/pkgconfig/robot_interfaces.pc'
[4.740s] Level 1:colcon.colcon_core.environment:checking '/home/ioon/FRA502-LAB-6619/install/robot_interfaces/lib/python3.10/site-packages'
[4.740s] Level 1:colcon.colcon_core.environment:checking '/home/ioon/FRA502-LAB-6619/install/robot_interfaces/bin'
[4.740s] INFO:colcon.colcon_core.shell:Creating package script '/home/ioon/FRA502-LAB-6619/install/robot_interfaces/share/robot_interfaces/package.ps1'
[4.740s] INFO:colcon.colcon_core.shell:Creating package descriptor '/home/ioon/FRA502-LAB-6619/install/robot_interfaces/share/robot_interfaces/package.dsv'
[4.741s] INFO:colcon.colcon_core.shell:Creating package script '/home/ioon/FRA502-LAB-6619/install/robot_interfaces/share/robot_interfaces/package.sh'
[4.741s] INFO:colcon.colcon_core.shell:Creating package script '/home/ioon/FRA502-LAB-6619/install/robot_interfaces/share/robot_interfaces/package.bash'
[4.741s] INFO:colcon.colcon_core.shell:Creating package script '/home/ioon/FRA502-LAB-6619/install/robot_interfaces/share/robot_interfaces/package.zsh'
[4.741s] Level 1:colcon.colcon_core.environment:create_file_with_runtime_dependencies(/home/ioon/FRA502-LAB-6619/install/robot_interfaces/share/colcon-core/packages/robot_interfaces)
[4.742s] DEBUG:colcon.colcon_parallel_executor.executor.parallel:closing loop
[4.742s] DEBUG:colcon.colcon_parallel_executor.executor.parallel:loop closed
[4.742s] DEBUG:colcon.colcon_parallel_executor.executor.parallel:run_until_complete finished with '0'
[4.742s] DEBUG:colcon.colcon_core.event_reactor:joining thread
[4.747s] INFO:colcon.colcon_core.plugin_system:Skipping extension 'colcon_notification.desktop_notification.terminal_notifier': Not used on non-Darwin systems
[4.747s] INFO:colcon.colcon_core.plugin_system:Skipping extension 'colcon_notification.desktop_notification.win32': Not used on non-Windows systems
[4.747s] INFO:colcon.colcon_notification.desktop_notification:Sending desktop notification using 'notify2'
[4.758s] DEBUG:colcon.colcon_core.event_reactor:joined thread
[4.759s] INFO:colcon.colcon_core.shell:Creating prefix script '/home/ioon/FRA502-LAB-6619/install/local_setup.ps1'
[4.760s] INFO:colcon.colcon_core.shell:Creating prefix util module '/home/ioon/FRA502-LAB-6619/install/_local_setup_util_ps1.py'
[4.761s] INFO:colcon.colcon_core.shell:Creating prefix chain script '/home/ioon/FRA502-LAB-6619/install/setup.ps1'
[4.763s] INFO:colcon.colcon_core.shell:Creating prefix script '/home/ioon/FRA502-LAB-6619/install/local_setup.sh'
[4.763s] INFO:colcon.colcon_core.shell:Creating prefix util module '/home/ioon/FRA502-LAB-6619/install/_local_setup_util_sh.py'
[4.764s] INFO:colcon.colcon_core.shell:Creating prefix chain script '/home/ioon/FRA502-LAB-6619/install/setup.sh'
[4.766s] INFO:colcon.colcon_core.shell:Creating prefix script '/home/ioon/FRA502-LAB-6619/install/local_setup.bash'
[4.766s] INFO:colcon.colcon_core.shell:Creating prefix chain script '/home/ioon/FRA502-LAB-6619/install/setup.bash'
[4.768s] INFO:colcon.colcon_core.shell:Creating prefix script '/home/ioon/FRA502-LAB-6619/install/local_setup.zsh'
[4.768s] INFO:colcon.colcon_core.shell:Creating prefix chain script '/home/ioon/FRA502-LAB-6619/install/setup.zsh'
