[0.075s] DEBUG:colcon:Command line arguments: ['/usr/bin/colcon', 'build']
[0.075s] DEBUG:colcon:Parsed command line arguments: Namespace(log_base=None, log_level=None, verb_name='build', build_base='build', install_base='install', merge_install=False, symlink_install=False, test_result_base=None, continue_on_error=False, executor='parallel', parallel_workers=16, event_handlers=None, ignore_user_meta=False, metas=['./colcon.meta'], base_paths=['.'], packages_ignore=None, packages_ignore_regex=None, paths=None, packages_up_to=None, packages_up_to_regex=None, packages_above=None, packages_above_and_dependencies=None, packages_above_depth=None, packages_select_by_dep=None, packages_skip_by_dep=None, packages_skip_up_to=None, packages_select_build_failed=False, packages_skip_build_finished=False, packages_select_test_failures=False, packages_skip_test_passed=False, packages_select=None, packages_skip=None, packages_select_regex=None, packages_skip_regex=None, packages_start=None, packages_end=None, allow_overriding=[], cmake_args=None, cmake_target=None, cmake_target_skip_unavailable=False, cmake_clean_cache=False, cmake_clean_first=False, cmake_force_configure=False, ament_cmake_args=None, catkin_cmake_args=None, catkin_skip_building_tests=False, verb_parser=<colcon_defaults.argument_parser.defaults.DefaultArgumentsDecorator object at 0x7e93f205b400>, verb_extension=<colcon_core.verb.build.BuildVerb object at 0x7e93f205a3e0>, main=<bound method BuildVerb.main of <colcon_core.verb.build.BuildVerb object at 0x7e93f205a3e0>>)
[0.195s] Level 1:colcon.colcon_core.package_discovery:discover_packages(colcon_meta) check parameters
[0.195s] Level 1:colcon.colcon_core.package_discovery:discover_packages(recursive) check parameters
[0.195s] Level 1:colcon.colcon_core.package_discovery:discover_packages(ignore) check parameters
[0.195s] Level 1:colcon.colcon_core.package_discovery:discover_packages(path) check parameters
[0.195s] Level 1:colcon.colcon_core.package_discovery:discover_packages(colcon_meta) discover
[0.195s] Level 1:colcon.colcon_core.package_discovery:discover_packages(recursive) discover
[0.195s] INFO:colcon.colcon_core.package_discovery:Crawling recursively for packages in '/home/ioon/FRA502-LAB-6619'
[0.195s] Level 1:colcon.colcon_core.package_identification:_identify(.) by extensions ['ignore', 'ignore_ament_install']
[0.195s] Level 1:colcon.colcon_core.package_identification:_identify(.) by extension 'ignore'
[0.195s] Level 1:colcon.colcon_core.package_identification:_identify(.) by extension 'ignore_ament_install'
[0.195s] Level 1:colcon.colcon_core.package_identification:_identify(.) by extensions ['colcon_pkg']
[0.195s] Level 1:colcon.colcon_core.package_identification:_identify(.) by extension 'colcon_pkg'
[0.195s] Level 1:colcon.colcon_core.package_identification:_identify(.) by extensions ['colcon_meta']
[0.195s] Level 1:colcon.colcon_core.package_identification:_identify(.) by extension 'colcon_meta'
[0.195s] Level 1:colcon.colcon_core.package_identification:_identify(.) by extensions ['ros']
[0.195s] Level 1:colcon.colcon_core.package_identification:_identify(.) by extension 'ros'
[0.202s] Level 1:colcon.colcon_core.package_identification:_identify(.) by extensions ['cmake', 'python']
[0.202s] Level 1:colcon.colcon_core.package_identification:_identify(.) by extension 'cmake'
[0.202s] Level 1:colcon.colcon_core.package_identification:_identify(.) by extension 'python'
[0.203s] Level 1:colcon.colcon_core.package_identification:_identify(.) by extensions ['python_setup_py']
[0.203s] Level 1:colcon.colcon_core.package_identification:_identify(.) by extension 'python_setup_py'
[0.203s] Level 1:colcon.colcon_core.package_identification:_identify(build) by extensions ['ignore', 'ignore_ament_install']
[0.203s] Level 1:colcon.colcon_core.package_identification:_identify(build) by extension 'ignore'
[0.203s] Level 1:colcon.colcon_core.package_identification:_identify(build) ignored
[0.203s] Level 1:colcon.colcon_core.package_identification:_identify(install) by extensions ['ignore', 'ignore_ament_install']
[0.203s] Level 1:colcon.colcon_core.package_identification:_identify(install) by extension 'ignore'
[0.203s] Level 1:colcon.colcon_core.package_identification:_identify(install) ignored
[0.203s] Level 1:colcon.colcon_core.package_identification:_identify(log) by extensions ['ignore', 'ignore_ament_install']
[0.203s] Level 1:colcon.colcon_core.package_identification:_identify(log) by extension 'ignore'
[0.203s] Level 1:colcon.colcon_core.package_identification:_identify(log) ignored
[0.203s] Level 1:colcon.colcon_core.package_identification:_identify(src) by extensions ['ignore', 'ignore_ament_install']
[0.203s] Level 1:colcon.colcon_core.package_identification:_identify(src) by extension 'ignore'
[0.203s] Level 1:colcon.colcon_core.package_identification:_identify(src) by extension 'ignore_ament_install'
[0.203s] Level 1:colcon.colcon_core.package_identification:_identify(src) by extensions ['colcon_pkg']
[0.203s] Level 1:colcon.colcon_core.package_identification:_identify(src) by extension 'colcon_pkg'
[0.203s] Level 1:colcon.colcon_core.package_identification:_identify(src) by extensions ['colcon_meta']
[0.203s] Level 1:colcon.colcon_core.package_identification:_identify(src) by extension 'colcon_meta'
[0.203s] Level 1:colcon.colcon_core.package_identification:_identify(src) by extensions ['ros']
[0.203s] Level 1:colcon.colcon_core.package_identification:_identify(src) by extension 'ros'
[0.203s] Level 1:colcon.colcon_core.package_identification:_identify(src) by extensions ['cmake', 'python']
[0.203s] Level 1:colcon.colcon_core.package_identification:_identify(src) by extension 'cmake'
[0.203s] Level 1:colcon.colcon_core.package_identification:_identify(src) by extension 'python'
[0.203s] Level 1:colcon.colcon_core.package_identification:_identify(src) by extensions ['python_setup_py']
[0.203s] Level 1:colcon.colcon_core.package_identification:_identify(src) by extension 'python_setup_py'
[0.203s] Level 1:colcon.colcon_core.package_identification:_identify(src/lab2) by extensions ['ignore', 'ignore_ament_install']
[0.204s] Level 1:colcon.colcon_core.package_identification:_identify(src/lab2) by extension 'ignore'
[0.204s] Level 1:colcon.colcon_core.package_identification:_identify(src/lab2) by extension 'ignore_ament_install'
[0.204s] Level 1:colcon.colcon_core.package_identification:_identify(src/lab2) by extensions ['colcon_pkg']
[0.204s] Level 1:colcon.colcon_core.package_identification:_identify(src/lab2) by extension 'colcon_pkg'
[0.204s] Level 1:colcon.colcon_core.package_identification:_identify(src/lab2) by extensions ['colcon_meta']
[0.204s] Level 1:colcon.colcon_core.package_identification:_identify(src/lab2) by extension 'colcon_meta'
[0.204s] Level 1:colcon.colcon_core.package_identification:_identify(src/lab2) by extensions ['ros']
[0.204s] Level 1:colcon.colcon_core.package_identification:_identify(src/lab2) by extension 'ros'
[0.205s] DEBUG:colcon.colcon_core.package_identification:Package 'src/lab2' with type 'ros.ament_cmake' and name 'lab2'
[0.205s] Level 1:colcon.colcon_core.package_discovery:discover_packages(recursive) using defaults
[0.205s] Level 1:colcon.colcon_core.package_discovery:discover_packages(ignore) discover
[0.205s] Level 1:colcon.colcon_core.package_discovery:discover_packages(ignore) using defaults
[0.205s] Level 1:colcon.colcon_core.package_discovery:discover_packages(path) discover
[0.205s] Level 1:colcon.colcon_core.package_discovery:discover_packages(path) using defaults
[0.226s] Level 1:colcon.colcon_core.package_discovery:discover_packages(prefix_path) check parameters
[0.226s] Level 1:colcon.colcon_core.package_discovery:discover_packages(prefix_path) discover
[0.228s] DEBUG:colcon.colcon_installed_package_information.package_discovery:Found 1 installed packages in /home/ioon/lab2/install
[0.228s] DEBUG:colcon.colcon_installed_package_information.package_discovery:Found 1 installed packages in /home/ioon/fun2_ws/install
[0.229s] DEBUG:colcon.colcon_installed_package_information.package_discovery:Found 2 installed packages in /home/ioon/RoboticsDev2024/fun1/install
[0.229s] DEBUG:colcon.colcon_installed_package_information.package_discovery:Found 28 installed packages in /home/ioon/ros2_ws/install
[0.230s] DEBUG:colcon.colcon_installed_package_information.package_discovery:Found 0 installed packages in /home/ioon/install
[0.231s] DEBUG:colcon.colcon_installed_package_information.package_discovery:Found 340 installed packages in /opt/ros/humble
[0.232s] Level 1:colcon.colcon_core.package_discovery:discover_packages(prefix_path) using defaults
[0.263s] Level 5:colcon.colcon_core.verb:set package 'lab2' build argument 'cmake_args' from command line to 'None'
[0.263s] Level 5:colcon.colcon_core.verb:set package 'lab2' build argument 'cmake_target' from command line to 'None'
[0.263s] Level 5:colcon.colcon_core.verb:set package 'lab2' build argument 'cmake_target_skip_unavailable' from command line to 'False'
[0.263s] Level 5:colcon.colcon_core.verb:set package 'lab2' build argument 'cmake_clean_cache' from command line to 'False'
[0.263s] Level 5:colcon.colcon_core.verb:set package 'lab2' build argument 'cmake_clean_first' from command line to 'False'
[0.263s] Level 5:colcon.colcon_core.verb:set package 'lab2' build argument 'cmake_force_configure' from command line to 'False'
[0.263s] Level 5:colcon.colcon_core.verb:set package 'lab2' build argument 'ament_cmake_args' from command line to 'None'
[0.263s] Level 5:colcon.colcon_core.verb:set package 'lab2' build argument 'catkin_cmake_args' from command line to 'None'
[0.263s] Level 5:colcon.colcon_core.verb:set package 'lab2' build argument 'catkin_skip_building_tests' from command line to 'False'
[0.263s] DEBUG:colcon.colcon_core.verb:Building package 'lab2' with the following arguments: {'ament_cmake_args': None, 'build_base': '/home/ioon/FRA502-LAB-6619/build/lab2', 'catkin_cmake_args': None, 'catkin_skip_building_tests': False, 'cmake_args': None, 'cmake_clean_cache': False, 'cmake_clean_first': False, 'cmake_force_configure': False, 'cmake_target': None, 'cmake_target_skip_unavailable': False, 'install_base': '/home/ioon/FRA502-LAB-6619/install/lab2', 'merge_install': False, 'path': '/home/ioon/FRA502-LAB-6619/src/lab2', 'symlink_install': False, 'test_result_base': None}
[0.264s] INFO:colcon.colcon_core.executor:Executing jobs using 'parallel' executor
[0.264s] DEBUG:colcon.colcon_parallel_executor.executor.parallel:run_until_complete
[0.264s] INFO:colcon.colcon_ros.task.ament_cmake.build:Building ROS package in '/home/ioon/FRA502-LAB-6619/src/lab2' with build type 'ament_cmake'
[0.264s] INFO:colcon.colcon_cmake.task.cmake.build:Building CMake package in '/home/ioon/FRA502-LAB-6619/src/lab2'
[0.266s] INFO:colcon.colcon_core.plugin_system:Skipping extension 'colcon_core.shell.bat': Not used on non-Windows systems
[0.266s] INFO:colcon.colcon_core.shell:Skip shell extension 'powershell' for command environment: Not usable outside of PowerShell
[0.266s] DEBUG:colcon.colcon_core.shell:Skip shell extension 'dsv' for command environment
[0.276s] DEBUG:colcon.colcon_core.event_handler.log_command:Invoking command in '/home/ioon/FRA502-LAB-6619/build/lab2': CMAKE_PREFIX_PATH=${CMAKE_PREFIX_PATH}:/home/ioon/ros2_ws/install/launch_testing_examples:/home/ioon/ros2_ws/install/joystick:/home/ioon/ros2_ws/install/examples_rclpy_pointcloud_publisher:/home/ioon/ros2_ws/install/examples_rclpy_minimal_subscriber:/home/ioon/ros2_ws/install/examples_rclpy_minimal_service:/home/ioon/ros2_ws/install/examples_rclpy_minimal_publisher:/home/ioon/ros2_ws/install/examples_rclpy_minimal_client:/home/ioon/ros2_ws/install/examples_rclpy_minimal_action_server:/home/ioon/ros2_ws/install/examples_rclpy_minimal_action_client:/home/ioon/ros2_ws/install/examples_rclpy_guard_conditions:/home/ioon/ros2_ws/install/examples_rclpy_executors:/opt/ros/humble /usr/bin/cmake /home/ioon/FRA502-LAB-6619/src/lab2 -DCMAKE_INSTALL_PREFIX=/home/ioon/FRA502-LAB-6619/install/lab2
[1.450s] DEBUG:colcon.colcon_core.event_handler.log_command:Invoked command in '/home/ioon/FRA502-LAB-6619/build/lab2' returned '0': CMAKE_PREFIX_PATH=${CMAKE_PREFIX_PATH}:/home/ioon/ros2_ws/install/launch_testing_examples:/home/ioon/ros2_ws/install/joystick:/home/ioon/ros2_ws/install/examples_rclpy_pointcloud_publisher:/home/ioon/ros2_ws/install/examples_rclpy_minimal_subscriber:/home/ioon/ros2_ws/install/examples_rclpy_minimal_service:/home/ioon/ros2_ws/install/examples_rclpy_minimal_publisher:/home/ioon/ros2_ws/install/examples_rclpy_minimal_client:/home/ioon/ros2_ws/install/examples_rclpy_minimal_action_server:/home/ioon/ros2_ws/install/examples_rclpy_minimal_action_client:/home/ioon/ros2_ws/install/examples_rclpy_guard_conditions:/home/ioon/ros2_ws/install/examples_rclpy_executors:/opt/ros/humble /usr/bin/cmake /home/ioon/FRA502-LAB-6619/src/lab2 -DCMAKE_INSTALL_PREFIX=/home/ioon/FRA502-LAB-6619/install/lab2
[1.451s] DEBUG:colcon.colcon_core.event_handler.log_command:Invoking command in '/home/ioon/FRA502-LAB-6619/build/lab2': CMAKE_PREFIX_PATH=${CMAKE_PREFIX_PATH}:/home/ioon/ros2_ws/install/launch_testing_examples:/home/ioon/ros2_ws/install/joystick:/home/ioon/ros2_ws/install/examples_rclpy_pointcloud_publisher:/home/ioon/ros2_ws/install/examples_rclpy_minimal_subscriber:/home/ioon/ros2_ws/install/examples_rclpy_minimal_service:/home/ioon/ros2_ws/install/examples_rclpy_minimal_publisher:/home/ioon/ros2_ws/install/examples_rclpy_minimal_client:/home/ioon/ros2_ws/install/examples_rclpy_minimal_action_server:/home/ioon/ros2_ws/install/examples_rclpy_minimal_action_client:/home/ioon/ros2_ws/install/examples_rclpy_guard_conditions:/home/ioon/ros2_ws/install/examples_rclpy_executors:/opt/ros/humble /usr/bin/cmake --build /home/ioon/FRA502-LAB-6619/build/lab2 -- -j16 -l16
[1.776s] DEBUG:colcon.colcon_core.event_handler.log_command:Invoked command in '/home/ioon/FRA502-LAB-6619/build/lab2' returned '0': CMAKE_PREFIX_PATH=${CMAKE_PREFIX_PATH}:/home/ioon/ros2_ws/install/launch_testing_examples:/home/ioon/ros2_ws/install/joystick:/home/ioon/ros2_ws/install/examples_rclpy_pointcloud_publisher:/home/ioon/ros2_ws/install/examples_rclpy_minimal_subscriber:/home/ioon/ros2_ws/install/examples_rclpy_minimal_service:/home/ioon/ros2_ws/install/examples_rclpy_minimal_publisher:/home/ioon/ros2_ws/install/examples_rclpy_minimal_client:/home/ioon/ros2_ws/install/examples_rclpy_minimal_action_server:/home/ioon/ros2_ws/install/examples_rclpy_minimal_action_client:/home/ioon/ros2_ws/install/examples_rclpy_guard_conditions:/home/ioon/ros2_ws/install/examples_rclpy_executors:/opt/ros/humble /usr/bin/cmake --build /home/ioon/FRA502-LAB-6619/build/lab2 -- -j16 -l16
[1.786s] DEBUG:colcon.colcon_core.event_handler.log_command:Invoking command in '/home/ioon/FRA502-LAB-6619/build/lab2': CMAKE_PREFIX_PATH=${CMAKE_PREFIX_PATH}:/home/ioon/ros2_ws/install/launch_testing_examples:/home/ioon/ros2_ws/install/joystick:/home/ioon/ros2_ws/install/examples_rclpy_pointcloud_publisher:/home/ioon/ros2_ws/install/examples_rclpy_minimal_subscriber:/home/ioon/ros2_ws/install/examples_rclpy_minimal_service:/home/ioon/ros2_ws/install/examples_rclpy_minimal_publisher:/home/ioon/ros2_ws/install/examples_rclpy_minimal_client:/home/ioon/ros2_ws/install/examples_rclpy_minimal_action_server:/home/ioon/ros2_ws/install/examples_rclpy_minimal_action_client:/home/ioon/ros2_ws/install/examples_rclpy_guard_conditions:/home/ioon/ros2_ws/install/examples_rclpy_executors:/opt/ros/humble /usr/bin/cmake --install /home/ioon/FRA502-LAB-6619/build/lab2
[1.829s] Level 1:colcon.colcon_core.environment:create_environment_scripts_only(lab2)
[1.830s] DEBUG:colcon.colcon_core.event_handler.log_command:Invoked command in '/home/ioon/FRA502-LAB-6619/build/lab2' returned '0': CMAKE_PREFIX_PATH=${CMAKE_PREFIX_PATH}:/home/ioon/ros2_ws/install/launch_testing_examples:/home/ioon/ros2_ws/install/joystick:/home/ioon/ros2_ws/install/examples_rclpy_pointcloud_publisher:/home/ioon/ros2_ws/install/examples_rclpy_minimal_subscriber:/home/ioon/ros2_ws/install/examples_rclpy_minimal_service:/home/ioon/ros2_ws/install/examples_rclpy_minimal_publisher:/home/ioon/ros2_ws/install/examples_rclpy_minimal_client:/home/ioon/ros2_ws/install/examples_rclpy_minimal_action_server:/home/ioon/ros2_ws/install/examples_rclpy_minimal_action_client:/home/ioon/ros2_ws/install/examples_rclpy_guard_conditions:/home/ioon/ros2_ws/install/examples_rclpy_executors:/opt/ros/humble /usr/bin/cmake --install /home/ioon/FRA502-LAB-6619/build/lab2
[1.832s] Level 1:colcon.colcon_core.environment:checking '/home/ioon/FRA502-LAB-6619/install/lab2' for CMake module files
[1.832s] Level 1:colcon.colcon_core.environment:checking '/home/ioon/FRA502-LAB-6619/install/lab2' for CMake config files
[1.832s] Level 1:colcon.colcon_core.shell:create_environment_hook('lab2', 'cmake_prefix_path')
[1.832s] INFO:colcon.colcon_core.shell:Creating environment hook '/home/ioon/FRA502-LAB-6619/install/lab2/share/lab2/hook/cmake_prefix_path.ps1'
[1.833s] INFO:colcon.colcon_core.shell:Creating environment descriptor '/home/ioon/FRA502-LAB-6619/install/lab2/share/lab2/hook/cmake_prefix_path.dsv'
[1.833s] INFO:colcon.colcon_core.shell:Creating environment hook '/home/ioon/FRA502-LAB-6619/install/lab2/share/lab2/hook/cmake_prefix_path.sh'
[1.833s] Level 1:colcon.colcon_core.environment:checking '/home/ioon/FRA502-LAB-6619/install/lab2/lib'
[1.834s] Level 1:colcon.colcon_core.environment:checking '/home/ioon/FRA502-LAB-6619/install/lab2/bin'
[1.834s] Level 1:colcon.colcon_core.environment:checking '/home/ioon/FRA502-LAB-6619/install/lab2/lib/pkgconfig/lab2.pc'
[1.834s] Level 1:colcon.colcon_core.environment:checking '/home/ioon/FRA502-LAB-6619/install/lab2/lib/python3.10/site-packages'
[1.834s] Level 1:colcon.colcon_core.environment:checking '/home/ioon/FRA502-LAB-6619/install/lab2/bin'
[1.834s] INFO:colcon.colcon_core.shell:Creating package script '/home/ioon/FRA502-LAB-6619/install/lab2/share/lab2/package.ps1'
[1.835s] INFO:colcon.colcon_core.shell:Creating package descriptor '/home/ioon/FRA502-LAB-6619/install/lab2/share/lab2/package.dsv'
[1.835s] INFO:colcon.colcon_core.shell:Creating package script '/home/ioon/FRA502-LAB-6619/install/lab2/share/lab2/package.sh'
[1.836s] INFO:colcon.colcon_core.shell:Creating package script '/home/ioon/FRA502-LAB-6619/install/lab2/share/lab2/package.bash'
[1.836s] INFO:colcon.colcon_core.shell:Creating package script '/home/ioon/FRA502-LAB-6619/install/lab2/share/lab2/package.zsh'
[1.837s] Level 1:colcon.colcon_core.environment:create_file_with_runtime_dependencies(/home/ioon/FRA502-LAB-6619/install/lab2/share/colcon-core/packages/lab2)
[1.837s] Level 1:colcon.colcon_core.environment:create_environment_scripts_only(lab2)
[1.837s] Level 1:colcon.colcon_core.environment:checking '/home/ioon/FRA502-LAB-6619/install/lab2' for CMake module files
[1.838s] Level 1:colcon.colcon_core.environment:checking '/home/ioon/FRA502-LAB-6619/install/lab2' for CMake config files
[1.838s] Level 1:colcon.colcon_core.shell:create_environment_hook('lab2', 'cmake_prefix_path')
[1.838s] INFO:colcon.colcon_core.shell:Creating environment hook '/home/ioon/FRA502-LAB-6619/install/lab2/share/lab2/hook/cmake_prefix_path.ps1'
[1.838s] INFO:colcon.colcon_core.shell:Creating environment descriptor '/home/ioon/FRA502-LAB-6619/install/lab2/share/lab2/hook/cmake_prefix_path.dsv'
[1.838s] INFO:colcon.colcon_core.shell:Creating environment hook '/home/ioon/FRA502-LAB-6619/install/lab2/share/lab2/hook/cmake_prefix_path.sh'
[1.839s] Level 1:colcon.colcon_core.environment:checking '/home/ioon/FRA502-LAB-6619/install/lab2/lib'
[1.839s] Level 1:colcon.colcon_core.environment:checking '/home/ioon/FRA502-LAB-6619/install/lab2/bin'
[1.839s] Level 1:colcon.colcon_core.environment:checking '/home/ioon/FRA502-LAB-6619/install/lab2/lib/pkgconfig/lab2.pc'
[1.839s] Level 1:colcon.colcon_core.environment:checking '/home/ioon/FRA502-LAB-6619/install/lab2/lib/python3.10/site-packages'
[1.839s] Level 1:colcon.colcon_core.environment:checking '/home/ioon/FRA502-LAB-6619/install/lab2/bin'
[1.839s] INFO:colcon.colcon_core.shell:Creating package script '/home/ioon/FRA502-LAB-6619/install/lab2/share/lab2/package.ps1'
[1.840s] INFO:colcon.colcon_core.shell:Creating package descriptor '/home/ioon/FRA502-LAB-6619/install/lab2/share/lab2/package.dsv'
[1.840s] INFO:colcon.colcon_core.shell:Creating package script '/home/ioon/FRA502-LAB-6619/install/lab2/share/lab2/package.sh'
[1.840s] INFO:colcon.colcon_core.shell:Creating package script '/home/ioon/FRA502-LAB-6619/install/lab2/share/lab2/package.bash'
[1.840s] INFO:colcon.colcon_core.shell:Creating package script '/home/ioon/FRA502-LAB-6619/install/lab2/share/lab2/package.zsh'
[1.841s] Level 1:colcon.colcon_core.environment:create_file_with_runtime_dependencies(/home/ioon/FRA502-LAB-6619/install/lab2/share/colcon-core/packages/lab2)
[1.841s] DEBUG:colcon.colcon_parallel_executor.executor.parallel:closing loop
[1.841s] DEBUG:colcon.colcon_parallel_executor.executor.parallel:loop closed
[1.841s] DEBUG:colcon.colcon_parallel_executor.executor.parallel:run_until_complete finished with '0'
[1.841s] DEBUG:colcon.colcon_core.event_reactor:joining thread
[1.845s] INFO:colcon.colcon_core.plugin_system:Skipping extension 'colcon_notification.desktop_notification.terminal_notifier': Not used on non-Darwin systems
[1.845s] INFO:colcon.colcon_core.plugin_system:Skipping extension 'colcon_notification.desktop_notification.win32': Not used on non-Windows systems
[1.845s] INFO:colcon.colcon_notification.desktop_notification:Sending desktop notification using 'notify2'
[1.856s] DEBUG:colcon.colcon_core.event_reactor:joined thread
[1.856s] INFO:colcon.colcon_core.shell:Creating prefix script '/home/ioon/FRA502-LAB-6619/install/local_setup.ps1'
[1.857s] INFO:colcon.colcon_core.shell:Creating prefix util module '/home/ioon/FRA502-LAB-6619/install/_local_setup_util_ps1.py'
[1.858s] INFO:colcon.colcon_core.shell:Creating prefix chain script '/home/ioon/FRA502-LAB-6619/install/setup.ps1'
[1.860s] INFO:colcon.colcon_core.shell:Creating prefix script '/home/ioon/FRA502-LAB-6619/install/local_setup.sh'
[1.860s] INFO:colcon.colcon_core.shell:Creating prefix util module '/home/ioon/FRA502-LAB-6619/install/_local_setup_util_sh.py'
[1.860s] INFO:colcon.colcon_core.shell:Creating prefix chain script '/home/ioon/FRA502-LAB-6619/install/setup.sh'
[1.862s] INFO:colcon.colcon_core.shell:Creating prefix script '/home/ioon/FRA502-LAB-6619/install/local_setup.bash'
[1.862s] INFO:colcon.colcon_core.shell:Creating prefix chain script '/home/ioon/FRA502-LAB-6619/install/setup.bash'
[1.863s] INFO:colcon.colcon_core.shell:Creating prefix script '/home/ioon/FRA502-LAB-6619/install/local_setup.zsh'
[1.864s] INFO:colcon.colcon_core.shell:Creating prefix chain script '/home/ioon/FRA502-LAB-6619/install/setup.zsh'
