[0.016s] Invoking command in '/home/ioon/FRA502-LAB-6619/build/lab2': CMAKE_PREFIX_PATH=${CMAKE_PREFIX_PATH}:/home/ioon/ros2_ws/install/launch_testing_examples:/home/ioon/ros2_ws/install/joystick:/home/ioon/ros2_ws/install/examples_rclpy_pointcloud_publisher:/home/ioon/ros2_ws/install/examples_rclpy_minimal_subscriber:/home/ioon/ros2_ws/install/examples_rclpy_minimal_service:/home/ioon/ros2_ws/install/examples_rclpy_minimal_publisher:/home/ioon/ros2_ws/install/examples_rclpy_minimal_client:/home/ioon/ros2_ws/install/examples_rclpy_minimal_action_server:/home/ioon/ros2_ws/install/examples_rclpy_minimal_action_client:/home/ioon/ros2_ws/install/examples_rclpy_guard_conditions:/home/ioon/ros2_ws/install/examples_rclpy_executors:/opt/ros/humble /usr/bin/cmake /home/ioon/FRA502-LAB-6619/src/lab2 -DCMAKE_INSTALL_PREFIX=/home/ioon/FRA502-LAB-6619/install/lab2
[0.065s] -- The C compiler identification is GNU 11.4.0
[0.109s] -- The CXX compiler identification is GNU 11.4.0
[0.114s] -- Detecting C compiler ABI info
[0.174s] -- Detecting C compiler ABI info - done
[0.179s] -- Check for working C compiler: /usr/bin/cc - skipped
[0.180s] -- Detecting C compile features
[0.180s] -- Detecting C compile features - done
[0.182s] -- Detecting CXX compiler ABI info
[0.249s] -- Detecting CXX compiler ABI info - done
[0.253s] -- Check for working CXX compiler: /usr/bin/c++ - skipped
[0.254s] -- Detecting CXX compile features
[0.254s] -- Detecting CXX compile features - done
[0.258s] -- Found ament_cmake: 1.3.12 (/opt/ros/humble/share/ament_cmake/cmake)
[0.404s] -- Found Python3: /usr/bin/python3 (found version "3.10.12") found components: Interpreter 
[0.521s] -- Found rclcpp: 16.0.14 (/opt/ros/humble/share/rclcpp/cmake)
[0.582s] -- Found rosidl_generator_c: 3.1.7 (/opt/ros/humble/share/rosidl_generator_c/cmake)
[0.591s] -- Found rosidl_adapter: 3.1.7 (/opt/ros/humble/share/rosidl_adapter/cmake)
[0.602s] -- Found rosidl_generator_cpp: 3.1.7 (/opt/ros/humble/share/rosidl_generator_cpp/cmake)
[0.616s] -- Using all available rosidl_typesupport_c: rosidl_typesupport_fastrtps_c;rosidl_typesupport_introspection_c
[0.636s] -- Using all available rosidl_typesupport_cpp: rosidl_typesupport_fastrtps_cpp;rosidl_typesupport_introspection_cpp
[0.694s] -- Found rmw_implementation_cmake: 6.1.2 (/opt/ros/humble/share/rmw_implementation_cmake/cmake)
[0.699s] -- Found rmw_fastrtps_cpp: 6.2.8 (/opt/ros/humble/share/rmw_fastrtps_cpp/cmake)
[0.801s] -- Found OpenSSL: /usr/lib/x86_64-linux-gnu/libcrypto.so (found version "3.0.2")  
[0.830s] -- Found FastRTPS: /opt/ros/humble/include  
[0.877s] -- Using RMW implementation 'rmw_fastrtps_cpp' as default
[0.891s] -- Looking for pthread.h
[0.956s] -- Looking for pthread.h - found
[0.956s] -- Performing Test CMAKE_HAVE_LIBC_PTHREAD
[1.021s] -- Performing Test CMAKE_HAVE_LIBC_PTHREAD - Success
[1.022s] -- Found Threads: TRUE  
[1.071s] -- Found rclpy: 3.3.17 (/opt/ros/humble/share/rclpy/cmake)
[1.200s] -- Configuring done
[1.207s] -- Generating done
[1.210s] -- Build files have been written to: /home/ioon/FRA502-LAB-6619/build/lab2
[1.219s] Invoked command in '/home/ioon/FRA502-LAB-6619/build/lab2' returned '0': CMAKE_PREFIX_PATH=${CMAKE_PREFIX_PATH}:/home/ioon/ros2_ws/install/launch_testing_examples:/home/ioon/ros2_ws/install/joystick:/home/ioon/ros2_ws/install/examples_rclpy_pointcloud_publisher:/home/ioon/ros2_ws/install/examples_rclpy_minimal_subscriber:/home/ioon/ros2_ws/install/examples_rclpy_minimal_service:/home/ioon/ros2_ws/install/examples_rclpy_minimal_publisher:/home/ioon/ros2_ws/install/examples_rclpy_minimal_client:/home/ioon/ros2_ws/install/examples_rclpy_minimal_action_server:/home/ioon/ros2_ws/install/examples_rclpy_minimal_action_client:/home/ioon/ros2_ws/install/examples_rclpy_guard_conditions:/home/ioon/ros2_ws/install/examples_rclpy_executors:/opt/ros/humble /usr/bin/cmake /home/ioon/FRA502-LAB-6619/src/lab2 -DCMAKE_INSTALL_PREFIX=/home/ioon/FRA502-LAB-6619/install/lab2
[1.220s] Invoking command in '/home/ioon/FRA502-LAB-6619/build/lab2': CMAKE_PREFIX_PATH=${CMAKE_PREFIX_PATH}:/home/ioon/ros2_ws/install/launch_testing_examples:/home/ioon/ros2_ws/install/joystick:/home/ioon/ros2_ws/install/examples_rclpy_pointcloud_publisher:/home/ioon/ros2_ws/install/examples_rclpy_minimal_subscriber:/home/ioon/ros2_ws/install/examples_rclpy_minimal_service:/home/ioon/ros2_ws/install/examples_rclpy_minimal_publisher:/home/ioon/ros2_ws/install/examples_rclpy_minimal_client:/home/ioon/ros2_ws/install/examples_rclpy_minimal_action_server:/home/ioon/ros2_ws/install/examples_rclpy_minimal_action_client:/home/ioon/ros2_ws/install/examples_rclpy_guard_conditions:/home/ioon/ros2_ws/install/examples_rclpy_executors:/opt/ros/humble /usr/bin/cmake --build /home/ioon/FRA502-LAB-6619/build/lab2 -- -j16 -l16
[1.269s] [ 50%] [32mBuilding CXX object CMakeFiles/cpp_node_test.dir/src/cpp_node.cpp.o[0m
[1.275s] [ 50%] Built target ament_cmake_python_copy_lab2
[1.471s] [100%] [32m[1mLinking CXX executable cpp_node_test[0m
[1.472s] running egg_info
[1.472s] creating lab2.egg-info
[1.472s] writing lab2.egg-info/PKG-INFO
[1.472s] writing dependency_links to lab2.egg-info/dependency_links.txt
[1.472s] writing top-level names to lab2.egg-info/top_level.txt
[1.473s] writing manifest file 'lab2.egg-info/SOURCES.txt'
[1.474s] reading manifest file 'lab2.egg-info/SOURCES.txt'
[1.474s] writing manifest file 'lab2.egg-info/SOURCES.txt'
[1.499s] [100%] Built target ament_cmake_python_build_lab2_egg
[1.551s] [100%] Built target cpp_node_test
[1.563s] Invoked command in '/home/ioon/FRA502-LAB-6619/build/lab2' returned '0': CMAKE_PREFIX_PATH=${CMAKE_PREFIX_PATH}:/home/ioon/ros2_ws/install/launch_testing_examples:/home/ioon/ros2_ws/install/joystick:/home/ioon/ros2_ws/install/examples_rclpy_pointcloud_publisher:/home/ioon/ros2_ws/install/examples_rclpy_minimal_subscriber:/home/ioon/ros2_ws/install/examples_rclpy_minimal_service:/home/ioon/ros2_ws/install/examples_rclpy_minimal_publisher:/home/ioon/ros2_ws/install/examples_rclpy_minimal_client:/home/ioon/ros2_ws/install/examples_rclpy_minimal_action_server:/home/ioon/ros2_ws/install/examples_rclpy_minimal_action_client:/home/ioon/ros2_ws/install/examples_rclpy_guard_conditions:/home/ioon/ros2_ws/install/examples_rclpy_executors:/opt/ros/humble /usr/bin/cmake --build /home/ioon/FRA502-LAB-6619/build/lab2 -- -j16 -l16
[1.565s] Invoking command in '/home/ioon/FRA502-LAB-6619/build/lab2': CMAKE_PREFIX_PATH=${CMAKE_PREFIX_PATH}:/home/ioon/ros2_ws/install/launch_testing_examples:/home/ioon/ros2_ws/install/joystick:/home/ioon/ros2_ws/install/examples_rclpy_pointcloud_publisher:/home/ioon/ros2_ws/install/examples_rclpy_minimal_subscriber:/home/ioon/ros2_ws/install/examples_rclpy_minimal_service:/home/ioon/ros2_ws/install/examples_rclpy_minimal_publisher:/home/ioon/ros2_ws/install/examples_rclpy_minimal_client:/home/ioon/ros2_ws/install/examples_rclpy_minimal_action_server:/home/ioon/ros2_ws/install/examples_rclpy_minimal_action_client:/home/ioon/ros2_ws/install/examples_rclpy_guard_conditions:/home/ioon/ros2_ws/install/examples_rclpy_executors:/opt/ros/humble /usr/bin/cmake --install /home/ioon/FRA502-LAB-6619/build/lab2
[1.573s] -- Install configuration: ""
[1.573s] -- Installing: /home/ioon/FRA502-LAB-6619/install/lab2/share/lab2/environment/pythonpath.sh
[1.573s] -- Installing: /home/ioon/FRA502-LAB-6619/install/lab2/share/lab2/environment/pythonpath.dsv
[1.573s] -- Installing: /home/ioon/FRA502-LAB-6619/install/lab2/local/lib/python3.10/dist-packages/lab2-0.0.0-py3.10.egg-info
[1.573s] -- Installing: /home/ioon/FRA502-LAB-6619/install/lab2/local/lib/python3.10/dist-packages/lab2-0.0.0-py3.10.egg-info/PKG-INFO
[1.573s] -- Installing: /home/ioon/FRA502-LAB-6619/install/lab2/local/lib/python3.10/dist-packages/lab2-0.0.0-py3.10.egg-info/top_level.txt
[1.573s] -- Installing: /home/ioon/FRA502-LAB-6619/install/lab2/local/lib/python3.10/dist-packages/lab2-0.0.0-py3.10.egg-info/dependency_links.txt
[1.573s] -- Installing: /home/ioon/FRA502-LAB-6619/install/lab2/local/lib/python3.10/dist-packages/lab2-0.0.0-py3.10.egg-info/SOURCES.txt
[1.573s] -- Installing: /home/ioon/FRA502-LAB-6619/install/lab2/local/lib/python3.10/dist-packages/lab2
[1.573s] -- Installing: /home/ioon/FRA502-LAB-6619/install/lab2/local/lib/python3.10/dist-packages/lab2/__init__.py
[1.574s] -- Installing: /home/ioon/FRA502-LAB-6619/install/lab2/local/lib/python3.10/dist-packages/lab2/dummy_module.py
[1.605s] Listing '/home/ioon/FRA502-LAB-6619/install/lab2/local/lib/python3.10/dist-packages/lab2'...
[1.605s] Compiling '/home/ioon/FRA502-LAB-6619/install/lab2/local/lib/python3.10/dist-packages/lab2/__init__.py'...
[1.605s] Compiling '/home/ioon/FRA502-LAB-6619/install/lab2/local/lib/python3.10/dist-packages/lab2/dummy_module.py'...
[1.608s] -- Installing: /home/ioon/FRA502-LAB-6619/install/lab2/lib/lab2/eater.py
[1.609s] -- Installing: /home/ioon/FRA502-LAB-6619/install/lab2/lib/lab2/killer.py
[1.609s] -- Installing: /home/ioon/FRA502-LAB-6619/install/lab2/lib/lab2/turtlesim_pose.py
[1.609s] -- Installing: /home/ioon/FRA502-LAB-6619/install/lab2/lib/lab2/cpp_node_test
[1.609s] -- Set runtime path of "/home/ioon/FRA502-LAB-6619/install/lab2/lib/lab2/cpp_node_test" to ""
[1.609s] -- Up-to-date: /home/ioon/FRA502-LAB-6619/install/lab2/share/lab2
[1.610s] -- Installing: /home/ioon/FRA502-LAB-6619/install/lab2/share/ament_index/resource_index/package_run_dependencies/lab2
[1.610s] -- Installing: /home/ioon/FRA502-LAB-6619/install/lab2/share/ament_index/resource_index/parent_prefix_path/lab2
[1.610s] -- Installing: /home/ioon/FRA502-LAB-6619/install/lab2/share/lab2/environment/ament_prefix_path.sh
[1.610s] -- Installing: /home/ioon/FRA502-LAB-6619/install/lab2/share/lab2/environment/ament_prefix_path.dsv
[1.610s] -- Installing: /home/ioon/FRA502-LAB-6619/install/lab2/share/lab2/environment/path.sh
[1.610s] -- Installing: /home/ioon/FRA502-LAB-6619/install/lab2/share/lab2/environment/path.dsv
[1.611s] -- Installing: /home/ioon/FRA502-LAB-6619/install/lab2/share/lab2/local_setup.bash
[1.611s] -- Installing: /home/ioon/FRA502-LAB-6619/install/lab2/share/lab2/local_setup.sh
[1.611s] -- Installing: /home/ioon/FRA502-LAB-6619/install/lab2/share/lab2/local_setup.zsh
[1.611s] -- Installing: /home/ioon/FRA502-LAB-6619/install/lab2/share/lab2/local_setup.dsv
[1.611s] -- Installing: /home/ioon/FRA502-LAB-6619/install/lab2/share/lab2/package.dsv
[1.611s] -- Installing: /home/ioon/FRA502-LAB-6619/install/lab2/share/ament_index/resource_index/packages/lab2
[1.611s] -- Installing: /home/ioon/FRA502-LAB-6619/install/lab2/share/lab2/cmake/lab2Config.cmake
[1.612s] -- Installing: /home/ioon/FRA502-LAB-6619/install/lab2/share/lab2/cmake/lab2Config-version.cmake
[1.612s] -- Installing: /home/ioon/FRA502-LAB-6619/install/lab2/share/lab2/package.xml
[1.613s] Invoked command in '/home/ioon/FRA502-LAB-6619/build/lab2' returned '0': CMAKE_PREFIX_PATH=${CMAKE_PREFIX_PATH}:/home/ioon/ros2_ws/install/launch_testing_examples:/home/ioon/ros2_ws/install/joystick:/home/ioon/ros2_ws/install/examples_rclpy_pointcloud_publisher:/home/ioon/ros2_ws/install/examples_rclpy_minimal_subscriber:/home/ioon/ros2_ws/install/examples_rclpy_minimal_service:/home/ioon/ros2_ws/install/examples_rclpy_minimal_publisher:/home/ioon/ros2_ws/install/examples_rclpy_minimal_client:/home/ioon/ros2_ws/install/examples_rclpy_minimal_action_server:/home/ioon/ros2_ws/install/examples_rclpy_minimal_action_client:/home/ioon/ros2_ws/install/examples_rclpy_guard_conditions:/home/ioon/ros2_ws/install/examples_rclpy_executors:/opt/ros/humble /usr/bin/cmake --install /home/ioon/FRA502-LAB-6619/build/lab2
