[0.019s] Invoking command in '/home/ioon/FRA502-LAB-6619/build/lab2': CMAKE_PREFIX_PATH=${CMAKE_PREFIX_PATH}:/home/ioon/ros2_ws/install/launch_testing_examples:/home/ioon/ros2_ws/install/joystick:/home/ioon/ros2_ws/install/examples_rclpy_pointcloud_publisher:/home/ioon/ros2_ws/install/examples_rclpy_minimal_subscriber:/home/ioon/ros2_ws/install/examples_rclpy_minimal_service:/home/ioon/ros2_ws/install/examples_rclpy_minimal_publisher:/home/ioon/ros2_ws/install/examples_rclpy_minimal_client:/home/ioon/ros2_ws/install/examples_rclpy_minimal_action_server:/home/ioon/ros2_ws/install/examples_rclpy_minimal_action_client:/home/ioon/ros2_ws/install/examples_rclpy_guard_conditions:/home/ioon/ros2_ws/install/examples_rclpy_executors:/opt/ros/humble /usr/bin/cmake --build /home/ioon/FRA502-LAB-6619/build/lab2 -- -j16 -l16
[0.054s] [35m[1mConsolidate compiler generated dependencies of target cpp_node_test[0m
[0.066s] [100%] Built target cpp_node_test
[0.068s] [100%] Built target ament_cmake_python_copy_lab2
[0.268s] running egg_info
[0.269s] writing lab2.egg-info/PKG-INFO
[0.269s] writing dependency_links to lab2.egg-info/dependency_links.txt
[0.269s] writing top-level names to lab2.egg-info/top_level.txt
[0.270s] reading manifest file 'lab2.egg-info/SOURCES.txt'
[0.270s] writing manifest file 'lab2.egg-info/SOURCES.txt'
[0.297s] [100%] Built target ament_cmake_python_build_lab2_egg
[0.308s] Invoked command in '/home/ioon/FRA502-LAB-6619/build/lab2' returned '0': CMAKE_PREFIX_PATH=${CMAKE_PREFIX_PATH}:/home/ioon/ros2_ws/install/launch_testing_examples:/home/ioon/ros2_ws/install/joystick:/home/ioon/ros2_ws/install/examples_rclpy_pointcloud_publisher:/home/ioon/ros2_ws/install/examples_rclpy_minimal_subscriber:/home/ioon/ros2_ws/install/examples_rclpy_minimal_service:/home/ioon/ros2_ws/install/examples_rclpy_minimal_publisher:/home/ioon/ros2_ws/install/examples_rclpy_minimal_client:/home/ioon/ros2_ws/install/examples_rclpy_minimal_action_server:/home/ioon/ros2_ws/install/examples_rclpy_minimal_action_client:/home/ioon/ros2_ws/install/examples_rclpy_guard_conditions:/home/ioon/ros2_ws/install/examples_rclpy_executors:/opt/ros/humble /usr/bin/cmake --build /home/ioon/FRA502-LAB-6619/build/lab2 -- -j16 -l16
[0.317s] Invoking command in '/home/ioon/FRA502-LAB-6619/build/lab2': CMAKE_PREFIX_PATH=${CMAKE_PREFIX_PATH}:/home/ioon/ros2_ws/install/launch_testing_examples:/home/ioon/ros2_ws/install/joystick:/home/ioon/ros2_ws/install/examples_rclpy_pointcloud_publisher:/home/ioon/ros2_ws/install/examples_rclpy_minimal_subscriber:/home/ioon/ros2_ws/install/examples_rclpy_minimal_service:/home/ioon/ros2_ws/install/examples_rclpy_minimal_publisher:/home/ioon/ros2_ws/install/examples_rclpy_minimal_client:/home/ioon/ros2_ws/install/examples_rclpy_minimal_action_server:/home/ioon/ros2_ws/install/examples_rclpy_minimal_action_client:/home/ioon/ros2_ws/install/examples_rclpy_guard_conditions:/home/ioon/ros2_ws/install/examples_rclpy_executors:/opt/ros/humble /usr/bin/cmake --install /home/ioon/FRA502-LAB-6619/build/lab2
[0.325s] -- Install configuration: ""
[0.325s] -- Up-to-date: /home/ioon/FRA502-LAB-6619/install/lab2/share/lab2/environment/pythonpath.sh
[0.325s] -- Up-to-date: /home/ioon/FRA502-LAB-6619/install/lab2/share/lab2/environment/pythonpath.dsv
[0.325s] -- Up-to-date: /home/ioon/FRA502-LAB-6619/install/lab2/local/lib/python3.10/dist-packages/lab2-0.0.0-py3.10.egg-info
[0.325s] -- Installing: /home/ioon/FRA502-LAB-6619/install/lab2/local/lib/python3.10/dist-packages/lab2-0.0.0-py3.10.egg-info/PKG-INFO
[0.325s] -- Installing: /home/ioon/FRA502-LAB-6619/install/lab2/local/lib/python3.10/dist-packages/lab2-0.0.0-py3.10.egg-info/top_level.txt
[0.325s] -- Installing: /home/ioon/FRA502-LAB-6619/install/lab2/local/lib/python3.10/dist-packages/lab2-0.0.0-py3.10.egg-info/dependency_links.txt
[0.326s] -- Installing: /home/ioon/FRA502-LAB-6619/install/lab2/local/lib/python3.10/dist-packages/lab2-0.0.0-py3.10.egg-info/SOURCES.txt
[0.326s] -- Up-to-date: /home/ioon/FRA502-LAB-6619/install/lab2/local/lib/python3.10/dist-packages/lab2
[0.326s] -- Up-to-date: /home/ioon/FRA502-LAB-6619/install/lab2/local/lib/python3.10/dist-packages/lab2/__init__.py
[0.326s] -- Up-to-date: /home/ioon/FRA502-LAB-6619/install/lab2/local/lib/python3.10/dist-packages/lab2/dummy_module.py
[0.356s] Listing '/home/ioon/FRA502-LAB-6619/install/lab2/local/lib/python3.10/dist-packages/lab2'...
[0.359s] -- Installing: /home/ioon/FRA502-LAB-6619/install/lab2/lib/lab2/eater.py
[0.360s] -- Up-to-date: /home/ioon/FRA502-LAB-6619/install/lab2/lib/lab2/killer.py
[0.360s] -- Up-to-date: /home/ioon/FRA502-LAB-6619/install/lab2/lib/lab2/turtlesim_pose.py
[0.360s] -- Up-to-date: /home/ioon/FRA502-LAB-6619/install/lab2/lib/lab2/cpp_node_test
[0.360s] -- Up-to-date: /home/ioon/FRA502-LAB-6619/install/lab2/share/lab2
[0.360s] -- Up-to-date: /home/ioon/FRA502-LAB-6619/install/lab2/share/ament_index/resource_index/package_run_dependencies/lab2
[0.360s] -- Up-to-date: /home/ioon/FRA502-LAB-6619/install/lab2/share/ament_index/resource_index/parent_prefix_path/lab2
[0.360s] -- Up-to-date: /home/ioon/FRA502-LAB-6619/install/lab2/share/lab2/environment/ament_prefix_path.sh
[0.360s] -- Up-to-date: /home/ioon/FRA502-LAB-6619/install/lab2/share/lab2/environment/ament_prefix_path.dsv
[0.360s] -- Up-to-date: /home/ioon/FRA502-LAB-6619/install/lab2/share/lab2/environment/path.sh
[0.360s] -- Up-to-date: /home/ioon/FRA502-LAB-6619/install/lab2/share/lab2/environment/path.dsv
[0.360s] -- Up-to-date: /home/ioon/FRA502-LAB-6619/install/lab2/share/lab2/local_setup.bash
[0.360s] -- Up-to-date: /home/ioon/FRA502-LAB-6619/install/lab2/share/lab2/local_setup.sh
[0.360s] -- Up-to-date: /home/ioon/FRA502-LAB-6619/install/lab2/share/lab2/local_setup.zsh
[0.360s] -- Up-to-date: /home/ioon/FRA502-LAB-6619/install/lab2/share/lab2/local_setup.dsv
[0.360s] -- Up-to-date: /home/ioon/FRA502-LAB-6619/install/lab2/share/lab2/package.dsv
[0.360s] -- Up-to-date: /home/ioon/FRA502-LAB-6619/install/lab2/share/ament_index/resource_index/packages/lab2
[0.360s] -- Up-to-date: /home/ioon/FRA502-LAB-6619/install/lab2/share/lab2/cmake/lab2Config.cmake
[0.361s] -- Up-to-date: /home/ioon/FRA502-LAB-6619/install/lab2/share/lab2/cmake/lab2Config-version.cmake
[0.361s] -- Up-to-date: /home/ioon/FRA502-LAB-6619/install/lab2/share/lab2/package.xml
[0.363s] Invoked command in '/home/ioon/FRA502-LAB-6619/build/lab2' returned '0': CMAKE_PREFIX_PATH=${CMAKE_PREFIX_PATH}:/home/ioon/ros2_ws/install/launch_testing_examples:/home/ioon/ros2_ws/install/joystick:/home/ioon/ros2_ws/install/examples_rclpy_pointcloud_publisher:/home/ioon/ros2_ws/install/examples_rclpy_minimal_subscriber:/home/ioon/ros2_ws/install/examples_rclpy_minimal_service:/home/ioon/ros2_ws/install/examples_rclpy_minimal_publisher:/home/ioon/ros2_ws/install/examples_rclpy_minimal_client:/home/ioon/ros2_ws/install/examples_rclpy_minimal_action_server:/home/ioon/ros2_ws/install/examples_rclpy_minimal_action_client:/home/ioon/ros2_ws/install/examples_rclpy_guard_conditions:/home/ioon/ros2_ws/install/examples_rclpy_executors:/opt/ros/humble /usr/bin/cmake --install /home/ioon/FRA502-LAB-6619/build/lab2
