[0.022s] Invoking command in '/home/ioon/FRA502-LAB-6619/build/LAB4': CMAKE_PREFIX_PATH=${CMAKE_PREFIX_PATH}:/home/ioon/ros2_ws/install/launch_testing_examples:/home/ioon/ros2_ws/install/joystick:/home/ioon/ros2_ws/install/examples_rclpy_pointcloud_publisher:/home/ioon/ros2_ws/install/examples_rclpy_minimal_subscriber:/home/ioon/ros2_ws/install/examples_rclpy_minimal_service:/home/ioon/ros2_ws/install/examples_rclpy_minimal_publisher:/home/ioon/ros2_ws/install/examples_rclpy_minimal_client:/home/ioon/ros2_ws/install/examples_rclpy_minimal_action_server:/home/ioon/ros2_ws/install/examples_rclpy_minimal_action_client:/home/ioon/ros2_ws/install/examples_rclpy_guard_conditions:/home/ioon/ros2_ws/install/examples_rclpy_executors:/opt/ros/humble /usr/bin/cmake /home/ioon/FRA502-LAB-6619/src/LAB4 -DCMAKE_INSTALL_PREFIX=/home/ioon/FRA502-LAB-6619/install/LAB4
[0.145s] -- The C compiler identification is GNU 11.4.0
[0.236s] -- The CXX compiler identification is GNU 11.4.0
[0.245s] -- Detecting C compiler ABI info
[0.309s] -- Detecting C compiler ABI info - done
[0.314s] -- Check for working C compiler: /usr/bin/cc - skipped
[0.315s] -- Detecting C compile features
[0.315s] -- Detecting C compile features - done
[0.318s] -- Detecting CXX compiler ABI info
[0.387s] -- Detecting CXX compiler ABI info - done
[0.392s] -- Check for working CXX compiler: /usr/bin/c++ - skipped
[0.392s] -- Detecting CXX compile features
[0.393s] -- Detecting CXX compile features - done
[0.406s] -- Found ament_cmake: 1.3.12 (/opt/ros/humble/share/ament_cmake/cmake)
[0.567s] -- Found Python3: /usr/bin/python3 (found version "3.10.12") found components: Interpreter 
[0.725s] -- Found rclcpp: 16.0.14 (/opt/ros/humble/share/rclcpp/cmake)
[0.808s] -- Found rosidl_generator_c: 3.1.7 (/opt/ros/humble/share/rosidl_generator_c/cmake)
[0.820s] -- Found rosidl_adapter: 3.1.7 (/opt/ros/humble/share/rosidl_adapter/cmake)
[0.835s] -- Found rosidl_generator_cpp: 3.1.7 (/opt/ros/humble/share/rosidl_generator_cpp/cmake)
[0.857s] -- Using all available rosidl_typesupport_c: rosidl_typesupport_fastrtps_c;rosidl_typesupport_introspection_c
[0.886s] -- Using all available rosidl_typesupport_cpp: rosidl_typesupport_fastrtps_cpp;rosidl_typesupport_introspection_cpp
[0.975s] -- Found rmw_implementation_cmake: 6.1.2 (/opt/ros/humble/share/rmw_implementation_cmake/cmake)
[0.983s] -- Found rmw_fastrtps_cpp: 6.2.8 (/opt/ros/humble/share/rmw_fastrtps_cpp/cmake)
[1.114s] -- Found OpenSSL: /usr/lib/x86_64-linux-gnu/libcrypto.so (found version "3.0.2")  
[1.147s] -- Found FastRTPS: /opt/ros/humble/include  
[1.196s] -- Using RMW implementation 'rmw_fastrtps_cpp' as default
[1.218s] -- Looking for pthread.h
[1.293s] -- Looking for pthread.h - found
[1.293s] -- Performing Test CMAKE_HAVE_LIBC_PTHREAD
[1.361s] -- Performing Test CMAKE_HAVE_LIBC_PTHREAD - Success
[1.362s] -- Found Threads: TRUE  
[1.428s] -- Found rclpy: 3.3.17 (/opt/ros/humble/share/rclpy/cmake)
[1.497s] WARNING: Package name "LAB4" does not follow the naming conventions. It should start with a lower case letter and only contain lower case letters, digits, underscores, and dashes.
[1.555s] WARNING: Package name "LAB4" does not follow the naming conventions. It should start with a lower case letter and only contain lower case letters, digits, underscores, and dashes.
[1.566s] -- Configuring done
[1.574s] -- Generating done
[1.577s] -- Build files have been written to: /home/ioon/FRA502-LAB-6619/build/LAB4
[1.585s] Invoked command in '/home/ioon/FRA502-LAB-6619/build/LAB4' returned '0': CMAKE_PREFIX_PATH=${CMAKE_PREFIX_PATH}:/home/ioon/ros2_ws/install/launch_testing_examples:/home/ioon/ros2_ws/install/joystick:/home/ioon/ros2_ws/install/examples_rclpy_pointcloud_publisher:/home/ioon/ros2_ws/install/examples_rclpy_minimal_subscriber:/home/ioon/ros2_ws/install/examples_rclpy_minimal_service:/home/ioon/ros2_ws/install/examples_rclpy_minimal_publisher:/home/ioon/ros2_ws/install/examples_rclpy_minimal_client:/home/ioon/ros2_ws/install/examples_rclpy_minimal_action_server:/home/ioon/ros2_ws/install/examples_rclpy_minimal_action_client:/home/ioon/ros2_ws/install/examples_rclpy_guard_conditions:/home/ioon/ros2_ws/install/examples_rclpy_executors:/opt/ros/humble /usr/bin/cmake /home/ioon/FRA502-LAB-6619/src/LAB4 -DCMAKE_INSTALL_PREFIX=/home/ioon/FRA502-LAB-6619/install/LAB4
[1.587s] Invoking command in '/home/ioon/FRA502-LAB-6619/build/LAB4': CMAKE_PREFIX_PATH=${CMAKE_PREFIX_PATH}:/home/ioon/ros2_ws/install/launch_testing_examples:/home/ioon/ros2_ws/install/joystick:/home/ioon/ros2_ws/install/examples_rclpy_pointcloud_publisher:/home/ioon/ros2_ws/install/examples_rclpy_minimal_subscriber:/home/ioon/ros2_ws/install/examples_rclpy_minimal_service:/home/ioon/ros2_ws/install/examples_rclpy_minimal_publisher:/home/ioon/ros2_ws/install/examples_rclpy_minimal_client:/home/ioon/ros2_ws/install/examples_rclpy_minimal_action_server:/home/ioon/ros2_ws/install/examples_rclpy_minimal_action_client:/home/ioon/ros2_ws/install/examples_rclpy_guard_conditions:/home/ioon/ros2_ws/install/examples_rclpy_executors:/opt/ros/humble /usr/bin/cmake --build /home/ioon/FRA502-LAB-6619/build/LAB4 -- -j16 -l16
[1.636s] [ 50%] [32mBuilding CXX object CMakeFiles/cpp_node_test.dir/src/cpp_node.cpp.o[0m
[1.644s] [ 50%] Built target ament_cmake_python_copy_LAB4
[1.869s] running egg_info
[1.870s] creating LAB4.egg-info
[1.870s] writing LAB4.egg-info/PKG-INFO
[1.870s] writing dependency_links to LAB4.egg-info/dependency_links.txt
[1.870s] writing top-level names to LAB4.egg-info/top_level.txt
[1.870s] writing manifest file 'LAB4.egg-info/SOURCES.txt'
[1.872s] reading manifest file 'LAB4.egg-info/SOURCES.txt'
[1.873s] writing manifest file 'LAB4.egg-info/SOURCES.txt'
[1.876s] [100%] [32m[1mLinking CXX executable cpp_node_test[0m
[1.904s] [100%] Built target ament_cmake_python_build_LAB4_egg
[1.976s] [100%] Built target cpp_node_test
[1.997s] Invoked command in '/home/ioon/FRA502-LAB-6619/build/LAB4' returned '0': CMAKE_PREFIX_PATH=${CMAKE_PREFIX_PATH}:/home/ioon/ros2_ws/install/launch_testing_examples:/home/ioon/ros2_ws/install/joystick:/home/ioon/ros2_ws/install/examples_rclpy_pointcloud_publisher:/home/ioon/ros2_ws/install/examples_rclpy_minimal_subscriber:/home/ioon/ros2_ws/install/examples_rclpy_minimal_service:/home/ioon/ros2_ws/install/examples_rclpy_minimal_publisher:/home/ioon/ros2_ws/install/examples_rclpy_minimal_client:/home/ioon/ros2_ws/install/examples_rclpy_minimal_action_server:/home/ioon/ros2_ws/install/examples_rclpy_minimal_action_client:/home/ioon/ros2_ws/install/examples_rclpy_guard_conditions:/home/ioon/ros2_ws/install/examples_rclpy_executors:/opt/ros/humble /usr/bin/cmake --build /home/ioon/FRA502-LAB-6619/build/LAB4 -- -j16 -l16
[1.998s] Invoking command in '/home/ioon/FRA502-LAB-6619/build/LAB4': CMAKE_PREFIX_PATH=${CMAKE_PREFIX_PATH}:/home/ioon/ros2_ws/install/launch_testing_examples:/home/ioon/ros2_ws/install/joystick:/home/ioon/ros2_ws/install/examples_rclpy_pointcloud_publisher:/home/ioon/ros2_ws/install/examples_rclpy_minimal_subscriber:/home/ioon/ros2_ws/install/examples_rclpy_minimal_service:/home/ioon/ros2_ws/install/examples_rclpy_minimal_publisher:/home/ioon/ros2_ws/install/examples_rclpy_minimal_client:/home/ioon/ros2_ws/install/examples_rclpy_minimal_action_server:/home/ioon/ros2_ws/install/examples_rclpy_minimal_action_client:/home/ioon/ros2_ws/install/examples_rclpy_guard_conditions:/home/ioon/ros2_ws/install/examples_rclpy_executors:/opt/ros/humble /usr/bin/cmake --install /home/ioon/FRA502-LAB-6619/build/LAB4
[2.005s] -- Install configuration: ""
[2.005s] -- Installing: /home/ioon/FRA502-LAB-6619/install/LAB4/share/LAB4/environment/pythonpath.sh
[2.005s] -- Installing: /home/ioon/FRA502-LAB-6619/install/LAB4/share/LAB4/environment/pythonpath.dsv
[2.005s] -- Installing: /home/ioon/FRA502-LAB-6619/install/LAB4/local/lib/python3.10/dist-packages/LAB4-0.0.0-py3.10.egg-info
[2.006s] -- Installing: /home/ioon/FRA502-LAB-6619/install/LAB4/local/lib/python3.10/dist-packages/LAB4-0.0.0-py3.10.egg-info/PKG-INFO
[2.006s] -- Installing: /home/ioon/FRA502-LAB-6619/install/LAB4/local/lib/python3.10/dist-packages/LAB4-0.0.0-py3.10.egg-info/top_level.txt
[2.006s] -- Installing: /home/ioon/FRA502-LAB-6619/install/LAB4/local/lib/python3.10/dist-packages/LAB4-0.0.0-py3.10.egg-info/dependency_links.txt
[2.006s] -- Installing: /home/ioon/FRA502-LAB-6619/install/LAB4/local/lib/python3.10/dist-packages/LAB4-0.0.0-py3.10.egg-info/SOURCES.txt
[2.006s] -- Installing: /home/ioon/FRA502-LAB-6619/install/LAB4/local/lib/python3.10/dist-packages/LAB4
[2.006s] -- Installing: /home/ioon/FRA502-LAB-6619/install/LAB4/local/lib/python3.10/dist-packages/LAB4/__init__.py
[2.006s] -- Installing: /home/ioon/FRA502-LAB-6619/install/LAB4/local/lib/python3.10/dist-packages/LAB4/dummy_module.py
[2.006s] -- Installing: /home/ioon/FRA502-LAB-6619/install/LAB4/local/lib/python3.10/dist-packages/LAB4/workspace_analysis.py
[2.042s] Listing '/home/ioon/FRA502-LAB-6619/install/LAB4/local/lib/python3.10/dist-packages/LAB4'...
[2.042s] Compiling '/home/ioon/FRA502-LAB-6619/install/LAB4/local/lib/python3.10/dist-packages/LAB4/__init__.py'...
[2.042s] Compiling '/home/ioon/FRA502-LAB-6619/install/LAB4/local/lib/python3.10/dist-packages/LAB4/dummy_module.py'...
[2.042s] Compiling '/home/ioon/FRA502-LAB-6619/install/LAB4/local/lib/python3.10/dist-packages/LAB4/workspace_analysis.py'...
[2.045s] -- Installing: /home/ioon/FRA502-LAB-6619/install/LAB4/lib/LAB4/dummy_script.py
[2.046s] -- Installing: /home/ioon/FRA502-LAB-6619/install/LAB4/lib/LAB4/end_effector_publisher.py
[2.046s] -- Installing: /home/ioon/FRA502-LAB-6619/install/LAB4/lib/LAB4/random_pose.py
[2.046s] -- Installing: /home/ioon/FRA502-LAB-6619/install/LAB4/lib/LAB4/controller.py
[2.046s] -- Installing: /home/ioon/FRA502-LAB-6619/install/LAB4/lib/LAB4/teleop_jog_keyboard.py
[2.046s] -- Installing: /home/ioon/FRA502-LAB-6619/install/LAB4/lib/LAB4/cpp_node_test
[2.046s] -- Set runtime path of "/home/ioon/FRA502-LAB-6619/install/LAB4/lib/LAB4/cpp_node_test" to ""
[2.046s] -- Installing: /home/ioon/FRA502-LAB-6619/install/LAB4/share/LAB4/launch
[2.046s] -- Installing: /home/ioon/FRA502-LAB-6619/install/LAB4/share/LAB4/launch/simple_display.launch.py
[2.047s] -- Installing: /home/ioon/FRA502-LAB-6619/install/LAB4/share/ament_index/resource_index/package_run_dependencies/LAB4
[2.047s] -- Installing: /home/ioon/FRA502-LAB-6619/install/LAB4/share/ament_index/resource_index/parent_prefix_path/LAB4
[2.047s] -- Installing: /home/ioon/FRA502-LAB-6619/install/LAB4/share/LAB4/environment/ament_prefix_path.sh
[2.047s] -- Installing: /home/ioon/FRA502-LAB-6619/install/LAB4/share/LAB4/environment/ament_prefix_path.dsv
[2.047s] -- Installing: /home/ioon/FRA502-LAB-6619/install/LAB4/share/LAB4/environment/path.sh
[2.047s] -- Installing: /home/ioon/FRA502-LAB-6619/install/LAB4/share/LAB4/environment/path.dsv
[2.047s] -- Installing: /home/ioon/FRA502-LAB-6619/install/LAB4/share/LAB4/local_setup.bash
[2.047s] -- Installing: /home/ioon/FRA502-LAB-6619/install/LAB4/share/LAB4/local_setup.sh
[2.048s] -- Installing: /home/ioon/FRA502-LAB-6619/install/LAB4/share/LAB4/local_setup.zsh
[2.048s] -- Installing: /home/ioon/FRA502-LAB-6619/install/LAB4/share/LAB4/local_setup.dsv
[2.048s] -- Installing: /home/ioon/FRA502-LAB-6619/install/LAB4/share/LAB4/package.dsv
[2.048s] -- Installing: /home/ioon/FRA502-LAB-6619/install/LAB4/share/ament_index/resource_index/packages/LAB4
[2.048s] -- Installing: /home/ioon/FRA502-LAB-6619/install/LAB4/share/LAB4/cmake/LAB4Config.cmake
[2.048s] -- Installing: /home/ioon/FRA502-LAB-6619/install/LAB4/share/LAB4/cmake/LAB4Config-version.cmake
[2.048s] -- Installing: /home/ioon/FRA502-LAB-6619/install/LAB4/share/LAB4/package.xml
[2.051s] Invoked command in '/home/ioon/FRA502-LAB-6619/build/LAB4' returned '0': CMAKE_PREFIX_PATH=${CMAKE_PREFIX_PATH}:/home/ioon/ros2_ws/install/launch_testing_examples:/home/ioon/ros2_ws/install/joystick:/home/ioon/ros2_ws/install/examples_rclpy_pointcloud_publisher:/home/ioon/ros2_ws/install/examples_rclpy_minimal_subscriber:/home/ioon/ros2_ws/install/examples_rclpy_minimal_service:/home/ioon/ros2_ws/install/examples_rclpy_minimal_publisher:/home/ioon/ros2_ws/install/examples_rclpy_minimal_client:/home/ioon/ros2_ws/install/examples_rclpy_minimal_action_server:/home/ioon/ros2_ws/install/examples_rclpy_minimal_action_client:/home/ioon/ros2_ws/install/examples_rclpy_guard_conditions:/home/ioon/ros2_ws/install/examples_rclpy_executors:/opt/ros/humble /usr/bin/cmake --install /home/ioon/FRA502-LAB-6619/build/LAB4
