[35m[1mConsolidate compiler generated dependencies of target cpp_node_test[0m
[100%] Built target cpp_node_test
[100%] Built target ament_cmake_python_copy_example_description
running egg_info
writing example_description.egg-info/PKG-INFO
writing dependency_links to example_description.egg-info/dependency_links.txt
writing top-level names to example_description.egg-info/top_level.txt
reading manifest file 'example_description.egg-info/SOURCES.txt'
writing manifest file 'example_description.egg-info/SOURCES.txt'
[100%] Built target ament_cmake_python_build_example_description_egg
-- Install configuration: ""
-- Up-to-date: /home/ioon/FRA502-LAB-6619/install/example_description/share/example_description/environment/pythonpath.sh
-- Up-to-date: /home/ioon/FRA502-LAB-6619/install/example_description/share/example_description/environment/pythonpath.dsv
-- Up-to-date: /home/ioon/FRA502-LAB-6619/install/example_description/local/lib/python3.10/dist-packages/example_description-0.0.0-py3.10.egg-info
-- Installing: /home/ioon/FRA502-LAB-6619/install/example_description/local/lib/python3.10/dist-packages/example_description-0.0.0-py3.10.egg-info/PKG-INFO
-- Installing: /home/ioon/FRA502-LAB-6619/install/example_description/local/lib/python3.10/dist-packages/example_description-0.0.0-py3.10.egg-info/top_level.txt
-- Installing: /home/ioon/FRA502-LAB-6619/install/example_description/local/lib/python3.10/dist-packages/example_description-0.0.0-py3.10.egg-info/dependency_links.txt
-- Installing: /home/ioon/FRA502-LAB-6619/install/example_description/local/lib/python3.10/dist-packages/example_description-0.0.0-py3.10.egg-info/SOURCES.txt
-- Up-to-date: /home/ioon/FRA502-LAB-6619/install/example_description/local/lib/python3.10/dist-packages/example_description
-- Up-to-date: /home/ioon/FRA502-LAB-6619/install/example_description/local/lib/python3.10/dist-packages/example_description/__init__.py
-- Up-to-date: /home/ioon/FRA502-LAB-6619/install/example_description/local/lib/python3.10/dist-packages/example_description/dummy_module.py
Listing '/home/ioon/FRA502-LAB-6619/install/example_description/local/lib/python3.10/dist-packages/example_description'...
-- Up-to-date: /home/ioon/FRA502-LAB-6619/install/example_description/lib/example_description/dummy_script.py
-- Up-to-date: /home/ioon/FRA502-LAB-6619/install/example_description/lib/example_description/cpp_node_test
-- Up-to-date: /home/ioon/FRA502-LAB-6619/install/example_description/share/example_description/launch
-- Up-to-date: /home/ioon/FRA502-LAB-6619/install/example_description/share/example_description/launch/simple_display.launch.py
-- Up-to-date: /home/ioon/FRA502-LAB-6619/install/example_description/share/example_description/meshes
-- Up-to-date: /home/ioon/FRA502-LAB-6619/install/example_description/share/example_description/meshes/link_0.stl
-- Up-to-date: /home/ioon/FRA502-LAB-6619/install/example_description/share/example_description/meshes/link_3.stl
-- Up-to-date: /home/ioon/FRA502-LAB-6619/install/example_description/share/example_description/meshes/link_2.stl
-- Up-to-date: /home/ioon/FRA502-LAB-6619/install/example_description/share/example_description/meshes/link_1.stl
-- Up-to-date: /home/ioon/FRA502-LAB-6619/install/example_description/share/example_description/meshes/end_effector.stl
-- Up-to-date: /home/ioon/FRA502-LAB-6619/install/example_description/share/example_description/robot
-- Up-to-date: /home/ioon/FRA502-LAB-6619/install/example_description/share/example_description/robot/visual
-- Up-to-date: /home/ioon/FRA502-LAB-6619/install/example_description/share/example_description/robot/visual/my-robot.xacro
-- Up-to-date: /home/ioon/FRA502-LAB-6619/install/example_description/share/example_description/robot/visual/01-myfirst.urdf
-- Up-to-date: /home/ioon/FRA502-LAB-6619/install/example_description/share/example_description/config
-- Up-to-date: /home/ioon/FRA502-LAB-6619/install/example_description/share/example_description/config/display.rviz
-- Up-to-date: /home/ioon/FRA502-LAB-6619/install/example_description/share/ament_index/resource_index/package_run_dependencies/example_description
-- Up-to-date: /home/ioon/FRA502-LAB-6619/install/example_description/share/ament_index/resource_index/parent_prefix_path/example_description
-- Up-to-date: /home/ioon/FRA502-LAB-6619/install/example_description/share/example_description/environment/ament_prefix_path.sh
-- Up-to-date: /home/ioon/FRA502-LAB-6619/install/example_description/share/example_description/environment/ament_prefix_path.dsv
-- Up-to-date: /home/ioon/FRA502-LAB-6619/install/example_description/share/example_description/environment/path.sh
-- Up-to-date: /home/ioon/FRA502-LAB-6619/install/example_description/share/example_description/environment/path.dsv
-- Up-to-date: /home/ioon/FRA502-LAB-6619/install/example_description/share/example_description/local_setup.bash
-- Up-to-date: /home/ioon/FRA502-LAB-6619/install/example_description/share/example_description/local_setup.sh
-- Up-to-date: /home/ioon/FRA502-LAB-6619/install/example_description/share/example_description/local_setup.zsh
-- Up-to-date: /home/ioon/FRA502-LAB-6619/install/example_description/share/example_description/local_setup.dsv
-- Up-to-date: /home/ioon/FRA502-LAB-6619/install/example_description/share/example_description/package.dsv
-- Up-to-date: /home/ioon/FRA502-LAB-6619/install/example_description/share/ament_index/resource_index/packages/example_description
-- Up-to-date: /home/ioon/FRA502-LAB-6619/install/example_description/share/example_description/cmake/example_descriptionConfig.cmake
-- Up-to-date: /home/ioon/FRA502-LAB-6619/install/example_description/share/example_description/cmake/example_descriptionConfig-version.cmake
-- Up-to-date: /home/ioon/FRA502-LAB-6619/install/example_description/share/example_description/package.xml
