[0.017s] Invoking command in '/home/ioon/FRA502-LAB-6619/build/example_description': CMAKE_PREFIX_PATH=${CMAKE_PREFIX_PATH}:/home/ioon/ros2_ws/install/launch_testing_examples:/home/ioon/ros2_ws/install/joystick:/home/ioon/ros2_ws/install/examples_rclpy_pointcloud_publisher:/home/ioon/ros2_ws/install/examples_rclpy_minimal_subscriber:/home/ioon/ros2_ws/install/examples_rclpy_minimal_service:/home/ioon/ros2_ws/install/examples_rclpy_minimal_publisher:/home/ioon/ros2_ws/install/examples_rclpy_minimal_client:/home/ioon/ros2_ws/install/examples_rclpy_minimal_action_server:/home/ioon/ros2_ws/install/examples_rclpy_minimal_action_client:/home/ioon/ros2_ws/install/examples_rclpy_guard_conditions:/home/ioon/ros2_ws/install/examples_rclpy_executors:/opt/ros/humble /usr/bin/cmake --build /home/ioon/FRA502-LAB-6619/build/example_description -- -j16 -l16
[0.052s] [35m[1mConsolidate compiler generated dependencies of target cpp_node_test[0m
[0.062s] [100%] Built target cpp_node_test
[0.068s] [100%] Built target ament_cmake_python_copy_example_description
[0.297s] running egg_info
[0.298s] writing example_description.egg-info/PKG-INFO
[0.298s] writing dependency_links to example_description.egg-info/dependency_links.txt
[0.298s] writing top-level names to example_description.egg-info/top_level.txt
[0.299s] reading manifest file 'example_description.egg-info/SOURCES.txt'
[0.300s] writing manifest file 'example_description.egg-info/SOURCES.txt'
[0.327s] [100%] Built target ament_cmake_python_build_example_description_egg
[0.338s] Invoked command in '/home/ioon/FRA502-LAB-6619/build/example_description' returned '0': CMAKE_PREFIX_PATH=${CMAKE_PREFIX_PATH}:/home/ioon/ros2_ws/install/launch_testing_examples:/home/ioon/ros2_ws/install/joystick:/home/ioon/ros2_ws/install/examples_rclpy_pointcloud_publisher:/home/ioon/ros2_ws/install/examples_rclpy_minimal_subscriber:/home/ioon/ros2_ws/install/examples_rclpy_minimal_service:/home/ioon/ros2_ws/install/examples_rclpy_minimal_publisher:/home/ioon/ros2_ws/install/examples_rclpy_minimal_client:/home/ioon/ros2_ws/install/examples_rclpy_minimal_action_server:/home/ioon/ros2_ws/install/examples_rclpy_minimal_action_client:/home/ioon/ros2_ws/install/examples_rclpy_guard_conditions:/home/ioon/ros2_ws/install/examples_rclpy_executors:/opt/ros/humble /usr/bin/cmake --build /home/ioon/FRA502-LAB-6619/build/example_description -- -j16 -l16
[0.347s] Invoking command in '/home/ioon/FRA502-LAB-6619/build/example_description': CMAKE_PREFIX_PATH=${CMAKE_PREFIX_PATH}:/home/ioon/ros2_ws/install/launch_testing_examples:/home/ioon/ros2_ws/install/joystick:/home/ioon/ros2_ws/install/examples_rclpy_pointcloud_publisher:/home/ioon/ros2_ws/install/examples_rclpy_minimal_subscriber:/home/ioon/ros2_ws/install/examples_rclpy_minimal_service:/home/ioon/ros2_ws/install/examples_rclpy_minimal_publisher:/home/ioon/ros2_ws/install/examples_rclpy_minimal_client:/home/ioon/ros2_ws/install/examples_rclpy_minimal_action_server:/home/ioon/ros2_ws/install/examples_rclpy_minimal_action_client:/home/ioon/ros2_ws/install/examples_rclpy_guard_conditions:/home/ioon/ros2_ws/install/examples_rclpy_executors:/opt/ros/humble /usr/bin/cmake --install /home/ioon/FRA502-LAB-6619/build/example_description
[0.353s] -- Install configuration: ""
[0.353s] -- Up-to-date: /home/ioon/FRA502-LAB-6619/install/example_description/share/example_description/environment/pythonpath.sh
[0.353s] -- Up-to-date: /home/ioon/FRA502-LAB-6619/install/example_description/share/example_description/environment/pythonpath.dsv
[0.353s] -- Up-to-date: /home/ioon/FRA502-LAB-6619/install/example_description/local/lib/python3.10/dist-packages/example_description-0.0.0-py3.10.egg-info
[0.354s] -- Installing: /home/ioon/FRA502-LAB-6619/install/example_description/local/lib/python3.10/dist-packages/example_description-0.0.0-py3.10.egg-info/PKG-INFO
[0.354s] -- Installing: /home/ioon/FRA502-LAB-6619/install/example_description/local/lib/python3.10/dist-packages/example_description-0.0.0-py3.10.egg-info/top_level.txt
[0.354s] -- Installing: /home/ioon/FRA502-LAB-6619/install/example_description/local/lib/python3.10/dist-packages/example_description-0.0.0-py3.10.egg-info/dependency_links.txt
[0.354s] -- Installing: /home/ioon/FRA502-LAB-6619/install/example_description/local/lib/python3.10/dist-packages/example_description-0.0.0-py3.10.egg-info/SOURCES.txt
[0.355s] -- Up-to-date: /home/ioon/FRA502-LAB-6619/install/example_description/local/lib/python3.10/dist-packages/example_description
[0.355s] -- Up-to-date: /home/ioon/FRA502-LAB-6619/install/example_description/local/lib/python3.10/dist-packages/example_description/__init__.py
[0.355s] -- Up-to-date: /home/ioon/FRA502-LAB-6619/install/example_description/local/lib/python3.10/dist-packages/example_description/dummy_module.py
[0.387s] Listing '/home/ioon/FRA502-LAB-6619/install/example_description/local/lib/python3.10/dist-packages/example_description'...
[0.390s] -- Up-to-date: /home/ioon/FRA502-LAB-6619/install/example_description/lib/example_description/dummy_script.py
[0.391s] -- Up-to-date: /home/ioon/FRA502-LAB-6619/install/example_description/lib/example_description/cpp_node_test
[0.391s] -- Up-to-date: /home/ioon/FRA502-LAB-6619/install/example_description/share/example_description/launch
[0.391s] -- Up-to-date: /home/ioon/FRA502-LAB-6619/install/example_description/share/example_description/launch/simple_display.launch.py
[0.391s] -- Up-to-date: /home/ioon/FRA502-LAB-6619/install/example_description/share/example_description/meshes
[0.391s] -- Up-to-date: /home/ioon/FRA502-LAB-6619/install/example_description/share/example_description/meshes/link_0.stl
[0.391s] -- Up-to-date: /home/ioon/FRA502-LAB-6619/install/example_description/share/example_description/meshes/link_3.stl
[0.391s] -- Up-to-date: /home/ioon/FRA502-LAB-6619/install/example_description/share/example_description/meshes/link_2.stl
[0.391s] -- Up-to-date: /home/ioon/FRA502-LAB-6619/install/example_description/share/example_description/meshes/link_1.stl
[0.391s] -- Up-to-date: /home/ioon/FRA502-LAB-6619/install/example_description/share/example_description/meshes/end_effector.stl
[0.391s] -- Up-to-date: /home/ioon/FRA502-LAB-6619/install/example_description/share/example_description/robot
[0.391s] -- Up-to-date: /home/ioon/FRA502-LAB-6619/install/example_description/share/example_description/robot/visual
[0.392s] -- Up-to-date: /home/ioon/FRA502-LAB-6619/install/example_description/share/example_description/robot/visual/my-robot.xacro
[0.392s] -- Up-to-date: /home/ioon/FRA502-LAB-6619/install/example_description/share/example_description/robot/visual/01-myfirst.urdf
[0.392s] -- Up-to-date: /home/ioon/FRA502-LAB-6619/install/example_description/share/example_description/config
[0.392s] -- Up-to-date: /home/ioon/FRA502-LAB-6619/install/example_description/share/example_description/config/display.rviz
[0.392s] -- Up-to-date: /home/ioon/FRA502-LAB-6619/install/example_description/share/ament_index/resource_index/package_run_dependencies/example_description
[0.392s] -- Up-to-date: /home/ioon/FRA502-LAB-6619/install/example_description/share/ament_index/resource_index/parent_prefix_path/example_description
[0.392s] -- Up-to-date: /home/ioon/FRA502-LAB-6619/install/example_description/share/example_description/environment/ament_prefix_path.sh
[0.392s] -- Up-to-date: /home/ioon/FRA502-LAB-6619/install/example_description/share/example_description/environment/ament_prefix_path.dsv
[0.392s] -- Up-to-date: /home/ioon/FRA502-LAB-6619/install/example_description/share/example_description/environment/path.sh
[0.392s] -- Up-to-date: /home/ioon/FRA502-LAB-6619/install/example_description/share/example_description/environment/path.dsv
[0.392s] -- Up-to-date: /home/ioon/FRA502-LAB-6619/install/example_description/share/example_description/local_setup.bash
[0.392s] -- Up-to-date: /home/ioon/FRA502-LAB-6619/install/example_description/share/example_description/local_setup.sh
[0.392s] -- Up-to-date: /home/ioon/FRA502-LAB-6619/install/example_description/share/example_description/local_setup.zsh
[0.392s] -- Up-to-date: /home/ioon/FRA502-LAB-6619/install/example_description/share/example_description/local_setup.dsv
[0.392s] -- Up-to-date: /home/ioon/FRA502-LAB-6619/install/example_description/share/example_description/package.dsv
[0.392s] -- Up-to-date: /home/ioon/FRA502-LAB-6619/install/example_description/share/ament_index/resource_index/packages/example_description
[0.392s] -- Up-to-date: /home/ioon/FRA502-LAB-6619/install/example_description/share/example_description/cmake/example_descriptionConfig.cmake
[0.392s] -- Up-to-date: /home/ioon/FRA502-LAB-6619/install/example_description/share/example_description/cmake/example_descriptionConfig-version.cmake
[0.392s] -- Up-to-date: /home/ioon/FRA502-LAB-6619/install/example_description/share/example_description/package.xml
[0.394s] Invoked command in '/home/ioon/FRA502-LAB-6619/build/example_description' returned '0': CMAKE_PREFIX_PATH=${CMAKE_PREFIX_PATH}:/home/ioon/ros2_ws/install/launch_testing_examples:/home/ioon/ros2_ws/install/joystick:/home/ioon/ros2_ws/install/examples_rclpy_pointcloud_publisher:/home/ioon/ros2_ws/install/examples_rclpy_minimal_subscriber:/home/ioon/ros2_ws/install/examples_rclpy_minimal_service:/home/ioon/ros2_ws/install/examples_rclpy_minimal_publisher:/home/ioon/ros2_ws/install/examples_rclpy_minimal_client:/home/ioon/ros2_ws/install/examples_rclpy_minimal_action_server:/home/ioon/ros2_ws/install/examples_rclpy_minimal_action_client:/home/ioon/ros2_ws/install/examples_rclpy_guard_conditions:/home/ioon/ros2_ws/install/examples_rclpy_executors:/opt/ros/humble /usr/bin/cmake --install /home/ioon/FRA502-LAB-6619/build/example_description
