[0.013s] Invoking command in '/home/ioon/FRA502-LAB-6619/build/robot_interfaces': CMAKE_PREFIX_PATH=${CMAKE_PREFIX_PATH}:/home/ioon/ros2_ws/install/launch_testing_examples:/home/ioon/ros2_ws/install/joystick:/home/ioon/ros2_ws/install/examples_rclpy_pointcloud_publisher:/home/ioon/ros2_ws/install/examples_rclpy_minimal_subscriber:/home/ioon/ros2_ws/install/examples_rclpy_minimal_service:/home/ioon/ros2_ws/install/examples_rclpy_minimal_publisher:/home/ioon/ros2_ws/install/examples_rclpy_minimal_client:/home/ioon/ros2_ws/install/examples_rclpy_minimal_action_server:/home/ioon/ros2_ws/install/examples_rclpy_minimal_action_client:/home/ioon/ros2_ws/install/examples_rclpy_guard_conditions:/home/ioon/ros2_ws/install/examples_rclpy_executors:/opt/ros/humble /usr/bin/cmake /home/ioon/FRA502-LAB-6619/src/robot_interfaces -DCMAKE_INSTALL_PREFIX=/home/ioon/FRA502-LAB-6619/install/robot_interfaces
[0.130s] -- The C compiler identification is GNU 11.4.0
[0.220s] -- The CXX compiler identification is GNU 11.4.0
[0.230s] -- Detecting C compiler ABI info
[0.294s] -- Detecting C compiler ABI info - done
[0.299s] -- Check for working C compiler: /usr/bin/cc - skipped
[0.299s] -- Detecting C compile features
[0.300s] -- Detecting C compile features - done
[0.303s] -- Detecting CXX compiler ABI info
[0.372s] -- Detecting CXX compiler ABI info - done
[0.377s] -- Check for working CXX compiler: /usr/bin/c++ - skipped
[0.378s] -- Detecting CXX compile features
[0.378s] -- Detecting CXX compile features - done
[0.391s] -- Found ament_cmake: 1.3.12 (/opt/ros/humble/share/ament_cmake/cmake)
[0.551s] -- Found Python3: /usr/bin/python3 (found version "3.10.12") found components: Interpreter 
[0.709s] -- Found std_msgs: 4.9.0 (/opt/ros/humble/share/std_msgs/cmake)
[0.787s] -- Found rosidl_generator_c: 3.1.7 (/opt/ros/humble/share/rosidl_generator_c/cmake)
[0.802s] -- Found rosidl_adapter: 3.1.7 (/opt/ros/humble/share/rosidl_adapter/cmake)
[0.819s] -- Found rosidl_generator_cpp: 3.1.7 (/opt/ros/humble/share/rosidl_generator_cpp/cmake)
[0.842s] -- Using all available rosidl_typesupport_c: rosidl_typesupport_fastrtps_c;rosidl_typesupport_introspection_c
[0.870s] -- Using all available rosidl_typesupport_cpp: rosidl_typesupport_fastrtps_cpp;rosidl_typesupport_introspection_cpp
[0.909s] -- Found geometry_msgs: 4.9.0 (/opt/ros/humble/share/geometry_msgs/cmake)
[0.927s] -- Found rosidl_default_generators: 1.2.0 (/opt/ros/humble/share/rosidl_default_generators/cmake)
[1.209s] -- Found ament_cmake_ros: 0.10.0 (/opt/ros/humble/share/ament_cmake_ros/cmake)
[1.597s] -- Using all available rosidl_typesupport_c: rosidl_typesupport_fastrtps_c;rosidl_typesupport_introspection_c
[1.743s] -- Using all available rosidl_typesupport_cpp: rosidl_typesupport_fastrtps_cpp;rosidl_typesupport_introspection_cpp
[1.768s] -- Found PythonInterp: /usr/bin/python3 (found suitable version "3.10.12", minimum required is "3.6") 
[1.775s] -- Found python_cmake_module: 0.10.0 (/opt/ros/humble/share/python_cmake_module/cmake)
[1.806s] -- Found PythonLibs: /usr/lib/x86_64-linux-gnu/libpython3.10.so (found suitable version "3.10.12", minimum required is "3.5") 
[1.806s] -- Using PYTHON_EXECUTABLE: /usr/bin/python3
[1.806s] -- Using PYTHON_INCLUDE_DIRS: /usr/include/python3.10
[1.806s] -- Using PYTHON_LIBRARIES: /usr/lib/x86_64-linux-gnu/libpython3.10.so
[1.830s] -- Found PythonExtra: .so  
[1.906s] -- Found ament_lint_auto: 0.12.14 (/opt/ros/humble/share/ament_lint_auto/cmake)
[1.965s] -- Added test 'lint_cmake' to check CMake code style
[1.967s] -- Added test 'xmllint' to check XML markup files
[1.971s] -- Configuring done
[1.999s] -- Generating done
[2.008s] -- Build files have been written to: /home/ioon/FRA502-LAB-6619/build/robot_interfaces
[2.015s] Invoked command in '/home/ioon/FRA502-LAB-6619/build/robot_interfaces' returned '0': CMAKE_PREFIX_PATH=${CMAKE_PREFIX_PATH}:/home/ioon/ros2_ws/install/launch_testing_examples:/home/ioon/ros2_ws/install/joystick:/home/ioon/ros2_ws/install/examples_rclpy_pointcloud_publisher:/home/ioon/ros2_ws/install/examples_rclpy_minimal_subscriber:/home/ioon/ros2_ws/install/examples_rclpy_minimal_service:/home/ioon/ros2_ws/install/examples_rclpy_minimal_publisher:/home/ioon/ros2_ws/install/examples_rclpy_minimal_client:/home/ioon/ros2_ws/install/examples_rclpy_minimal_action_server:/home/ioon/ros2_ws/install/examples_rclpy_minimal_action_client:/home/ioon/ros2_ws/install/examples_rclpy_guard_conditions:/home/ioon/ros2_ws/install/examples_rclpy_executors:/opt/ros/humble /usr/bin/cmake /home/ioon/FRA502-LAB-6619/src/robot_interfaces -DCMAKE_INSTALL_PREFIX=/home/ioon/FRA502-LAB-6619/install/robot_interfaces
[2.016s] Invoking command in '/home/ioon/FRA502-LAB-6619/build/robot_interfaces': CMAKE_PREFIX_PATH=${CMAKE_PREFIX_PATH}:/home/ioon/ros2_ws/install/launch_testing_examples:/home/ioon/ros2_ws/install/joystick:/home/ioon/ros2_ws/install/examples_rclpy_pointcloud_publisher:/home/ioon/ros2_ws/install/examples_rclpy_minimal_subscriber:/home/ioon/ros2_ws/install/examples_rclpy_minimal_service:/home/ioon/ros2_ws/install/examples_rclpy_minimal_publisher:/home/ioon/ros2_ws/install/examples_rclpy_minimal_client:/home/ioon/ros2_ws/install/examples_rclpy_minimal_action_server:/home/ioon/ros2_ws/install/examples_rclpy_minimal_action_client:/home/ioon/ros2_ws/install/examples_rclpy_guard_conditions:/home/ioon/ros2_ws/install/examples_rclpy_executors:/opt/ros/humble /usr/bin/cmake --build /home/ioon/FRA502-LAB-6619/build/robot_interfaces -- -j16 -l16
[2.057s] [  2%] [34m[1mGenerating C code for ROS interfaces[0m
[2.068s] [  4%] [34m[1mGenerating C++ code for ROS interfaces[0m
[2.077s] [  4%] Built target ament_cmake_python_copy_robot_interfaces
[2.299s] running egg_info
[2.300s] creating robot_interfaces.egg-info
[2.300s] writing robot_interfaces.egg-info/PKG-INFO
[2.300s] writing dependency_links to robot_interfaces.egg-info/dependency_links.txt
[2.300s] writing top-level names to robot_interfaces.egg-info/top_level.txt
[2.300s] writing manifest file 'robot_interfaces.egg-info/SOURCES.txt'
[2.301s] reading manifest file 'robot_interfaces.egg-info/SOURCES.txt'
[2.302s] writing manifest file 'robot_interfaces.egg-info/SOURCES.txt'
[2.323s] [  4%] Built target ament_cmake_python_build_robot_interfaces_egg
[2.403s] [  8%] [32mBuilding C object CMakeFiles/robot_interfaces__rosidl_generator_c.dir/rosidl_generator_c/robot_interfaces/srv/detail/mode_select__functions.c.o[0m
[2.403s] [  8%] [32mBuilding C object CMakeFiles/robot_interfaces__rosidl_generator_c.dir/rosidl_generator_c/robot_interfaces/srv/detail/random_end_effector__functions.c.o[0m
[2.407s] [ 10%] [32mBuilding C object CMakeFiles/robot_interfaces__rosidl_generator_c.dir/rosidl_generator_c/robot_interfaces/srv/detail/inverse_kinematic__functions.c.o[0m
[2.408s] [ 10%] Built target robot_interfaces__cpp
[2.419s] [ 14%] [34m[1mGenerating C++ introspection for ROS interfaces[0m
[2.419s] [ 14%] [34m[1mGenerating C++ type support dispatch for ROS interfaces[0m
[2.419s] [ 17%] [34m[1mGenerating C++ type support for eProsima Fast-RTPS[0m
[2.464s] [ 19%] [32m[1mLinking C shared library librobot_interfaces__rosidl_generator_c.so[0m
[2.506s] [ 19%] Built target robot_interfaces__rosidl_generator_c
[2.517s] [ 23%] [34m[1mGenerating C type support dispatch for ROS interfaces[0m
[2.517s] [ 23%] [34m[1mGenerating C introspection for ROS interfaces[0m
[2.518s] [ 25%] [34m[1mGenerating C type support for eProsima Fast-RTPS[0m
[2.691s] [ 31%] [32mBuilding CXX object CMakeFiles/robot_interfaces__rosidl_typesupport_cpp.dir/rosidl_typesupport_cpp/robot_interfaces/srv/inverse_kinematic__type_support.cpp.o[0m
[2.691s] [ 31%] [32mBuilding CXX object CMakeFiles/robot_interfaces__rosidl_typesupport_cpp.dir/rosidl_typesupport_cpp/robot_interfaces/srv/random_end_effector__type_support.cpp.o[0m
[2.691s] [ 31%] [32mBuilding CXX object CMakeFiles/robot_interfaces__rosidl_typesupport_cpp.dir/rosidl_typesupport_cpp/robot_interfaces/srv/mode_select__type_support.cpp.o[0m
[2.721s] [ 34%] [32mBuilding CXX object CMakeFiles/robot_interfaces__rosidl_typesupport_introspection_cpp.dir/rosidl_typesupport_introspection_cpp/robot_interfaces/srv/detail/inverse_kinematic__type_support.cpp.o[0m
[2.721s] [ 36%] [32mBuilding CXX object CMakeFiles/robot_interfaces__rosidl_typesupport_introspection_cpp.dir/rosidl_typesupport_introspection_cpp/robot_interfaces/srv/detail/random_end_effector__type_support.cpp.o[0m
[2.722s] [ 38%] [32mBuilding CXX object CMakeFiles/robot_interfaces__rosidl_typesupport_introspection_cpp.dir/rosidl_typesupport_introspection_cpp/robot_interfaces/srv/detail/mode_select__type_support.cpp.o[0m
[2.751s] [ 44%] [32mBuilding CXX object CMakeFiles/robot_interfaces__rosidl_typesupport_fastrtps_cpp.dir/rosidl_typesupport_fastrtps_cpp/robot_interfaces/srv/detail/dds_fastrtps/inverse_kinematic__type_support.cpp.o[0m
[2.751s] [ 44%] [32mBuilding CXX object CMakeFiles/robot_interfaces__rosidl_typesupport_fastrtps_cpp.dir/rosidl_typesupport_fastrtps_cpp/robot_interfaces/srv/detail/dds_fastrtps/mode_select__type_support.cpp.o[0m
[2.751s] [ 44%] [32mBuilding CXX object CMakeFiles/robot_interfaces__rosidl_typesupport_fastrtps_cpp.dir/rosidl_typesupport_fastrtps_cpp/robot_interfaces/srv/detail/dds_fastrtps/random_end_effector__type_support.cpp.o[0m
[2.801s] [ 46%] [32mBuilding CXX object CMakeFiles/robot_interfaces__rosidl_typesupport_c.dir/rosidl_typesupport_c/robot_interfaces/srv/random_end_effector__type_support.cpp.o[0m
[2.801s] [ 51%] [32mBuilding CXX object CMakeFiles/robot_interfaces__rosidl_typesupport_c.dir/rosidl_typesupport_c/robot_interfaces/srv/mode_select__type_support.cpp.o[0m
[2.801s] [ 51%] [32mBuilding CXX object CMakeFiles/robot_interfaces__rosidl_typesupport_c.dir/rosidl_typesupport_c/robot_interfaces/srv/inverse_kinematic__type_support.cpp.o[0m
[2.841s] [ 53%] [32m[1mLinking CXX shared library librobot_interfaces__rosidl_typesupport_c.so[0m
[2.866s] [ 55%] [32mBuilding C object CMakeFiles/robot_interfaces__rosidl_typesupport_introspection_c.dir/rosidl_typesupport_introspection_c/robot_interfaces/srv/detail/inverse_kinematic__type_support.c.o[0m
[2.867s] [ 57%] [32mBuilding C object CMakeFiles/robot_interfaces__rosidl_typesupport_introspection_c.dir/rosidl_typesupport_introspection_c/robot_interfaces/srv/detail/mode_select__type_support.c.o[0m
[2.871s] [ 59%] [32mBuilding C object CMakeFiles/robot_interfaces__rosidl_typesupport_introspection_c.dir/rosidl_typesupport_introspection_c/robot_interfaces/srv/detail/random_end_effector__type_support.c.o[0m
[2.902s] [ 59%] Built target robot_interfaces__rosidl_typesupport_c
[2.913s] [ 63%] [32mBuilding CXX object CMakeFiles/robot_interfaces__rosidl_typesupport_fastrtps_c.dir/rosidl_typesupport_fastrtps_c/robot_interfaces/srv/detail/mode_select__type_support_c.cpp.o[0m
[2.913s] [ 63%] [32mBuilding CXX object CMakeFiles/robot_interfaces__rosidl_typesupport_fastrtps_c.dir/rosidl_typesupport_fastrtps_c/robot_interfaces/srv/detail/random_end_effector__type_support_c.cpp.o[0m
[2.913s] [ 65%] [32mBuilding CXX object CMakeFiles/robot_interfaces__rosidl_typesupport_fastrtps_c.dir/rosidl_typesupport_fastrtps_c/robot_interfaces/srv/detail/inverse_kinematic__type_support_c.cpp.o[0m
[2.921s] [ 68%] [32m[1mLinking C shared library librobot_interfaces__rosidl_typesupport_introspection_c.so[0m
[2.973s] [ 68%] Built target robot_interfaces__rosidl_typesupport_introspection_c
[2.988s] [ 70%] [32m[1mLinking CXX shared library librobot_interfaces__rosidl_typesupport_cpp.so[0m
[3.028s] [ 70%] Built target robot_interfaces__rosidl_typesupport_cpp
[3.126s] [ 72%] [32m[1mLinking CXX shared library librobot_interfaces__rosidl_typesupport_introspection_cpp.so[0m
[3.165s] [ 74%] [32m[1mLinking CXX shared library librobot_interfaces__rosidl_typesupport_fastrtps_cpp.so[0m
[3.198s] [ 74%] Built target robot_interfaces__rosidl_typesupport_introspection_cpp
[3.233s] [ 76%] [32m[1mLinking CXX shared library librobot_interfaces__rosidl_typesupport_fastrtps_c.so[0m
[3.235s] [ 76%] Built target robot_interfaces__rosidl_typesupport_fastrtps_cpp
[3.295s] [ 76%] Built target robot_interfaces__rosidl_typesupport_fastrtps_c
[3.317s] [ 76%] Built target robot_interfaces
[3.339s] [ 78%] [34m[1mGenerating Python code for ROS interfaces[0m
[3.832s] [ 78%] Built target robot_interfaces__py
[3.855s] [ 80%] [32mBuilding C object CMakeFiles/robot_interfaces__rosidl_generator_py.dir/rosidl_generator_py/robot_interfaces/srv/_random_end_effector_s.c.o[0m
[3.855s] [ 82%] [32mBuilding C object CMakeFiles/robot_interfaces__rosidl_generator_py.dir/rosidl_generator_py/robot_interfaces/srv/_mode_select_s.c.o[0m
[3.856s] [ 85%] [32mBuilding C object CMakeFiles/robot_interfaces__rosidl_generator_py.dir/rosidl_generator_py/robot_interfaces/srv/_inverse_kinematic_s.c.o[0m
[3.965s] [ 87%] [32m[1mLinking C shared library rosidl_generator_py/robot_interfaces/librobot_interfaces__rosidl_generator_py.so[0m
[4.006s] [ 87%] Built target robot_interfaces__rosidl_generator_py
[4.029s] [ 93%] [32mBuilding C object CMakeFiles/robot_interfaces__rosidl_typesupport_fastrtps_c__pyext.dir/rosidl_generator_py/robot_interfaces/_robot_interfaces_s.ep.rosidl_typesupport_fastrtps_c.c.o[0m
[4.029s] [ 93%] [32mBuilding C object CMakeFiles/robot_interfaces__rosidl_typesupport_introspection_c__pyext.dir/rosidl_generator_py/robot_interfaces/_robot_interfaces_s.ep.rosidl_typesupport_introspection_c.c.o[0m
[4.029s] [ 93%] [32mBuilding C object CMakeFiles/robot_interfaces__rosidl_typesupport_c__pyext.dir/rosidl_generator_py/robot_interfaces/_robot_interfaces_s.ep.rosidl_typesupport_c.c.o[0m
[4.114s] [100%] [32m[1mLinking C shared library rosidl_generator_py/robot_interfaces/robot_interfaces_s__rosidl_typesupport_introspection_c.cpython-310-x86_64-linux-gnu.so[0m
[4.114s] [100%] [32m[1mLinking C shared library rosidl_generator_py/robot_interfaces/robot_interfaces_s__rosidl_typesupport_c.cpython-310-x86_64-linux-gnu.so[0m
[4.114s] [100%] [32m[1mLinking C shared library rosidl_generator_py/robot_interfaces/robot_interfaces_s__rosidl_typesupport_fastrtps_c.cpython-310-x86_64-linux-gnu.so[0m
[4.150s] [100%] Built target robot_interfaces__rosidl_typesupport_introspection_c__pyext
[4.151s] [100%] Built target robot_interfaces__rosidl_typesupport_c__pyext
[4.151s] [100%] Built target robot_interfaces__rosidl_typesupport_fastrtps_c__pyext
[4.164s] Invoked command in '/home/ioon/FRA502-LAB-6619/build/robot_interfaces' returned '0': CMAKE_PREFIX_PATH=${CMAKE_PREFIX_PATH}:/home/ioon/ros2_ws/install/launch_testing_examples:/home/ioon/ros2_ws/install/joystick:/home/ioon/ros2_ws/install/examples_rclpy_pointcloud_publisher:/home/ioon/ros2_ws/install/examples_rclpy_minimal_subscriber:/home/ioon/ros2_ws/install/examples_rclpy_minimal_service:/home/ioon/ros2_ws/install/examples_rclpy_minimal_publisher:/home/ioon/ros2_ws/install/examples_rclpy_minimal_client:/home/ioon/ros2_ws/install/examples_rclpy_minimal_action_server:/home/ioon/ros2_ws/install/examples_rclpy_minimal_action_client:/home/ioon/ros2_ws/install/examples_rclpy_guard_conditions:/home/ioon/ros2_ws/install/examples_rclpy_executors:/opt/ros/humble /usr/bin/cmake --build /home/ioon/FRA502-LAB-6619/build/robot_interfaces -- -j16 -l16
[4.165s] Invoking command in '/home/ioon/FRA502-LAB-6619/build/robot_interfaces': CMAKE_PREFIX_PATH=${CMAKE_PREFIX_PATH}:/home/ioon/ros2_ws/install/launch_testing_examples:/home/ioon/ros2_ws/install/joystick:/home/ioon/ros2_ws/install/examples_rclpy_pointcloud_publisher:/home/ioon/ros2_ws/install/examples_rclpy_minimal_subscriber:/home/ioon/ros2_ws/install/examples_rclpy_minimal_service:/home/ioon/ros2_ws/install/examples_rclpy_minimal_publisher:/home/ioon/ros2_ws/install/examples_rclpy_minimal_client:/home/ioon/ros2_ws/install/examples_rclpy_minimal_action_server:/home/ioon/ros2_ws/install/examples_rclpy_minimal_action_client:/home/ioon/ros2_ws/install/examples_rclpy_guard_conditions:/home/ioon/ros2_ws/install/examples_rclpy_executors:/opt/ros/humble /usr/bin/cmake --install /home/ioon/FRA502-LAB-6619/build/robot_interfaces
[4.174s] -- Install configuration: ""
[4.174s] -- Installing: /home/ioon/FRA502-LAB-6619/install/robot_interfaces/share/ament_index/resource_index/rosidl_interfaces/robot_interfaces
[4.174s] -- Installing: /home/ioon/FRA502-LAB-6619/install/robot_interfaces/include/robot_interfaces/robot_interfaces
[4.174s] -- Installing: /home/ioon/FRA502-LAB-6619/install/robot_interfaces/include/robot_interfaces/robot_interfaces/srv
[4.174s] -- Installing: /home/ioon/FRA502-LAB-6619/install/robot_interfaces/include/robot_interfaces/robot_interfaces/srv/detail
[4.174s] -- Installing: /home/ioon/FRA502-LAB-6619/install/robot_interfaces/include/robot_interfaces/robot_interfaces/srv/detail/random_end_effector__struct.h
[4.174s] -- Installing: /home/ioon/FRA502-LAB-6619/install/robot_interfaces/include/robot_interfaces/robot_interfaces/srv/detail/mode_select__struct.h
[4.175s] -- Installing: /home/ioon/FRA502-LAB-6619/install/robot_interfaces/include/robot_interfaces/robot_interfaces/srv/detail/random_end_effector__type_support.h
[4.175s] -- Installing: /home/ioon/FRA502-LAB-6619/install/robot_interfaces/include/robot_interfaces/robot_interfaces/srv/detail/inverse_kinematic__functions.h
[4.175s] -- Installing: /home/ioon/FRA502-LAB-6619/install/robot_interfaces/include/robot_interfaces/robot_interfaces/srv/detail/mode_select__functions.c
[4.175s] -- Installing: /home/ioon/FRA502-LAB-6619/install/robot_interfaces/include/robot_interfaces/robot_interfaces/srv/detail/inverse_kinematic__functions.c
[4.175s] -- Installing: /home/ioon/FRA502-LAB-6619/install/robot_interfaces/include/robot_interfaces/robot_interfaces/srv/detail/inverse_kinematic__struct.h
[4.175s] -- Installing: /home/ioon/FRA502-LAB-6619/install/robot_interfaces/include/robot_interfaces/robot_interfaces/srv/detail/inverse_kinematic__type_support.h
[4.176s] -- Installing: /home/ioon/FRA502-LAB-6619/install/robot_interfaces/include/robot_interfaces/robot_interfaces/srv/detail/random_end_effector__functions.c
[4.176s] -- Installing: /home/ioon/FRA502-LAB-6619/install/robot_interfaces/include/robot_interfaces/robot_interfaces/srv/detail/random_end_effector__functions.h
[4.176s] -- Installing: /home/ioon/FRA502-LAB-6619/install/robot_interfaces/include/robot_interfaces/robot_interfaces/srv/detail/mode_select__type_support.h
[4.176s] -- Installing: /home/ioon/FRA502-LAB-6619/install/robot_interfaces/include/robot_interfaces/robot_interfaces/srv/detail/mode_select__functions.h
[4.176s] -- Installing: /home/ioon/FRA502-LAB-6619/install/robot_interfaces/include/robot_interfaces/robot_interfaces/srv/mode_select.h
[4.176s] -- Installing: /home/ioon/FRA502-LAB-6619/install/robot_interfaces/include/robot_interfaces/robot_interfaces/srv/inverse_kinematic.h
[4.176s] -- Installing: /home/ioon/FRA502-LAB-6619/install/robot_interfaces/include/robot_interfaces/robot_interfaces/srv/random_end_effector.h
[4.176s] -- Installing: /home/ioon/FRA502-LAB-6619/install/robot_interfaces/include/robot_interfaces/robot_interfaces/msg
[4.176s] -- Installing: /home/ioon/FRA502-LAB-6619/install/robot_interfaces/include/robot_interfaces/robot_interfaces/msg/rosidl_generator_c__visibility_control.h
[4.176s] -- Installing: /home/ioon/FRA502-LAB-6619/install/robot_interfaces/share/robot_interfaces/environment/library_path.sh
[4.177s] -- Installing: /home/ioon/FRA502-LAB-6619/install/robot_interfaces/share/robot_interfaces/environment/library_path.dsv
[4.177s] -- Installing: /home/ioon/FRA502-LAB-6619/install/robot_interfaces/lib/librobot_interfaces__rosidl_generator_c.so
[4.177s] -- Set runtime path of "/home/ioon/FRA502-LAB-6619/install/robot_interfaces/lib/librobot_interfaces__rosidl_generator_c.so" to ""
[4.177s] -- Up-to-date: /home/ioon/FRA502-LAB-6619/install/robot_interfaces/include/robot_interfaces/robot_interfaces
[4.177s] -- Up-to-date: /home/ioon/FRA502-LAB-6619/install/robot_interfaces/include/robot_interfaces/robot_interfaces/srv
[4.177s] -- Up-to-date: /home/ioon/FRA502-LAB-6619/install/robot_interfaces/include/robot_interfaces/robot_interfaces/srv/detail
[4.177s] -- Installing: /home/ioon/FRA502-LAB-6619/install/robot_interfaces/include/robot_interfaces/robot_interfaces/srv/detail/mode_select__rosidl_typesupport_fastrtps_c.h
[4.177s] -- Installing: /home/ioon/FRA502-LAB-6619/install/robot_interfaces/include/robot_interfaces/robot_interfaces/srv/detail/inverse_kinematic__rosidl_typesupport_fastrtps_c.h
[4.177s] -- Installing: /home/ioon/FRA502-LAB-6619/install/robot_interfaces/include/robot_interfaces/robot_interfaces/srv/detail/random_end_effector__rosidl_typesupport_fastrtps_c.h
[4.178s] -- Up-to-date: /home/ioon/FRA502-LAB-6619/install/robot_interfaces/include/robot_interfaces/robot_interfaces/msg
[4.178s] -- Installing: /home/ioon/FRA502-LAB-6619/install/robot_interfaces/include/robot_interfaces/robot_interfaces/msg/rosidl_typesupport_fastrtps_c__visibility_control.h
[4.178s] -- Installing: /home/ioon/FRA502-LAB-6619/install/robot_interfaces/lib/librobot_interfaces__rosidl_typesupport_fastrtps_c.so
[4.178s] -- Set runtime path of "/home/ioon/FRA502-LAB-6619/install/robot_interfaces/lib/librobot_interfaces__rosidl_typesupport_fastrtps_c.so" to ""
[4.178s] -- Up-to-date: /home/ioon/FRA502-LAB-6619/install/robot_interfaces/include/robot_interfaces/robot_interfaces
[4.178s] -- Up-to-date: /home/ioon/FRA502-LAB-6619/install/robot_interfaces/include/robot_interfaces/robot_interfaces/srv
[4.178s] -- Up-to-date: /home/ioon/FRA502-LAB-6619/install/robot_interfaces/include/robot_interfaces/robot_interfaces/srv/detail
[4.178s] -- Installing: /home/ioon/FRA502-LAB-6619/install/robot_interfaces/include/robot_interfaces/robot_interfaces/srv/detail/mode_select__traits.hpp
[4.178s] -- Installing: /home/ioon/FRA502-LAB-6619/install/robot_interfaces/include/robot_interfaces/robot_interfaces/srv/detail/inverse_kinematic__builder.hpp
[4.178s] -- Installing: /home/ioon/FRA502-LAB-6619/install/robot_interfaces/include/robot_interfaces/robot_interfaces/srv/detail/random_end_effector__builder.hpp
[4.178s] -- Installing: /home/ioon/FRA502-LAB-6619/install/robot_interfaces/include/robot_interfaces/robot_interfaces/srv/detail/mode_select__struct.hpp
[4.178s] -- Installing: /home/ioon/FRA502-LAB-6619/install/robot_interfaces/include/robot_interfaces/robot_interfaces/srv/detail/inverse_kinematic__type_support.hpp
[4.179s] -- Installing: /home/ioon/FRA502-LAB-6619/install/robot_interfaces/include/robot_interfaces/robot_interfaces/srv/detail/random_end_effector__type_support.hpp
[4.179s] -- Installing: /home/ioon/FRA502-LAB-6619/install/robot_interfaces/include/robot_interfaces/robot_interfaces/srv/detail/random_end_effector__struct.hpp
[4.179s] -- Installing: /home/ioon/FRA502-LAB-6619/install/robot_interfaces/include/robot_interfaces/robot_interfaces/srv/detail/random_end_effector__traits.hpp
[4.179s] -- Installing: /home/ioon/FRA502-LAB-6619/install/robot_interfaces/include/robot_interfaces/robot_interfaces/srv/detail/mode_select__type_support.hpp
[4.179s] -- Installing: /home/ioon/FRA502-LAB-6619/install/robot_interfaces/include/robot_interfaces/robot_interfaces/srv/detail/inverse_kinematic__struct.hpp
[4.179s] -- Installing: /home/ioon/FRA502-LAB-6619/install/robot_interfaces/include/robot_interfaces/robot_interfaces/srv/detail/mode_select__builder.hpp
[4.179s] -- Installing: /home/ioon/FRA502-LAB-6619/install/robot_interfaces/include/robot_interfaces/robot_interfaces/srv/detail/inverse_kinematic__traits.hpp
[4.179s] -- Installing: /home/ioon/FRA502-LAB-6619/install/robot_interfaces/include/robot_interfaces/robot_interfaces/srv/random_end_effector.hpp
[4.179s] -- Installing: /home/ioon/FRA502-LAB-6619/install/robot_interfaces/include/robot_interfaces/robot_interfaces/srv/inverse_kinematic.hpp
[4.180s] -- Installing: /home/ioon/FRA502-LAB-6619/install/robot_interfaces/include/robot_interfaces/robot_interfaces/srv/mode_select.hpp
[4.180s] -- Up-to-date: /home/ioon/FRA502-LAB-6619/install/robot_interfaces/include/robot_interfaces/robot_interfaces/msg
[4.180s] -- Installing: /home/ioon/FRA502-LAB-6619/install/robot_interfaces/include/robot_interfaces/robot_interfaces/msg/rosidl_generator_cpp__visibility_control.hpp
[4.180s] -- Up-to-date: /home/ioon/FRA502-LAB-6619/install/robot_interfaces/include/robot_interfaces/robot_interfaces
[4.180s] -- Up-to-date: /home/ioon/FRA502-LAB-6619/install/robot_interfaces/include/robot_interfaces/robot_interfaces/srv
[4.180s] -- Up-to-date: /home/ioon/FRA502-LAB-6619/install/robot_interfaces/include/robot_interfaces/robot_interfaces/srv/detail
[4.180s] -- Installing: /home/ioon/FRA502-LAB-6619/install/robot_interfaces/include/robot_interfaces/robot_interfaces/srv/detail/dds_fastrtps
[4.180s] -- Installing: /home/ioon/FRA502-LAB-6619/install/robot_interfaces/include/robot_interfaces/robot_interfaces/srv/detail/random_end_effector__rosidl_typesupport_fastrtps_cpp.hpp
[4.180s] -- Installing: /home/ioon/FRA502-LAB-6619/install/robot_interfaces/include/robot_interfaces/robot_interfaces/srv/detail/mode_select__rosidl_typesupport_fastrtps_cpp.hpp
[4.180s] -- Installing: /home/ioon/FRA502-LAB-6619/install/robot_interfaces/include/robot_interfaces/robot_interfaces/srv/detail/inverse_kinematic__rosidl_typesupport_fastrtps_cpp.hpp
[4.180s] -- Up-to-date: /home/ioon/FRA502-LAB-6619/install/robot_interfaces/include/robot_interfaces/robot_interfaces/msg
[4.180s] -- Installing: /home/ioon/FRA502-LAB-6619/install/robot_interfaces/include/robot_interfaces/robot_interfaces/msg/rosidl_typesupport_fastrtps_cpp__visibility_control.h
[4.180s] -- Installing: /home/ioon/FRA502-LAB-6619/install/robot_interfaces/lib/librobot_interfaces__rosidl_typesupport_fastrtps_cpp.so
[4.181s] -- Set runtime path of "/home/ioon/FRA502-LAB-6619/install/robot_interfaces/lib/librobot_interfaces__rosidl_typesupport_fastrtps_cpp.so" to ""
[4.181s] -- Up-to-date: /home/ioon/FRA502-LAB-6619/install/robot_interfaces/include/robot_interfaces/robot_interfaces
[4.181s] -- Up-to-date: /home/ioon/FRA502-LAB-6619/install/robot_interfaces/include/robot_interfaces/robot_interfaces/srv
[4.181s] -- Up-to-date: /home/ioon/FRA502-LAB-6619/install/robot_interfaces/include/robot_interfaces/robot_interfaces/srv/detail
[4.181s] -- Installing: /home/ioon/FRA502-LAB-6619/install/robot_interfaces/include/robot_interfaces/robot_interfaces/srv/detail/mode_select__rosidl_typesupport_introspection_c.h
[4.181s] -- Installing: /home/ioon/FRA502-LAB-6619/install/robot_interfaces/include/robot_interfaces/robot_interfaces/srv/detail/mode_select__type_support.c
[4.181s] -- Installing: /home/ioon/FRA502-LAB-6619/install/robot_interfaces/include/robot_interfaces/robot_interfaces/srv/detail/inverse_kinematic__rosidl_typesupport_introspection_c.h
[4.181s] -- Installing: /home/ioon/FRA502-LAB-6619/install/robot_interfaces/include/robot_interfaces/robot_interfaces/srv/detail/random_end_effector__type_support.c
[4.181s] -- Installing: /home/ioon/FRA502-LAB-6619/install/robot_interfaces/include/robot_interfaces/robot_interfaces/srv/detail/inverse_kinematic__type_support.c
[4.181s] -- Installing: /home/ioon/FRA502-LAB-6619/install/robot_interfaces/include/robot_interfaces/robot_interfaces/srv/detail/random_end_effector__rosidl_typesupport_introspection_c.h
[4.181s] -- Up-to-date: /home/ioon/FRA502-LAB-6619/install/robot_interfaces/include/robot_interfaces/robot_interfaces/msg
[4.182s] -- Installing: /home/ioon/FRA502-LAB-6619/install/robot_interfaces/include/robot_interfaces/robot_interfaces/msg/rosidl_typesupport_introspection_c__visibility_control.h
[4.182s] -- Installing: /home/ioon/FRA502-LAB-6619/install/robot_interfaces/lib/librobot_interfaces__rosidl_typesupport_introspection_c.so
[4.182s] -- Set runtime path of "/home/ioon/FRA502-LAB-6619/install/robot_interfaces/lib/librobot_interfaces__rosidl_typesupport_introspection_c.so" to ""
[4.182s] -- Installing: /home/ioon/FRA502-LAB-6619/install/robot_interfaces/lib/librobot_interfaces__rosidl_typesupport_c.so
[4.182s] -- Set runtime path of "/home/ioon/FRA502-LAB-6619/install/robot_interfaces/lib/librobot_interfaces__rosidl_typesupport_c.so" to ""
[4.182s] -- Up-to-date: /home/ioon/FRA502-LAB-6619/install/robot_interfaces/include/robot_interfaces/robot_interfaces
[4.182s] -- Up-to-date: /home/ioon/FRA502-LAB-6619/install/robot_interfaces/include/robot_interfaces/robot_interfaces/srv
[4.182s] -- Up-to-date: /home/ioon/FRA502-LAB-6619/install/robot_interfaces/include/robot_interfaces/robot_interfaces/srv/detail
[4.182s] -- Installing: /home/ioon/FRA502-LAB-6619/install/robot_interfaces/include/robot_interfaces/robot_interfaces/srv/detail/mode_select__type_support.cpp
[4.183s] -- Installing: /home/ioon/FRA502-LAB-6619/install/robot_interfaces/include/robot_interfaces/robot_interfaces/srv/detail/mode_select__rosidl_typesupport_introspection_cpp.hpp
[4.183s] -- Installing: /home/ioon/FRA502-LAB-6619/install/robot_interfaces/include/robot_interfaces/robot_interfaces/srv/detail/random_end_effector__type_support.cpp
[4.183s] -- Installing: /home/ioon/FRA502-LAB-6619/install/robot_interfaces/include/robot_interfaces/robot_interfaces/srv/detail/inverse_kinematic__rosidl_typesupport_introspection_cpp.hpp
[4.183s] -- Installing: /home/ioon/FRA502-LAB-6619/install/robot_interfaces/include/robot_interfaces/robot_interfaces/srv/detail/random_end_effector__rosidl_typesupport_introspection_cpp.hpp
[4.183s] -- Installing: /home/ioon/FRA502-LAB-6619/install/robot_interfaces/include/robot_interfaces/robot_interfaces/srv/detail/inverse_kinematic__type_support.cpp
[4.183s] -- Installing: /home/ioon/FRA502-LAB-6619/install/robot_interfaces/lib/librobot_interfaces__rosidl_typesupport_introspection_cpp.so
[4.183s] -- Set runtime path of "/home/ioon/FRA502-LAB-6619/install/robot_interfaces/lib/librobot_interfaces__rosidl_typesupport_introspection_cpp.so" to ""
[4.183s] -- Installing: /home/ioon/FRA502-LAB-6619/install/robot_interfaces/lib/librobot_interfaces__rosidl_typesupport_cpp.so
[4.184s] -- Set runtime path of "/home/ioon/FRA502-LAB-6619/install/robot_interfaces/lib/librobot_interfaces__rosidl_typesupport_cpp.so" to ""
[4.184s] -- Installing: /home/ioon/FRA502-LAB-6619/install/robot_interfaces/share/robot_interfaces/environment/pythonpath.sh
[4.184s] -- Installing: /home/ioon/FRA502-LAB-6619/install/robot_interfaces/share/robot_interfaces/environment/pythonpath.dsv
[4.184s] -- Installing: /home/ioon/FRA502-LAB-6619/install/robot_interfaces/local/lib/python3.10/dist-packages/robot_interfaces-0.0.0-py3.10.egg-info
[4.184s] -- Installing: /home/ioon/FRA502-LAB-6619/install/robot_interfaces/local/lib/python3.10/dist-packages/robot_interfaces-0.0.0-py3.10.egg-info/PKG-INFO
[4.184s] -- Installing: /home/ioon/FRA502-LAB-6619/install/robot_interfaces/local/lib/python3.10/dist-packages/robot_interfaces-0.0.0-py3.10.egg-info/top_level.txt
[4.184s] -- Installing: /home/ioon/FRA502-LAB-6619/install/robot_interfaces/local/lib/python3.10/dist-packages/robot_interfaces-0.0.0-py3.10.egg-info/dependency_links.txt
[4.184s] -- Installing: /home/ioon/FRA502-LAB-6619/install/robot_interfaces/local/lib/python3.10/dist-packages/robot_interfaces-0.0.0-py3.10.egg-info/SOURCES.txt
[4.185s] -- Installing: /home/ioon/FRA502-LAB-6619/install/robot_interfaces/local/lib/python3.10/dist-packages/robot_interfaces
[4.185s] -- Installing: /home/ioon/FRA502-LAB-6619/install/robot_interfaces/local/lib/python3.10/dist-packages/robot_interfaces/robot_interfaces_s__rosidl_typesupport_fastrtps_c.cpython-310-x86_64-linux-gnu.so
[4.185s] -- Installing: /home/ioon/FRA502-LAB-6619/install/robot_interfaces/local/lib/python3.10/dist-packages/robot_interfaces/robot_interfaces_s__rosidl_typesupport_introspection_c.cpython-310-x86_64-linux-gnu.so
[4.185s] -- Installing: /home/ioon/FRA502-LAB-6619/install/robot_interfaces/local/lib/python3.10/dist-packages/robot_interfaces/srv
[4.185s] -- Installing: /home/ioon/FRA502-LAB-6619/install/robot_interfaces/local/lib/python3.10/dist-packages/robot_interfaces/srv/_mode_select_s.c
[4.185s] -- Installing: /home/ioon/FRA502-LAB-6619/install/robot_interfaces/local/lib/python3.10/dist-packages/robot_interfaces/srv/_random_end_effector_s.c
[4.185s] -- Installing: /home/ioon/FRA502-LAB-6619/install/robot_interfaces/local/lib/python3.10/dist-packages/robot_interfaces/srv/_inverse_kinematic.py
[4.185s] -- Installing: /home/ioon/FRA502-LAB-6619/install/robot_interfaces/local/lib/python3.10/dist-packages/robot_interfaces/srv/_random_end_effector.py
[4.185s] -- Installing: /home/ioon/FRA502-LAB-6619/install/robot_interfaces/local/lib/python3.10/dist-packages/robot_interfaces/srv/_mode_select.py
[4.185s] -- Installing: /home/ioon/FRA502-LAB-6619/install/robot_interfaces/local/lib/python3.10/dist-packages/robot_interfaces/srv/__init__.py
[4.186s] -- Installing: /home/ioon/FRA502-LAB-6619/install/robot_interfaces/local/lib/python3.10/dist-packages/robot_interfaces/srv/_inverse_kinematic_s.c
[4.186s] -- Installing: /home/ioon/FRA502-LAB-6619/install/robot_interfaces/local/lib/python3.10/dist-packages/robot_interfaces/librobot_interfaces__rosidl_generator_py.so
[4.186s] -- Installing: /home/ioon/FRA502-LAB-6619/install/robot_interfaces/local/lib/python3.10/dist-packages/robot_interfaces/_robot_interfaces_s.ep.rosidl_typesupport_c.c
[4.186s] -- Installing: /home/ioon/FRA502-LAB-6619/install/robot_interfaces/local/lib/python3.10/dist-packages/robot_interfaces/__init__.py
[4.186s] -- Installing: /home/ioon/FRA502-LAB-6619/install/robot_interfaces/local/lib/python3.10/dist-packages/robot_interfaces/robot_interfaces_s__rosidl_typesupport_c.cpython-310-x86_64-linux-gnu.so
[4.186s] -- Installing: /home/ioon/FRA502-LAB-6619/install/robot_interfaces/local/lib/python3.10/dist-packages/robot_interfaces/_robot_interfaces_s.ep.rosidl_typesupport_fastrtps_c.c
[4.186s] -- Installing: /home/ioon/FRA502-LAB-6619/install/robot_interfaces/local/lib/python3.10/dist-packages/robot_interfaces/_robot_interfaces_s.ep.rosidl_typesupport_introspection_c.c
[4.222s] Listing '/home/ioon/FRA502-LAB-6619/install/robot_interfaces/local/lib/python3.10/dist-packages/robot_interfaces'...
[4.223s] Compiling '/home/ioon/FRA502-LAB-6619/install/robot_interfaces/local/lib/python3.10/dist-packages/robot_interfaces/__init__.py'...
[4.223s] Listing '/home/ioon/FRA502-LAB-6619/install/robot_interfaces/local/lib/python3.10/dist-packages/robot_interfaces/srv'...
[4.223s] Compiling '/home/ioon/FRA502-LAB-6619/install/robot_interfaces/local/lib/python3.10/dist-packages/robot_interfaces/srv/__init__.py'...
[4.223s] Compiling '/home/ioon/FRA502-LAB-6619/install/robot_interfaces/local/lib/python3.10/dist-packages/robot_interfaces/srv/_inverse_kinematic.py'...
[4.223s] Compiling '/home/ioon/FRA502-LAB-6619/install/robot_interfaces/local/lib/python3.10/dist-packages/robot_interfaces/srv/_mode_select.py'...
[4.223s] Compiling '/home/ioon/FRA502-LAB-6619/install/robot_interfaces/local/lib/python3.10/dist-packages/robot_interfaces/srv/_random_end_effector.py'...
[4.226s] -- Installing: /home/ioon/FRA502-LAB-6619/install/robot_interfaces/local/lib/python3.10/dist-packages/robot_interfaces/robot_interfaces_s__rosidl_typesupport_fastrtps_c.cpython-310-x86_64-linux-gnu.so
[4.226s] -- Set runtime path of "/home/ioon/FRA502-LAB-6619/install/robot_interfaces/local/lib/python3.10/dist-packages/robot_interfaces/robot_interfaces_s__rosidl_typesupport_fastrtps_c.cpython-310-x86_64-linux-gnu.so" to ""
[4.226s] -- Installing: /home/ioon/FRA502-LAB-6619/install/robot_interfaces/local/lib/python3.10/dist-packages/robot_interfaces/robot_interfaces_s__rosidl_typesupport_introspection_c.cpython-310-x86_64-linux-gnu.so
[4.227s] -- Set runtime path of "/home/ioon/FRA502-LAB-6619/install/robot_interfaces/local/lib/python3.10/dist-packages/robot_interfaces/robot_interfaces_s__rosidl_typesupport_introspection_c.cpython-310-x86_64-linux-gnu.so" to ""
[4.227s] -- Installing: /home/ioon/FRA502-LAB-6619/install/robot_interfaces/local/lib/python3.10/dist-packages/robot_interfaces/robot_interfaces_s__rosidl_typesupport_c.cpython-310-x86_64-linux-gnu.so
[4.227s] -- Set runtime path of "/home/ioon/FRA502-LAB-6619/install/robot_interfaces/local/lib/python3.10/dist-packages/robot_interfaces/robot_interfaces_s__rosidl_typesupport_c.cpython-310-x86_64-linux-gnu.so" to ""
[4.227s] -- Installing: /home/ioon/FRA502-LAB-6619/install/robot_interfaces/lib/librobot_interfaces__rosidl_generator_py.so
[4.228s] -- Set runtime path of "/home/ioon/FRA502-LAB-6619/install/robot_interfaces/lib/librobot_interfaces__rosidl_generator_py.so" to ""
[4.228s] -- Installing: /home/ioon/FRA502-LAB-6619/install/robot_interfaces/share/robot_interfaces/srv/RandomEndEffector.idl
[4.228s] -- Installing: /home/ioon/FRA502-LAB-6619/install/robot_interfaces/share/robot_interfaces/srv/ModeSelect.idl
[4.228s] -- Installing: /home/ioon/FRA502-LAB-6619/install/robot_interfaces/share/robot_interfaces/srv/InverseKinematic.idl
[4.228s] -- Installing: /home/ioon/FRA502-LAB-6619/install/robot_interfaces/share/robot_interfaces/srv/RandomEndEffector.srv
[4.228s] -- Installing: /home/ioon/FRA502-LAB-6619/install/robot_interfaces/share/robot_interfaces/srv/RandomEndEffector_Request.msg
[4.228s] -- Installing: /home/ioon/FRA502-LAB-6619/install/robot_interfaces/share/robot_interfaces/srv/RandomEndEffector_Response.msg
[4.228s] -- Installing: /home/ioon/FRA502-LAB-6619/install/robot_interfaces/share/robot_interfaces/srv/ModeSelect.srv
[4.229s] -- Installing: /home/ioon/FRA502-LAB-6619/install/robot_interfaces/share/robot_interfaces/srv/ModeSelect_Request.msg
[4.229s] -- Installing: /home/ioon/FRA502-LAB-6619/install/robot_interfaces/share/robot_interfaces/srv/ModeSelect_Response.msg
[4.229s] -- Installing: /home/ioon/FRA502-LAB-6619/install/robot_interfaces/share/robot_interfaces/srv/InverseKinematic.srv
[4.229s] -- Installing: /home/ioon/FRA502-LAB-6619/install/robot_interfaces/share/robot_interfaces/srv/InverseKinematic_Request.msg
[4.229s] -- Installing: /home/ioon/FRA502-LAB-6619/install/robot_interfaces/share/robot_interfaces/srv/InverseKinematic_Response.msg
[4.229s] -- Installing: /home/ioon/FRA502-LAB-6619/install/robot_interfaces/share/ament_index/resource_index/package_run_dependencies/robot_interfaces
[4.229s] -- Installing: /home/ioon/FRA502-LAB-6619/install/robot_interfaces/share/ament_index/resource_index/parent_prefix_path/robot_interfaces
[4.229s] -- Installing: /home/ioon/FRA502-LAB-6619/install/robot_interfaces/share/robot_interfaces/environment/ament_prefix_path.sh
[4.229s] -- Installing: /home/ioon/FRA502-LAB-6619/install/robot_interfaces/share/robot_interfaces/environment/ament_prefix_path.dsv
[4.230s] -- Installing: /home/ioon/FRA502-LAB-6619/install/robot_interfaces/share/robot_interfaces/environment/path.sh
[4.230s] -- Installing: /home/ioon/FRA502-LAB-6619/install/robot_interfaces/share/robot_interfaces/environment/path.dsv
[4.230s] -- Installing: /home/ioon/FRA502-LAB-6619/install/robot_interfaces/share/robot_interfaces/local_setup.bash
[4.230s] -- Installing: /home/ioon/FRA502-LAB-6619/install/robot_interfaces/share/robot_interfaces/local_setup.sh
[4.230s] -- Installing: /home/ioon/FRA502-LAB-6619/install/robot_interfaces/share/robot_interfaces/local_setup.zsh
[4.230s] -- Installing: /home/ioon/FRA502-LAB-6619/install/robot_interfaces/share/robot_interfaces/local_setup.dsv
[4.230s] -- Installing: /home/ioon/FRA502-LAB-6619/install/robot_interfaces/share/robot_interfaces/package.dsv
[4.230s] -- Installing: /home/ioon/FRA502-LAB-6619/install/robot_interfaces/share/ament_index/resource_index/packages/robot_interfaces
[4.231s] -- Installing: /home/ioon/FRA502-LAB-6619/install/robot_interfaces/share/robot_interfaces/cmake/export_robot_interfaces__rosidl_generator_cExport.cmake
[4.231s] -- Installing: /home/ioon/FRA502-LAB-6619/install/robot_interfaces/share/robot_interfaces/cmake/export_robot_interfaces__rosidl_generator_cExport-noconfig.cmake
[4.231s] -- Installing: /home/ioon/FRA502-LAB-6619/install/robot_interfaces/share/robot_interfaces/cmake/export_robot_interfaces__rosidl_typesupport_fastrtps_cExport.cmake
[4.231s] -- Installing: /home/ioon/FRA502-LAB-6619/install/robot_interfaces/share/robot_interfaces/cmake/export_robot_interfaces__rosidl_typesupport_fastrtps_cExport-noconfig.cmake
[4.231s] -- Installing: /home/ioon/FRA502-LAB-6619/install/robot_interfaces/share/robot_interfaces/cmake/export_robot_interfaces__rosidl_generator_cppExport.cmake
[4.231s] -- Installing: /home/ioon/FRA502-LAB-6619/install/robot_interfaces/share/robot_interfaces/cmake/export_robot_interfaces__rosidl_typesupport_fastrtps_cppExport.cmake
[4.231s] -- Installing: /home/ioon/FRA502-LAB-6619/install/robot_interfaces/share/robot_interfaces/cmake/export_robot_interfaces__rosidl_typesupport_fastrtps_cppExport-noconfig.cmake
[4.231s] -- Installing: /home/ioon/FRA502-LAB-6619/install/robot_interfaces/share/robot_interfaces/cmake/robot_interfaces__rosidl_typesupport_introspection_cExport.cmake
[4.232s] -- Installing: /home/ioon/FRA502-LAB-6619/install/robot_interfaces/share/robot_interfaces/cmake/robot_interfaces__rosidl_typesupport_introspection_cExport-noconfig.cmake
[4.232s] -- Installing: /home/ioon/FRA502-LAB-6619/install/robot_interfaces/share/robot_interfaces/cmake/robot_interfaces__rosidl_typesupport_cExport.cmake
[4.232s] -- Installing: /home/ioon/FRA502-LAB-6619/install/robot_interfaces/share/robot_interfaces/cmake/robot_interfaces__rosidl_typesupport_cExport-noconfig.cmake
[4.232s] -- Installing: /home/ioon/FRA502-LAB-6619/install/robot_interfaces/share/robot_interfaces/cmake/robot_interfaces__rosidl_typesupport_introspection_cppExport.cmake
[4.232s] -- Installing: /home/ioon/FRA502-LAB-6619/install/robot_interfaces/share/robot_interfaces/cmake/robot_interfaces__rosidl_typesupport_introspection_cppExport-noconfig.cmake
[4.232s] -- Installing: /home/ioon/FRA502-LAB-6619/install/robot_interfaces/share/robot_interfaces/cmake/robot_interfaces__rosidl_typesupport_cppExport.cmake
[4.232s] -- Installing: /home/ioon/FRA502-LAB-6619/install/robot_interfaces/share/robot_interfaces/cmake/robot_interfaces__rosidl_typesupport_cppExport-noconfig.cmake
[4.232s] -- Installing: /home/ioon/FRA502-LAB-6619/install/robot_interfaces/share/robot_interfaces/cmake/export_robot_interfaces__rosidl_generator_pyExport.cmake
[4.233s] -- Installing: /home/ioon/FRA502-LAB-6619/install/robot_interfaces/share/robot_interfaces/cmake/export_robot_interfaces__rosidl_generator_pyExport-noconfig.cmake
[4.233s] -- Installing: /home/ioon/FRA502-LAB-6619/install/robot_interfaces/share/robot_interfaces/cmake/rosidl_cmake-extras.cmake
[4.233s] -- Installing: /home/ioon/FRA502-LAB-6619/install/robot_interfaces/share/robot_interfaces/cmake/ament_cmake_export_dependencies-extras.cmake
[4.233s] -- Installing: /home/ioon/FRA502-LAB-6619/install/robot_interfaces/share/robot_interfaces/cmake/ament_cmake_export_include_directories-extras.cmake
[4.233s] -- Installing: /home/ioon/FRA502-LAB-6619/install/robot_interfaces/share/robot_interfaces/cmake/ament_cmake_export_libraries-extras.cmake
[4.233s] -- Installing: /home/ioon/FRA502-LAB-6619/install/robot_interfaces/share/robot_interfaces/cmake/ament_cmake_export_targets-extras.cmake
[4.233s] -- Installing: /home/ioon/FRA502-LAB-6619/install/robot_interfaces/share/robot_interfaces/cmake/rosidl_cmake_export_typesupport_targets-extras.cmake
[4.233s] -- Installing: /home/ioon/FRA502-LAB-6619/install/robot_interfaces/share/robot_interfaces/cmake/rosidl_cmake_export_typesupport_libraries-extras.cmake
[4.233s] -- Installing: /home/ioon/FRA502-LAB-6619/install/robot_interfaces/share/robot_interfaces/cmake/robot_interfacesConfig.cmake
[4.234s] -- Installing: /home/ioon/FRA502-LAB-6619/install/robot_interfaces/share/robot_interfaces/cmake/robot_interfacesConfig-version.cmake
[4.234s] -- Installing: /home/ioon/FRA502-LAB-6619/install/robot_interfaces/share/robot_interfaces/package.xml
[4.236s] Invoked command in '/home/ioon/FRA502-LAB-6619/build/robot_interfaces' returned '0': CMAKE_PREFIX_PATH=${CMAKE_PREFIX_PATH}:/home/ioon/ros2_ws/install/launch_testing_examples:/home/ioon/ros2_ws/install/joystick:/home/ioon/ros2_ws/install/examples_rclpy_pointcloud_publisher:/home/ioon/ros2_ws/install/examples_rclpy_minimal_subscriber:/home/ioon/ros2_ws/install/examples_rclpy_minimal_service:/home/ioon/ros2_ws/install/examples_rclpy_minimal_publisher:/home/ioon/ros2_ws/install/examples_rclpy_minimal_client:/home/ioon/ros2_ws/install/examples_rclpy_minimal_action_server:/home/ioon/ros2_ws/install/examples_rclpy_minimal_action_client:/home/ioon/ros2_ws/install/examples_rclpy_guard_conditions:/home/ioon/ros2_ws/install/examples_rclpy_executors:/opt/ros/humble /usr/bin/cmake --install /home/ioon/FRA502-LAB-6619/build/robot_interfaces
