[0.013s] Invoking command in '/home/ioon/FRA502-LAB-6619/build/lab2_interfaces': CMAKE_PREFIX_PATH=${CMAKE_PREFIX_PATH}:/home/ioon/ros2_ws/install/launch_testing_examples:/home/ioon/ros2_ws/install/joystick:/home/ioon/ros2_ws/install/examples_rclpy_pointcloud_publisher:/home/ioon/ros2_ws/install/examples_rclpy_minimal_subscriber:/home/ioon/ros2_ws/install/examples_rclpy_minimal_service:/home/ioon/ros2_ws/install/examples_rclpy_minimal_publisher:/home/ioon/ros2_ws/install/examples_rclpy_minimal_client:/home/ioon/ros2_ws/install/examples_rclpy_minimal_action_server:/home/ioon/ros2_ws/install/examples_rclpy_minimal_action_client:/home/ioon/ros2_ws/install/examples_rclpy_guard_conditions:/home/ioon/ros2_ws/install/examples_rclpy_executors:/opt/ros/humble /usr/bin/cmake /home/ioon/FRA502-LAB-6619/src/lab2_interfaces -DCMAKE_INSTALL_PREFIX=/home/ioon/FRA502-LAB-6619/install/lab2_interfaces
[0.025s] -- Found ament_cmake: 1.3.12 (/opt/ros/humble/share/ament_cmake/cmake)
[0.135s] -- Found geometry_msgs: 4.9.0 (/opt/ros/humble/share/geometry_msgs/cmake)
[0.152s] -- Found rosidl_generator_c: 3.1.7 (/opt/ros/humble/share/rosidl_generator_c/cmake)
[0.154s] -- Found rosidl_adapter: 3.1.7 (/opt/ros/humble/share/rosidl_adapter/cmake)
[0.158s] -- Found rosidl_generator_cpp: 3.1.7 (/opt/ros/humble/share/rosidl_generator_cpp/cmake)
[0.164s] -- Using all available rosidl_typesupport_c: rosidl_typesupport_fastrtps_c;rosidl_typesupport_introspection_c
[0.173s] -- Using all available rosidl_typesupport_cpp: rosidl_typesupport_fastrtps_cpp;rosidl_typesupport_introspection_cpp
[0.196s] -- Found rosidl_default_generators: 1.2.0 (/opt/ros/humble/share/rosidl_default_generators/cmake)
[0.440s] -- Found ament_cmake_ros: 0.10.0 (/opt/ros/humble/share/ament_cmake_ros/cmake)
[0.785s] -- Using all available rosidl_typesupport_c: rosidl_typesupport_fastrtps_c;rosidl_typesupport_introspection_c
[0.917s] -- Using all available rosidl_typesupport_cpp: rosidl_typesupport_fastrtps_cpp;rosidl_typesupport_introspection_cpp
[0.940s] -- Found PythonInterp: /usr/bin/python3 (found suitable version "3.10.12", minimum required is "3.6") 
[0.944s] -- Found python_cmake_module: 0.10.0 (/opt/ros/humble/share/python_cmake_module/cmake)
[0.969s] -- Found PythonLibs: /usr/lib/x86_64-linux-gnu/libpython3.10.so (found suitable version "3.10.12", minimum required is "3.5") 
[0.969s] -- Using PYTHON_EXECUTABLE: /usr/bin/python3
[0.970s] -- Using PYTHON_INCLUDE_DIRS: /usr/include/python3.10
[0.970s] -- Using PYTHON_LIBRARIES: /usr/lib/x86_64-linux-gnu/libpython3.10.so
[0.991s] -- Found PythonExtra: .so  
[1.049s] -- Found ament_lint_auto: 0.12.14 (/opt/ros/humble/share/ament_lint_auto/cmake)
[1.083s] -- Added test 'lint_cmake' to check CMake code style
[1.085s] -- Added test 'xmllint' to check XML markup files
[1.087s] -- Configuring done
[1.112s] -- Generating done
[1.120s] -- Build files have been written to: /home/ioon/FRA502-LAB-6619/build/lab2_interfaces
[1.127s] Invoked command in '/home/ioon/FRA502-LAB-6619/build/lab2_interfaces' returned '0': CMAKE_PREFIX_PATH=${CMAKE_PREFIX_PATH}:/home/ioon/ros2_ws/install/launch_testing_examples:/home/ioon/ros2_ws/install/joystick:/home/ioon/ros2_ws/install/examples_rclpy_pointcloud_publisher:/home/ioon/ros2_ws/install/examples_rclpy_minimal_subscriber:/home/ioon/ros2_ws/install/examples_rclpy_minimal_service:/home/ioon/ros2_ws/install/examples_rclpy_minimal_publisher:/home/ioon/ros2_ws/install/examples_rclpy_minimal_client:/home/ioon/ros2_ws/install/examples_rclpy_minimal_action_server:/home/ioon/ros2_ws/install/examples_rclpy_minimal_action_client:/home/ioon/ros2_ws/install/examples_rclpy_guard_conditions:/home/ioon/ros2_ws/install/examples_rclpy_executors:/opt/ros/humble /usr/bin/cmake /home/ioon/FRA502-LAB-6619/src/lab2_interfaces -DCMAKE_INSTALL_PREFIX=/home/ioon/FRA502-LAB-6619/install/lab2_interfaces
[1.129s] Invoking command in '/home/ioon/FRA502-LAB-6619/build/lab2_interfaces': CMAKE_PREFIX_PATH=${CMAKE_PREFIX_PATH}:/home/ioon/ros2_ws/install/launch_testing_examples:/home/ioon/ros2_ws/install/joystick:/home/ioon/ros2_ws/install/examples_rclpy_pointcloud_publisher:/home/ioon/ros2_ws/install/examples_rclpy_minimal_subscriber:/home/ioon/ros2_ws/install/examples_rclpy_minimal_service:/home/ioon/ros2_ws/install/examples_rclpy_minimal_publisher:/home/ioon/ros2_ws/install/examples_rclpy_minimal_client:/home/ioon/ros2_ws/install/examples_rclpy_minimal_action_server:/home/ioon/ros2_ws/install/examples_rclpy_minimal_action_client:/home/ioon/ros2_ws/install/examples_rclpy_guard_conditions:/home/ioon/ros2_ws/install/examples_rclpy_executors:/opt/ros/humble /usr/bin/cmake --build /home/ioon/FRA502-LAB-6619/build/lab2_interfaces -- -j16 -l16
[1.170s] [  3%] [34m[1mGenerating C code for ROS interfaces[0m
[1.179s] [  6%] [34m[1mGenerating C++ code for ROS interfaces[0m
[1.186s] [  6%] Built target ament_cmake_python_copy_lab2_interfaces
[1.372s] [  9%] [32mBuilding C object CMakeFiles/lab2_interfaces__rosidl_generator_c.dir/rosidl_generator_c/lab2_interfaces/srv/detail/server__functions.c.o[0m
[1.372s] [  9%] Built target lab2_interfaces__cpp
[1.382s] [ 19%] [34m[1mGenerating C++ type support dispatch for ROS interfaces[0m
[1.382s] [ 19%] [34m[1mGenerating C++ introspection for ROS interfaces[0m
[1.382s] [ 19%] [34m[1mGenerating C++ type support for eProsima Fast-RTPS[0m
[1.382s] running egg_info
[1.382s] creating lab2_interfaces.egg-info
[1.382s] writing lab2_interfaces.egg-info/PKG-INFO
[1.383s] writing dependency_links to lab2_interfaces.egg-info/dependency_links.txt
[1.383s] writing top-level names to lab2_interfaces.egg-info/top_level.txt
[1.383s] writing manifest file 'lab2_interfaces.egg-info/SOURCES.txt'
[1.384s] reading manifest file 'lab2_interfaces.egg-info/SOURCES.txt'
[1.384s] writing manifest file 'lab2_interfaces.egg-info/SOURCES.txt'
[1.410s] [ 19%] Built target ament_cmake_python_build_lab2_interfaces_egg
[1.420s] [ 22%] [32m[1mLinking C shared library liblab2_interfaces__rosidl_generator_c.so[0m
[1.456s] [ 22%] Built target lab2_interfaces__rosidl_generator_c
[1.466s] [ 32%] [34m[1mGenerating C introspection for ROS interfaces[0m
[1.466s] [ 32%] [34m[1mGenerating C type support dispatch for ROS interfaces[0m
[1.467s] [ 32%] [34m[1mGenerating C type support for eProsima Fast-RTPS[0m
[1.560s] [ 35%] [32mBuilding CXX object CMakeFiles/lab2_interfaces__rosidl_typesupport_cpp.dir/rosidl_typesupport_cpp/lab2_interfaces/srv/server__type_support.cpp.o[0m
[1.577s] [ 38%] [32mBuilding CXX object CMakeFiles/lab2_interfaces__rosidl_typesupport_introspection_cpp.dir/rosidl_typesupport_introspection_cpp/lab2_interfaces/srv/detail/server__type_support.cpp.o[0m
[1.585s] [ 41%] [32mBuilding CXX object CMakeFiles/lab2_interfaces__rosidl_typesupport_fastrtps_cpp.dir/rosidl_typesupport_fastrtps_cpp/lab2_interfaces/srv/detail/dds_fastrtps/server__type_support.cpp.o[0m
[1.650s] [ 45%] [32mBuilding CXX object CMakeFiles/lab2_interfaces__rosidl_typesupport_c.dir/rosidl_typesupport_c/lab2_interfaces/srv/server__type_support.cpp.o[0m
[1.670s] [ 51%] [32mBuilding C object CMakeFiles/lab2_interfaces__rosidl_typesupport_introspection_c.dir/rosidl_typesupport_introspection_c/lab2_interfaces/srv/detail/server__type_support.c.o[0m
[1.671s] [ 51%] [32mBuilding CXX object CMakeFiles/lab2_interfaces__rosidl_typesupport_fastrtps_c.dir/rosidl_typesupport_fastrtps_c/lab2_interfaces/srv/detail/server__type_support_c.cpp.o[0m
[1.847s] [ 61%] [32m[1mLinking CXX shared library liblab2_interfaces__rosidl_typesupport_introspection_cpp.so[0m
[1.847s] [ 61%] [32m[1mLinking CXX shared library liblab2_interfaces__rosidl_typesupport_cpp.so[0m
[1.847s] [ 61%] [32m[1mLinking CXX shared library liblab2_interfaces__rosidl_typesupport_c.so[0m
[1.857s] [ 64%] [32m[1mLinking C shared library liblab2_interfaces__rosidl_typesupport_introspection_c.so[0m
[1.869s] [ 67%] [32m[1mLinking CXX shared library liblab2_interfaces__rosidl_typesupport_fastrtps_cpp.so[0m
[1.884s] [ 67%] Built target lab2_interfaces__rosidl_typesupport_cpp
[1.884s] [ 67%] Built target lab2_interfaces__rosidl_typesupport_c
[1.946s] [ 67%] Built target lab2_interfaces__rosidl_typesupport_introspection_c
[1.946s] [ 67%] Built target lab2_interfaces__rosidl_typesupport_introspection_cpp
[1.946s] [ 67%] Built target lab2_interfaces__rosidl_typesupport_fastrtps_cpp
[1.964s] [ 70%] [32m[1mLinking CXX shared library liblab2_interfaces__rosidl_typesupport_fastrtps_c.so[0m
[2.024s] [ 70%] Built target lab2_interfaces__rosidl_typesupport_fastrtps_c
[2.047s] [ 70%] Built target lab2_interfaces
[2.068s] [ 74%] [34m[1mGenerating Python code for ROS interfaces[0m
[2.304s] [ 74%] Built target lab2_interfaces__py
[2.325s] [ 77%] [32mBuilding C object CMakeFiles/lab2_interfaces__rosidl_generator_py.dir/rosidl_generator_py/lab2_interfaces/srv/_server_s.c.o[0m
[2.400s] [ 80%] [32m[1mLinking C shared library rosidl_generator_py/lab2_interfaces/liblab2_interfaces__rosidl_generator_py.so[0m
[2.438s] [ 80%] Built target lab2_interfaces__rosidl_generator_py
[2.458s] [ 87%] [32mBuilding C object CMakeFiles/lab2_interfaces__rosidl_typesupport_fastrtps_c__pyext.dir/rosidl_generator_py/lab2_interfaces/_lab2_interfaces_s.ep.rosidl_typesupport_fastrtps_c.c.o[0m
[2.458s] [ 87%] [32mBuilding C object CMakeFiles/lab2_interfaces__rosidl_typesupport_c__pyext.dir/rosidl_generator_py/lab2_interfaces/_lab2_interfaces_s.ep.rosidl_typesupport_c.c.o[0m
[2.459s] [ 90%] [32mBuilding C object CMakeFiles/lab2_interfaces__rosidl_typesupport_introspection_c__pyext.dir/rosidl_generator_py/lab2_interfaces/_lab2_interfaces_s.ep.rosidl_typesupport_introspection_c.c.o[0m
[2.533s] [ 93%] [32m[1mLinking C shared library rosidl_generator_py/lab2_interfaces/lab2_interfaces_s__rosidl_typesupport_introspection_c.cpython-310-x86_64-linux-gnu.so[0m
[2.533s] [ 96%] [32m[1mLinking C shared library rosidl_generator_py/lab2_interfaces/lab2_interfaces_s__rosidl_typesupport_c.cpython-310-x86_64-linux-gnu.so[0m
[2.534s] [100%] [32m[1mLinking C shared library rosidl_generator_py/lab2_interfaces/lab2_interfaces_s__rosidl_typesupport_fastrtps_c.cpython-310-x86_64-linux-gnu.so[0m
[2.568s] [100%] Built target lab2_interfaces__rosidl_typesupport_fastrtps_c__pyext
[2.568s] [100%] Built target lab2_interfaces__rosidl_typesupport_c__pyext
[2.568s] [100%] Built target lab2_interfaces__rosidl_typesupport_introspection_c__pyext
[2.579s] Invoked command in '/home/ioon/FRA502-LAB-6619/build/lab2_interfaces' returned '0': CMAKE_PREFIX_PATH=${CMAKE_PREFIX_PATH}:/home/ioon/ros2_ws/install/launch_testing_examples:/home/ioon/ros2_ws/install/joystick:/home/ioon/ros2_ws/install/examples_rclpy_pointcloud_publisher:/home/ioon/ros2_ws/install/examples_rclpy_minimal_subscriber:/home/ioon/ros2_ws/install/examples_rclpy_minimal_service:/home/ioon/ros2_ws/install/examples_rclpy_minimal_publisher:/home/ioon/ros2_ws/install/examples_rclpy_minimal_client:/home/ioon/ros2_ws/install/examples_rclpy_minimal_action_server:/home/ioon/ros2_ws/install/examples_rclpy_minimal_action_client:/home/ioon/ros2_ws/install/examples_rclpy_guard_conditions:/home/ioon/ros2_ws/install/examples_rclpy_executors:/opt/ros/humble /usr/bin/cmake --build /home/ioon/FRA502-LAB-6619/build/lab2_interfaces -- -j16 -l16
[2.588s] Invoking command in '/home/ioon/FRA502-LAB-6619/build/lab2_interfaces': CMAKE_PREFIX_PATH=${CMAKE_PREFIX_PATH}:/home/ioon/ros2_ws/install/launch_testing_examples:/home/ioon/ros2_ws/install/joystick:/home/ioon/ros2_ws/install/examples_rclpy_pointcloud_publisher:/home/ioon/ros2_ws/install/examples_rclpy_minimal_subscriber:/home/ioon/ros2_ws/install/examples_rclpy_minimal_service:/home/ioon/ros2_ws/install/examples_rclpy_minimal_publisher:/home/ioon/ros2_ws/install/examples_rclpy_minimal_client:/home/ioon/ros2_ws/install/examples_rclpy_minimal_action_server:/home/ioon/ros2_ws/install/examples_rclpy_minimal_action_client:/home/ioon/ros2_ws/install/examples_rclpy_guard_conditions:/home/ioon/ros2_ws/install/examples_rclpy_executors:/opt/ros/humble /usr/bin/cmake --install /home/ioon/FRA502-LAB-6619/build/lab2_interfaces
[2.595s] -- Install configuration: ""
[2.595s] -- Installing: /home/ioon/FRA502-LAB-6619/install/lab2_interfaces/share/ament_index/resource_index/rosidl_interfaces/lab2_interfaces
[2.596s] -- Installing: /home/ioon/FRA502-LAB-6619/install/lab2_interfaces/include/lab2_interfaces/lab2_interfaces
[2.596s] -- Installing: /home/ioon/FRA502-LAB-6619/install/lab2_interfaces/include/lab2_interfaces/lab2_interfaces/srv
[2.596s] -- Installing: /home/ioon/FRA502-LAB-6619/install/lab2_interfaces/include/lab2_interfaces/lab2_interfaces/srv/detail
[2.596s] -- Installing: /home/ioon/FRA502-LAB-6619/install/lab2_interfaces/include/lab2_interfaces/lab2_interfaces/srv/detail/server__functions.h
[2.596s] -- Installing: /home/ioon/FRA502-LAB-6619/install/lab2_interfaces/include/lab2_interfaces/lab2_interfaces/srv/detail/server__type_support.h
[2.596s] -- Installing: /home/ioon/FRA502-LAB-6619/install/lab2_interfaces/include/lab2_interfaces/lab2_interfaces/srv/detail/server__struct.h
[2.596s] -- Installing: /home/ioon/FRA502-LAB-6619/install/lab2_interfaces/include/lab2_interfaces/lab2_interfaces/srv/detail/server__functions.c
[2.596s] -- Installing: /home/ioon/FRA502-LAB-6619/install/lab2_interfaces/include/lab2_interfaces/lab2_interfaces/srv/server.h
[2.596s] -- Installing: /home/ioon/FRA502-LAB-6619/install/lab2_interfaces/include/lab2_interfaces/lab2_interfaces/msg
[2.597s] -- Installing: /home/ioon/FRA502-LAB-6619/install/lab2_interfaces/include/lab2_interfaces/lab2_interfaces/msg/rosidl_generator_c__visibility_control.h
[2.597s] -- Installing: /home/ioon/FRA502-LAB-6619/install/lab2_interfaces/share/lab2_interfaces/environment/library_path.sh
[2.597s] -- Installing: /home/ioon/FRA502-LAB-6619/install/lab2_interfaces/share/lab2_interfaces/environment/library_path.dsv
[2.597s] -- Installing: /home/ioon/FRA502-LAB-6619/install/lab2_interfaces/lib/liblab2_interfaces__rosidl_generator_c.so
[2.597s] -- Set runtime path of "/home/ioon/FRA502-LAB-6619/install/lab2_interfaces/lib/liblab2_interfaces__rosidl_generator_c.so" to ""
[2.597s] -- Up-to-date: /home/ioon/FRA502-LAB-6619/install/lab2_interfaces/include/lab2_interfaces/lab2_interfaces
[2.597s] -- Up-to-date: /home/ioon/FRA502-LAB-6619/install/lab2_interfaces/include/lab2_interfaces/lab2_interfaces/srv
[2.597s] -- Up-to-date: /home/ioon/FRA502-LAB-6619/install/lab2_interfaces/include/lab2_interfaces/lab2_interfaces/srv/detail
[2.597s] -- Installing: /home/ioon/FRA502-LAB-6619/install/lab2_interfaces/include/lab2_interfaces/lab2_interfaces/srv/detail/server__rosidl_typesupport_fastrtps_c.h
[2.597s] -- Up-to-date: /home/ioon/FRA502-LAB-6619/install/lab2_interfaces/include/lab2_interfaces/lab2_interfaces/msg
[2.597s] -- Installing: /home/ioon/FRA502-LAB-6619/install/lab2_interfaces/include/lab2_interfaces/lab2_interfaces/msg/rosidl_typesupport_fastrtps_c__visibility_control.h
[2.597s] -- Installing: /home/ioon/FRA502-LAB-6619/install/lab2_interfaces/lib/liblab2_interfaces__rosidl_typesupport_fastrtps_c.so
[2.598s] -- Set runtime path of "/home/ioon/FRA502-LAB-6619/install/lab2_interfaces/lib/liblab2_interfaces__rosidl_typesupport_fastrtps_c.so" to ""
[2.598s] -- Up-to-date: /home/ioon/FRA502-LAB-6619/install/lab2_interfaces/include/lab2_interfaces/lab2_interfaces
[2.598s] -- Up-to-date: /home/ioon/FRA502-LAB-6619/install/lab2_interfaces/include/lab2_interfaces/lab2_interfaces/srv
[2.598s] -- Up-to-date: /home/ioon/FRA502-LAB-6619/install/lab2_interfaces/include/lab2_interfaces/lab2_interfaces/srv/detail
[2.598s] -- Installing: /home/ioon/FRA502-LAB-6619/install/lab2_interfaces/include/lab2_interfaces/lab2_interfaces/srv/detail/server__type_support.hpp
[2.598s] -- Installing: /home/ioon/FRA502-LAB-6619/install/lab2_interfaces/include/lab2_interfaces/lab2_interfaces/srv/detail/server__builder.hpp
[2.598s] -- Installing: /home/ioon/FRA502-LAB-6619/install/lab2_interfaces/include/lab2_interfaces/lab2_interfaces/srv/detail/server__struct.hpp
[2.598s] -- Installing: /home/ioon/FRA502-LAB-6619/install/lab2_interfaces/include/lab2_interfaces/lab2_interfaces/srv/detail/server__traits.hpp
[2.598s] -- Installing: /home/ioon/FRA502-LAB-6619/install/lab2_interfaces/include/lab2_interfaces/lab2_interfaces/srv/server.hpp
[2.598s] -- Up-to-date: /home/ioon/FRA502-LAB-6619/install/lab2_interfaces/include/lab2_interfaces/lab2_interfaces/msg
[2.598s] -- Installing: /home/ioon/FRA502-LAB-6619/install/lab2_interfaces/include/lab2_interfaces/lab2_interfaces/msg/rosidl_generator_cpp__visibility_control.hpp
[2.598s] -- Up-to-date: /home/ioon/FRA502-LAB-6619/install/lab2_interfaces/include/lab2_interfaces/lab2_interfaces
[2.598s] -- Up-to-date: /home/ioon/FRA502-LAB-6619/install/lab2_interfaces/include/lab2_interfaces/lab2_interfaces/srv
[2.598s] -- Up-to-date: /home/ioon/FRA502-LAB-6619/install/lab2_interfaces/include/lab2_interfaces/lab2_interfaces/srv/detail
[2.599s] -- Installing: /home/ioon/FRA502-LAB-6619/install/lab2_interfaces/include/lab2_interfaces/lab2_interfaces/srv/detail/dds_fastrtps
[2.599s] -- Installing: /home/ioon/FRA502-LAB-6619/install/lab2_interfaces/include/lab2_interfaces/lab2_interfaces/srv/detail/server__rosidl_typesupport_fastrtps_cpp.hpp
[2.599s] -- Up-to-date: /home/ioon/FRA502-LAB-6619/install/lab2_interfaces/include/lab2_interfaces/lab2_interfaces/msg
[2.599s] -- Installing: /home/ioon/FRA502-LAB-6619/install/lab2_interfaces/include/lab2_interfaces/lab2_interfaces/msg/rosidl_typesupport_fastrtps_cpp__visibility_control.h
[2.599s] -- Installing: /home/ioon/FRA502-LAB-6619/install/lab2_interfaces/lib/liblab2_interfaces__rosidl_typesupport_fastrtps_cpp.so
[2.599s] -- Set runtime path of "/home/ioon/FRA502-LAB-6619/install/lab2_interfaces/lib/liblab2_interfaces__rosidl_typesupport_fastrtps_cpp.so" to ""
[2.599s] -- Up-to-date: /home/ioon/FRA502-LAB-6619/install/lab2_interfaces/include/lab2_interfaces/lab2_interfaces
[2.599s] -- Up-to-date: /home/ioon/FRA502-LAB-6619/install/lab2_interfaces/include/lab2_interfaces/lab2_interfaces/srv
[2.599s] -- Up-to-date: /home/ioon/FRA502-LAB-6619/install/lab2_interfaces/include/lab2_interfaces/lab2_interfaces/srv/detail
[2.599s] -- Installing: /home/ioon/FRA502-LAB-6619/install/lab2_interfaces/include/lab2_interfaces/lab2_interfaces/srv/detail/server__type_support.c
[2.599s] -- Installing: /home/ioon/FRA502-LAB-6619/install/lab2_interfaces/include/lab2_interfaces/lab2_interfaces/srv/detail/server__rosidl_typesupport_introspection_c.h
[2.599s] -- Up-to-date: /home/ioon/FRA502-LAB-6619/install/lab2_interfaces/include/lab2_interfaces/lab2_interfaces/msg
[2.599s] -- Installing: /home/ioon/FRA502-LAB-6619/install/lab2_interfaces/include/lab2_interfaces/lab2_interfaces/msg/rosidl_typesupport_introspection_c__visibility_control.h
[2.600s] -- Installing: /home/ioon/FRA502-LAB-6619/install/lab2_interfaces/lib/liblab2_interfaces__rosidl_typesupport_introspection_c.so
[2.600s] -- Set runtime path of "/home/ioon/FRA502-LAB-6619/install/lab2_interfaces/lib/liblab2_interfaces__rosidl_typesupport_introspection_c.so" to ""
[2.600s] -- Installing: /home/ioon/FRA502-LAB-6619/install/lab2_interfaces/lib/liblab2_interfaces__rosidl_typesupport_c.so
[2.600s] -- Set runtime path of "/home/ioon/FRA502-LAB-6619/install/lab2_interfaces/lib/liblab2_interfaces__rosidl_typesupport_c.so" to ""
[2.600s] -- Up-to-date: /home/ioon/FRA502-LAB-6619/install/lab2_interfaces/include/lab2_interfaces/lab2_interfaces
[2.600s] -- Up-to-date: /home/ioon/FRA502-LAB-6619/install/lab2_interfaces/include/lab2_interfaces/lab2_interfaces/srv
[2.600s] -- Up-to-date: /home/ioon/FRA502-LAB-6619/install/lab2_interfaces/include/lab2_interfaces/lab2_interfaces/srv/detail
[2.601s] -- Installing: /home/ioon/FRA502-LAB-6619/install/lab2_interfaces/include/lab2_interfaces/lab2_interfaces/srv/detail/server__type_support.cpp
[2.601s] -- Installing: /home/ioon/FRA502-LAB-6619/install/lab2_interfaces/include/lab2_interfaces/lab2_interfaces/srv/detail/server__rosidl_typesupport_introspection_cpp.hpp
[2.601s] -- Installing: /home/ioon/FRA502-LAB-6619/install/lab2_interfaces/lib/liblab2_interfaces__rosidl_typesupport_introspection_cpp.so
[2.601s] -- Set runtime path of "/home/ioon/FRA502-LAB-6619/install/lab2_interfaces/lib/liblab2_interfaces__rosidl_typesupport_introspection_cpp.so" to ""
[2.601s] -- Installing: /home/ioon/FRA502-LAB-6619/install/lab2_interfaces/lib/liblab2_interfaces__rosidl_typesupport_cpp.so
[2.601s] -- Set runtime path of "/home/ioon/FRA502-LAB-6619/install/lab2_interfaces/lib/liblab2_interfaces__rosidl_typesupport_cpp.so" to ""
[2.601s] -- Installing: /home/ioon/FRA502-LAB-6619/install/lab2_interfaces/share/lab2_interfaces/environment/pythonpath.sh
[2.601s] -- Installing: /home/ioon/FRA502-LAB-6619/install/lab2_interfaces/share/lab2_interfaces/environment/pythonpath.dsv
[2.601s] -- Installing: /home/ioon/FRA502-LAB-6619/install/lab2_interfaces/local/lib/python3.10/dist-packages/lab2_interfaces-0.0.0-py3.10.egg-info
[2.601s] -- Installing: /home/ioon/FRA502-LAB-6619/install/lab2_interfaces/local/lib/python3.10/dist-packages/lab2_interfaces-0.0.0-py3.10.egg-info/PKG-INFO
[2.602s] -- Installing: /home/ioon/FRA502-LAB-6619/install/lab2_interfaces/local/lib/python3.10/dist-packages/lab2_interfaces-0.0.0-py3.10.egg-info/top_level.txt
[2.602s] -- Installing: /home/ioon/FRA502-LAB-6619/install/lab2_interfaces/local/lib/python3.10/dist-packages/lab2_interfaces-0.0.0-py3.10.egg-info/dependency_links.txt
[2.602s] -- Installing: /home/ioon/FRA502-LAB-6619/install/lab2_interfaces/local/lib/python3.10/dist-packages/lab2_interfaces-0.0.0-py3.10.egg-info/SOURCES.txt
[2.602s] -- Installing: /home/ioon/FRA502-LAB-6619/install/lab2_interfaces/local/lib/python3.10/dist-packages/lab2_interfaces
[2.602s] -- Installing: /home/ioon/FRA502-LAB-6619/install/lab2_interfaces/local/lib/python3.10/dist-packages/lab2_interfaces/srv
[2.602s] -- Installing: /home/ioon/FRA502-LAB-6619/install/lab2_interfaces/local/lib/python3.10/dist-packages/lab2_interfaces/srv/_server.py
[2.602s] -- Installing: /home/ioon/FRA502-LAB-6619/install/lab2_interfaces/local/lib/python3.10/dist-packages/lab2_interfaces/srv/__init__.py
[2.603s] -- Installing: /home/ioon/FRA502-LAB-6619/install/lab2_interfaces/local/lib/python3.10/dist-packages/lab2_interfaces/srv/_server_s.c
[2.603s] -- Installing: /home/ioon/FRA502-LAB-6619/install/lab2_interfaces/local/lib/python3.10/dist-packages/lab2_interfaces/lab2_interfaces_s__rosidl_typesupport_c.cpython-310-x86_64-linux-gnu.so
[2.603s] -- Installing: /home/ioon/FRA502-LAB-6619/install/lab2_interfaces/local/lib/python3.10/dist-packages/lab2_interfaces/_lab2_interfaces_s.ep.rosidl_typesupport_fastrtps_c.c
[2.603s] -- Installing: /home/ioon/FRA502-LAB-6619/install/lab2_interfaces/local/lib/python3.10/dist-packages/lab2_interfaces/lab2_interfaces_s__rosidl_typesupport_introspection_c.cpython-310-x86_64-linux-gnu.so
[2.603s] -- Installing: /home/ioon/FRA502-LAB-6619/install/lab2_interfaces/local/lib/python3.10/dist-packages/lab2_interfaces/liblab2_interfaces__rosidl_generator_py.so
[2.603s] -- Installing: /home/ioon/FRA502-LAB-6619/install/lab2_interfaces/local/lib/python3.10/dist-packages/lab2_interfaces/_lab2_interfaces_s.ep.rosidl_typesupport_c.c
[2.603s] -- Installing: /home/ioon/FRA502-LAB-6619/install/lab2_interfaces/local/lib/python3.10/dist-packages/lab2_interfaces/__init__.py
[2.603s] -- Installing: /home/ioon/FRA502-LAB-6619/install/lab2_interfaces/local/lib/python3.10/dist-packages/lab2_interfaces/lab2_interfaces_s__rosidl_typesupport_fastrtps_c.cpython-310-x86_64-linux-gnu.so
[2.603s] -- Installing: /home/ioon/FRA502-LAB-6619/install/lab2_interfaces/local/lib/python3.10/dist-packages/lab2_interfaces/_lab2_interfaces_s.ep.rosidl_typesupport_introspection_c.c
[2.635s] Listing '/home/ioon/FRA502-LAB-6619/install/lab2_interfaces/local/lib/python3.10/dist-packages/lab2_interfaces'...
[2.635s] Compiling '/home/ioon/FRA502-LAB-6619/install/lab2_interfaces/local/lib/python3.10/dist-packages/lab2_interfaces/__init__.py'...
[2.635s] Listing '/home/ioon/FRA502-LAB-6619/install/lab2_interfaces/local/lib/python3.10/dist-packages/lab2_interfaces/srv'...
[2.635s] Compiling '/home/ioon/FRA502-LAB-6619/install/lab2_interfaces/local/lib/python3.10/dist-packages/lab2_interfaces/srv/__init__.py'...
[2.635s] Compiling '/home/ioon/FRA502-LAB-6619/install/lab2_interfaces/local/lib/python3.10/dist-packages/lab2_interfaces/srv/_server.py'...
[2.638s] -- Installing: /home/ioon/FRA502-LAB-6619/install/lab2_interfaces/local/lib/python3.10/dist-packages/lab2_interfaces/lab2_interfaces_s__rosidl_typesupport_fastrtps_c.cpython-310-x86_64-linux-gnu.so
[2.639s] -- Set runtime path of "/home/ioon/FRA502-LAB-6619/install/lab2_interfaces/local/lib/python3.10/dist-packages/lab2_interfaces/lab2_interfaces_s__rosidl_typesupport_fastrtps_c.cpython-310-x86_64-linux-gnu.so" to ""
[2.639s] -- Installing: /home/ioon/FRA502-LAB-6619/install/lab2_interfaces/local/lib/python3.10/dist-packages/lab2_interfaces/lab2_interfaces_s__rosidl_typesupport_introspection_c.cpython-310-x86_64-linux-gnu.so
[2.639s] -- Set runtime path of "/home/ioon/FRA502-LAB-6619/install/lab2_interfaces/local/lib/python3.10/dist-packages/lab2_interfaces/lab2_interfaces_s__rosidl_typesupport_introspection_c.cpython-310-x86_64-linux-gnu.so" to ""
[2.639s] -- Installing: /home/ioon/FRA502-LAB-6619/install/lab2_interfaces/local/lib/python3.10/dist-packages/lab2_interfaces/lab2_interfaces_s__rosidl_typesupport_c.cpython-310-x86_64-linux-gnu.so
[2.640s] -- Set runtime path of "/home/ioon/FRA502-LAB-6619/install/lab2_interfaces/local/lib/python3.10/dist-packages/lab2_interfaces/lab2_interfaces_s__rosidl_typesupport_c.cpython-310-x86_64-linux-gnu.so" to ""
[2.640s] -- Installing: /home/ioon/FRA502-LAB-6619/install/lab2_interfaces/lib/liblab2_interfaces__rosidl_generator_py.so
[2.640s] -- Set runtime path of "/home/ioon/FRA502-LAB-6619/install/lab2_interfaces/lib/liblab2_interfaces__rosidl_generator_py.so" to ""
[2.640s] -- Installing: /home/ioon/FRA502-LAB-6619/install/lab2_interfaces/share/lab2_interfaces/srv/Server.idl
[2.640s] -- Installing: /home/ioon/FRA502-LAB-6619/install/lab2_interfaces/share/lab2_interfaces/srv/Server.srv
[2.641s] -- Installing: /home/ioon/FRA502-LAB-6619/install/lab2_interfaces/share/lab2_interfaces/srv/Server_Request.msg
[2.641s] -- Installing: /home/ioon/FRA502-LAB-6619/install/lab2_interfaces/share/lab2_interfaces/srv/Server_Response.msg
[2.641s] -- Installing: /home/ioon/FRA502-LAB-6619/install/lab2_interfaces/share/ament_index/resource_index/package_run_dependencies/lab2_interfaces
[2.641s] -- Installing: /home/ioon/FRA502-LAB-6619/install/lab2_interfaces/share/ament_index/resource_index/parent_prefix_path/lab2_interfaces
[2.641s] -- Installing: /home/ioon/FRA502-LAB-6619/install/lab2_interfaces/share/lab2_interfaces/environment/ament_prefix_path.sh
[2.641s] -- Installing: /home/ioon/FRA502-LAB-6619/install/lab2_interfaces/share/lab2_interfaces/environment/ament_prefix_path.dsv
[2.641s] -- Installing: /home/ioon/FRA502-LAB-6619/install/lab2_interfaces/share/lab2_interfaces/environment/path.sh
[2.641s] -- Installing: /home/ioon/FRA502-LAB-6619/install/lab2_interfaces/share/lab2_interfaces/environment/path.dsv
[2.641s] -- Installing: /home/ioon/FRA502-LAB-6619/install/lab2_interfaces/share/lab2_interfaces/local_setup.bash
[2.641s] -- Installing: /home/ioon/FRA502-LAB-6619/install/lab2_interfaces/share/lab2_interfaces/local_setup.sh
[2.642s] -- Installing: /home/ioon/FRA502-LAB-6619/install/lab2_interfaces/share/lab2_interfaces/local_setup.zsh
[2.642s] -- Installing: /home/ioon/FRA502-LAB-6619/install/lab2_interfaces/share/lab2_interfaces/local_setup.dsv
[2.642s] -- Installing: /home/ioon/FRA502-LAB-6619/install/lab2_interfaces/share/lab2_interfaces/package.dsv
[2.642s] -- Installing: /home/ioon/FRA502-LAB-6619/install/lab2_interfaces/share/ament_index/resource_index/packages/lab2_interfaces
[2.642s] -- Installing: /home/ioon/FRA502-LAB-6619/install/lab2_interfaces/share/lab2_interfaces/cmake/export_lab2_interfaces__rosidl_generator_cExport.cmake
[2.642s] -- Installing: /home/ioon/FRA502-LAB-6619/install/lab2_interfaces/share/lab2_interfaces/cmake/export_lab2_interfaces__rosidl_generator_cExport-noconfig.cmake
[2.642s] -- Installing: /home/ioon/FRA502-LAB-6619/install/lab2_interfaces/share/lab2_interfaces/cmake/export_lab2_interfaces__rosidl_typesupport_fastrtps_cExport.cmake
[2.642s] -- Installing: /home/ioon/FRA502-LAB-6619/install/lab2_interfaces/share/lab2_interfaces/cmake/export_lab2_interfaces__rosidl_typesupport_fastrtps_cExport-noconfig.cmake
[2.643s] -- Installing: /home/ioon/FRA502-LAB-6619/install/lab2_interfaces/share/lab2_interfaces/cmake/export_lab2_interfaces__rosidl_generator_cppExport.cmake
[2.643s] -- Installing: /home/ioon/FRA502-LAB-6619/install/lab2_interfaces/share/lab2_interfaces/cmake/export_lab2_interfaces__rosidl_typesupport_fastrtps_cppExport.cmake
[2.643s] -- Installing: /home/ioon/FRA502-LAB-6619/install/lab2_interfaces/share/lab2_interfaces/cmake/export_lab2_interfaces__rosidl_typesupport_fastrtps_cppExport-noconfig.cmake
[2.643s] -- Installing: /home/ioon/FRA502-LAB-6619/install/lab2_interfaces/share/lab2_interfaces/cmake/lab2_interfaces__rosidl_typesupport_introspection_cExport.cmake
[2.643s] -- Installing: /home/ioon/FRA502-LAB-6619/install/lab2_interfaces/share/lab2_interfaces/cmake/lab2_interfaces__rosidl_typesupport_introspection_cExport-noconfig.cmake
[2.643s] -- Installing: /home/ioon/FRA502-LAB-6619/install/lab2_interfaces/share/lab2_interfaces/cmake/lab2_interfaces__rosidl_typesupport_cExport.cmake
[2.643s] -- Installing: /home/ioon/FRA502-LAB-6619/install/lab2_interfaces/share/lab2_interfaces/cmake/lab2_interfaces__rosidl_typesupport_cExport-noconfig.cmake
[2.643s] -- Installing: /home/ioon/FRA502-LAB-6619/install/lab2_interfaces/share/lab2_interfaces/cmake/lab2_interfaces__rosidl_typesupport_introspection_cppExport.cmake
[2.644s] -- Installing: /home/ioon/FRA502-LAB-6619/install/lab2_interfaces/share/lab2_interfaces/cmake/lab2_interfaces__rosidl_typesupport_introspection_cppExport-noconfig.cmake
[2.644s] -- Installing: /home/ioon/FRA502-LAB-6619/install/lab2_interfaces/share/lab2_interfaces/cmake/lab2_interfaces__rosidl_typesupport_cppExport.cmake
[2.644s] -- Installing: /home/ioon/FRA502-LAB-6619/install/lab2_interfaces/share/lab2_interfaces/cmake/lab2_interfaces__rosidl_typesupport_cppExport-noconfig.cmake
[2.644s] -- Installing: /home/ioon/FRA502-LAB-6619/install/lab2_interfaces/share/lab2_interfaces/cmake/export_lab2_interfaces__rosidl_generator_pyExport.cmake
[2.644s] -- Installing: /home/ioon/FRA502-LAB-6619/install/lab2_interfaces/share/lab2_interfaces/cmake/export_lab2_interfaces__rosidl_generator_pyExport-noconfig.cmake
[2.644s] -- Installing: /home/ioon/FRA502-LAB-6619/install/lab2_interfaces/share/lab2_interfaces/cmake/rosidl_cmake-extras.cmake
[2.644s] -- Installing: /home/ioon/FRA502-LAB-6619/install/lab2_interfaces/share/lab2_interfaces/cmake/ament_cmake_export_dependencies-extras.cmake
[2.644s] -- Installing: /home/ioon/FRA502-LAB-6619/install/lab2_interfaces/share/lab2_interfaces/cmake/ament_cmake_export_include_directories-extras.cmake
[2.644s] -- Installing: /home/ioon/FRA502-LAB-6619/install/lab2_interfaces/share/lab2_interfaces/cmake/ament_cmake_export_libraries-extras.cmake
[2.645s] -- Installing: /home/ioon/FRA502-LAB-6619/install/lab2_interfaces/share/lab2_interfaces/cmake/ament_cmake_export_targets-extras.cmake
[2.645s] -- Installing: /home/ioon/FRA502-LAB-6619/install/lab2_interfaces/share/lab2_interfaces/cmake/rosidl_cmake_export_typesupport_targets-extras.cmake
[2.645s] -- Installing: /home/ioon/FRA502-LAB-6619/install/lab2_interfaces/share/lab2_interfaces/cmake/rosidl_cmake_export_typesupport_libraries-extras.cmake
[2.645s] -- Installing: /home/ioon/FRA502-LAB-6619/install/lab2_interfaces/share/lab2_interfaces/cmake/lab2_interfacesConfig.cmake
[2.645s] -- Installing: /home/ioon/FRA502-LAB-6619/install/lab2_interfaces/share/lab2_interfaces/cmake/lab2_interfacesConfig-version.cmake
[2.645s] -- Installing: /home/ioon/FRA502-LAB-6619/install/lab2_interfaces/share/lab2_interfaces/package.xml
[2.648s] Invoked command in '/home/ioon/FRA502-LAB-6619/build/lab2_interfaces' returned '0': CMAKE_PREFIX_PATH=${CMAKE_PREFIX_PATH}:/home/ioon/ros2_ws/install/launch_testing_examples:/home/ioon/ros2_ws/install/joystick:/home/ioon/ros2_ws/install/examples_rclpy_pointcloud_publisher:/home/ioon/ros2_ws/install/examples_rclpy_minimal_subscriber:/home/ioon/ros2_ws/install/examples_rclpy_minimal_service:/home/ioon/ros2_ws/install/examples_rclpy_minimal_publisher:/home/ioon/ros2_ws/install/examples_rclpy_minimal_client:/home/ioon/ros2_ws/install/examples_rclpy_minimal_action_server:/home/ioon/ros2_ws/install/examples_rclpy_minimal_action_client:/home/ioon/ros2_ws/install/examples_rclpy_guard_conditions:/home/ioon/ros2_ws/install/examples_rclpy_executors:/opt/ros/humble /usr/bin/cmake --install /home/ioon/FRA502-LAB-6619/build/lab2_interfaces
